 FOC_CURRENTLOOP_DOUBLE_cgxe

 Timestamp is 69df3805 (Wed Apr 15 15:02:29 2026)

 Preferred load address is 0000000180000000

 Start         Length     Name                   Class
 0001:00000000 0000da60H .text$mn                CODE
 0001:0000da60 00000036H .text$mn$00             CODE
 0001:0000da96 00000092H .text$x                 CODE
 0002:00000000 000002c0H .idata$5                DATA
 0002:000002c0 00000038H .00cfg                  DATA
 0002:000002f8 00000008H .CRT$XCA                DATA
 0002:00000300 00000008H .CRT$XCZ                DATA
 0002:00000308 00000008H .CRT$XIA                DATA
 0002:00000310 00000008H .CRT$XIZ                DATA
 0002:00000318 00000008H .CRT$XPA                DATA
 0002:00000320 00000008H .CRT$XPZ                DATA
 0002:00000328 00000008H .CRT$XTA                DATA
 0002:00000330 00000010H .CRT$XTZ                DATA
 0002:00000338 00000000H .gehcont$y              DATA
 0002:00000338 00000000H .gfids$y                DATA
 0002:00000340 00000240H .rdata                  DATA
 0002:00000580 00000080H .rdata$CastGuardVftablesA DATA
 0002:00000600 00000080H .rdata$CastGuardVftablesC DATA
 0002:00000680 00000158H .rdata$voltmd           DATA
 0002:000007d8 00000278H .rdata$zzzdbg           DATA
 0002:00000a50 00000008H .rtc$IAA                DATA
 0002:00000a58 00000008H .rtc$IZZ                DATA
 0002:00000a60 00000008H .rtc$TAA                DATA
 0002:00000a68 00000008H .rtc$TZZ                DATA
 0002:00000a70 00000a50H .xdata                  DATA
 0002:000014c0 00000088H .edata                  DATA
 0002:00001548 000000c8H .idata$2                DATA
 0002:00001610 00000018H .idata$3                DATA
 0002:00001628 000002c0H .idata$4                DATA
 0002:000018e8 000007dcH .idata$6                DATA
 0003:00000000 00002700H .data                   DATA
 0003:00002700 00000620H .bss                    DATA
 0004:00000000 00000cc0H .pdata                  DATA

  Address         Publics by Value              Rva+Base               Lib:Object

 0000:00000000       __AbsoluteZero             0000000000000000     <absolute>
 0000:00000000       ___safe_se_handler_count   0000000000000000     <absolute>
 0000:00000000       ___safe_se_handler_table   0000000000000000     <absolute>
 0000:00000000       __arm64x_extra_rfe_table   0000000000000000     <absolute>
 0000:00000000       __arm64x_extra_rfe_table_size 0000000000000000     <absolute>
 0000:00000000       __arm64x_native_entrypoint 0000000000000000     <absolute>
 0000:00000000       __arm64x_redirection_metadata 0000000000000000     <absolute>
 0000:00000000       __arm64x_redirection_metadata_count 0000000000000000     <absolute>
 0000:00000000       __dynamic_value_reloc_table 0000000000000000     <absolute>
 0000:00000000       __enclave_config           0000000000000000     <absolute>
 0000:00000000       __guard_check_icall_a64n_fptr 0000000000000000     <absolute>
 0000:00000000       __guard_eh_cont_count      0000000000000000     <absolute>
 0000:00000000       __guard_eh_cont_table      0000000000000000     <absolute>
 0000:00000000       __guard_fids_count         0000000000000000     <absolute>
 0000:00000000       __guard_fids_table         0000000000000000     <absolute>
 0000:00000000       __guard_iat_count          0000000000000000     <absolute>
 0000:00000000       __guard_iat_table          0000000000000000     <absolute>
 0000:00000000       __guard_longjmp_count      0000000000000000     <absolute>
 0000:00000000       __guard_longjmp_table      0000000000000000     <absolute>
 0000:00000000       __hybrid_auxiliary_delayload_iat 0000000000000000     <absolute>
 0000:00000000       __hybrid_auxiliary_delayload_iat_copy 0000000000000000     <absolute>
 0000:00000000       __hybrid_auxiliary_iat     0000000000000000     <absolute>
 0000:00000000       __hybrid_auxiliary_iat_copy 0000000000000000     <absolute>
 0000:00000000       __hybrid_code_map          0000000000000000     <absolute>
 0000:00000000       __hybrid_code_map_count    0000000000000000     <absolute>
 0000:00000000       __hybrid_image_info_bitfield 0000000000000000     <absolute>
 0000:00000000       __x64_code_ranges_to_entry_points 0000000000000000     <absolute>
 0000:00000000       __x64_code_ranges_to_entry_points_count 0000000000000000     <absolute>
 0000:00000100       __guard_flags              0000000000000100     <absolute>
 0000:00000000       __ImageBase                0000000180000000     <linker-defined>
 0001:00000000       mexfilerequiredapiversion  0000000180001000 f   c_mexapi_version.obj
 0001:00000030       cgxe_FOC_CURRENTLOOP_DOUBLE_method_dispatcher 0000000180001030 f   FOC_CURRENTLOOP_DOUBLE_cgxe.obj
 0001:000003b0       method_dispatcher_unweDRdyki1td8msJpm6 00000001800013b0 f   m_unweDRdyki1td8msJpm6.obj
 0001:00000890       cgxe_unweDRdyki1td8msJpm6_BuildInfoUpdate 0000000180001890 f   m_unweDRdyki1td8msJpm6.obj
 0001:00000950       cgxe_unweDRdyki1td8msJpm6_fallback_info 0000000180001950 f   m_unweDRdyki1td8msJpm6.obj
 0001:000009f0       method_dispatcher_PasACjSZhuUltCNKsbQw 00000001800019f0 f   m_PasACjSZhuUltCNKsbQw.obj
 0001:00000fc0       cgxe_PasACjSZhuUltCNKsbQw_BuildInfoUpdate 0000000180001fc0 f   m_PasACjSZhuUltCNKsbQw.obj
 0001:00001080       cgxe_PasACjSZhuUltCNKsbQw_fallback_info 0000000180002080 f   m_PasACjSZhuUltCNKsbQw.obj
 0001:00001120       method_dispatcher_wGa0Z4renqqLwHYDYhFKy 0000000180002120 f   m_wGa0Z4renqqLwHYDYhFKy.obj
 0001:00001610       cgxe_wGa0Z4renqqLwHYDYhFKy_BuildInfoUpdate 0000000180002610 f   m_wGa0Z4renqqLwHYDYhFKy.obj
 0001:000016d0       cgxe_wGa0Z4renqqLwHYDYhFKy_fallback_info 00000001800026d0 f   m_wGa0Z4renqqLwHYDYhFKy.obj
 0001:00001770       method_dispatcher_MaDgHuWbHkqTxwPW63XgKE 0000000180002770 f   m_MaDgHuWbHkqTxwPW63XgKE.obj
 0001:00001c30       cgxe_MaDgHuWbHkqTxwPW63XgKE_BuildInfoUpdate 0000000180002c30 f   m_MaDgHuWbHkqTxwPW63XgKE.obj
 0001:00001cf0       cgxe_MaDgHuWbHkqTxwPW63XgKE_fallback_info 0000000180002cf0 f   m_MaDgHuWbHkqTxwPW63XgKE.obj
 0001:00001d90       method_dispatcher_gsM9JXgEcsMzVGyPy5QdUF 0000000180002d90 f   m_gsM9JXgEcsMzVGyPy5QdUF.obj
 0001:00002250       cgxe_gsM9JXgEcsMzVGyPy5QdUF_BuildInfoUpdate 0000000180003250 f   m_gsM9JXgEcsMzVGyPy5QdUF.obj
 0001:00002310       cgxe_gsM9JXgEcsMzVGyPy5QdUF_fallback_info 0000000180003310 f   m_gsM9JXgEcsMzVGyPy5QdUF.obj
 0001:000023b0       method_dispatcher_MOLC88wviLzdgeX5uzlQBF 00000001800033b0 f   m_MOLC88wviLzdgeX5uzlQBF.obj
 0001:00002840       cgxe_MOLC88wviLzdgeX5uzlQBF_BuildInfoUpdate 0000000180003840 f   m_MOLC88wviLzdgeX5uzlQBF.obj
 0001:00002900       cgxe_MOLC88wviLzdgeX5uzlQBF_fallback_info 0000000180003900 f   m_MOLC88wviLzdgeX5uzlQBF.obj
 0001:000029a0       method_dispatcher_e803lbbESFMDFf0YXqjAcG 00000001800039a0 f   m_e803lbbESFMDFf0YXqjAcG.obj
 0001:00002e80       cgxe_e803lbbESFMDFf0YXqjAcG_BuildInfoUpdate 0000000180003e80 f   m_e803lbbESFMDFf0YXqjAcG.obj
 0001:00002f40       cgxe_e803lbbESFMDFf0YXqjAcG_fallback_info 0000000180003f40 f   m_e803lbbESFMDFf0YXqjAcG.obj
 0001:00002fe0       mexFunction                0000000180003fe0 f   FOC_CURRENTLOOP_DOUBLE_cgxe_registry.obj
 0001:00004ea0       _ssSetInputPortDirectFeedThroughFcn 0000000180005ea0 f   FOC_CURRENTLOOP_DOUBLE_cgxe_registry.obj
 0001:00005010       _ssSetRWorkValueFcn        0000000180006010 f   FOC_CURRENTLOOP_DOUBLE_cgxe_registry.obj
 0001:00005090       _ssGetRWorkValueFcn        0000000180006090 f   FOC_CURRENTLOOP_DOUBLE_cgxe_registry.obj
 0001:00005100       _ssSetIWorkValueFcn        0000000180006100 f   FOC_CURRENTLOOP_DOUBLE_cgxe_registry.obj
 0001:00005180       _ssGetIWorkValueFcn        0000000180006180 f   FOC_CURRENTLOOP_DOUBLE_cgxe_registry.obj
 0001:000051f0       _ssSetPWorkValueFcn        00000001800061f0 f   FOC_CURRENTLOOP_DOUBLE_cgxe_registry.obj
 0001:00005270       _ssGetPWorkValueFcn        0000000180006270 f   FOC_CURRENTLOOP_DOUBLE_cgxe_registry.obj
 0001:000052e0       _ssGetInputPortSignalFcn   00000001800062e0 f   FOC_CURRENTLOOP_DOUBLE_cgxe_registry.obj
 0001:00005670       _ssGetInputPortBufferDstPortFcn 0000000180006670 f   FOC_CURRENTLOOP_DOUBLE_cgxe_registry.obj
 0001:000056f0       _ssGetInputPortSignalPtrsFcn 00000001800066f0 f   FOC_CURRENTLOOP_DOUBLE_cgxe_registry.obj
 0001:00005a80       ssGetParameterTuningCompliance 0000000180006a80 f   FOC_CURRENTLOOP_DOUBLE_cgxe_registry.obj
 0001:00005af0       _ssReadInputStringFcn      0000000180006af0 f   FOC_CURRENTLOOP_DOUBLE_cgxe_registry.obj
 0001:00005b60       ssGetDTypeIdFromMxArray    0000000180006b60 f   FOC_CURRENTLOOP_DOUBLE_cgxe_registry.obj
 0001:00005c80       ssWriteRTWMx2dMatParam     0000000180006c80 f   FOC_CURRENTLOOP_DOUBLE_cgxe_registry.obj
 0001:00005d10       ssWriteRTWMxVectParam      0000000180006d10 f   FOC_CURRENTLOOP_DOUBLE_cgxe_registry.obj
 0001:00005d90       ssWriteRTWParameters       0000000180006d90 f   FOC_CURRENTLOOP_DOUBLE_cgxe_registry.obj
 0001:00006350       ssWriteRTWParamSettings    0000000180007350 f   FOC_CURRENTLOOP_DOUBLE_cgxe_registry.obj
 0001:00006a40       ssWriteRTWStr              0000000180007a40 f   FOC_CURRENTLOOP_DOUBLE_cgxe_registry.obj
 0001:00006aa0       ssWriteRTWWorkVect         0000000180007aa0 f   FOC_CURRENTLOOP_DOUBLE_cgxe_registry.obj
 0001:00007000       ssWarning                  0000000180008000 f   FOC_CURRENTLOOP_DOUBLE_cgxe_registry.obj
 0001:000070f0       ssGetRootSS                00000001800080f0 f   FOC_CURRENTLOOP_DOUBLE_cgxe_registry.obj
 0001:000071b0       ssGetParentSS              00000001800081b0 f   FOC_CURRENTLOOP_DOUBLE_cgxe_registry.obj
 0001:00007270       ssWriteRTWNameValuePair    0000000180008270 f   FOC_CURRENTLOOP_DOUBLE_cgxe_registry.obj
 0001:00007770       _ssSetInputPortMatrixDimensions 0000000180008770 f   FOC_CURRENTLOOP_DOUBLE_cgxe_registry.obj
 0001:000078c0       _ssSetOutputPortMatrixDimensions 00000001800088c0 f   FOC_CURRENTLOOP_DOUBLE_cgxe_registry.obj
 0001:00007a10       _ssSetInputPortVectorDimension 0000000180008a10 f   FOC_CURRENTLOOP_DOUBLE_cgxe_registry.obj
 0001:00007ac0       _ssSetOutputPortVectorDimension 0000000180008ac0 f   FOC_CURRENTLOOP_DOUBLE_cgxe_registry.obj
 0001:00007b70       ssIsRunTimeParamTunable    0000000180008b70 f   FOC_CURRENTLOOP_DOUBLE_cgxe_registry.obj
 0001:00007be0       ssGetSFuncBlockHandle      0000000180008be0 f   FOC_CURRENTLOOP_DOUBLE_cgxe_registry.obj
 0001:00007c50       _ssGetCallSystemNumFcnCallDestinations 0000000180008c50 f   FOC_CURRENTLOOP_DOUBLE_cgxe_registry.obj
 0001:00007cc0       _ssGetCurrentInputPortWidth 0000000180008cc0 f   FOC_CURRENTLOOP_DOUBLE_cgxe_registry.obj
 0001:00007e00       _ssGetCurrentOutputPortWidth 0000000180008e00 f   FOC_CURRENTLOOP_DOUBLE_cgxe_registry.obj
 0001:00007f40       ssGetIsZeroCrossControlDisabled 0000000180008f40 f   FOC_CURRENTLOOP_DOUBLE_cgxe_registry.obj
 0001:00007fb0       ssSetIsInputPortUsedForContZcSignal 0000000180008fb0 f   FOC_CURRENTLOOP_DOUBLE_cgxe_registry.obj
 0001:00008020       ssSetZcSignalIsZcElementDisc 0000000180009020 f   FOC_CURRENTLOOP_DOUBLE_cgxe_registry.obj
 0001:000080d0       ssSetZcSignalName          00000001800090d0 f   FOC_CURRENTLOOP_DOUBLE_cgxe_registry.obj
 0001:00008140       ssSetZcSignalWidth         0000000180009140 f   FOC_CURRENTLOOP_DOUBLE_cgxe_registry.obj
 0001:000081b0       ssSetZcSignalZcEventType   00000001800091b0 f   FOC_CURRENTLOOP_DOUBLE_cgxe_registry.obj
 0001:00008220       ssSetZcSignalType          0000000180009220 f   FOC_CURRENTLOOP_DOUBLE_cgxe_registry.obj
 0001:00008290       ssSetZcSignalZcTol         0000000180009290 f   FOC_CURRENTLOOP_DOUBLE_cgxe_registry.obj
 0001:00008300       ssSetZcSignalNeedsEventNotification 0000000180009300 f   FOC_CURRENTLOOP_DOUBLE_cgxe_registry.obj
 0001:00008370       ssCreateAndAddZcSignalInfo 0000000180009370 f   FOC_CURRENTLOOP_DOUBLE_cgxe_registry.obj
 0001:000083e0       ssCloneAndAddZcSignalInfo  00000001800093e0 f   FOC_CURRENTLOOP_DOUBLE_cgxe_registry.obj
 0001:00008450       ssGetNumZcSignals          0000000180009450 f   FOC_CURRENTLOOP_DOUBLE_cgxe_registry.obj
 0001:000084c0       ssGetZcSignalVector        00000001800094c0 f   FOC_CURRENTLOOP_DOUBLE_cgxe_registry.obj
 0001:00008530       ssGetZcSignalName          0000000180009530 f   FOC_CURRENTLOOP_DOUBLE_cgxe_registry.obj
 0001:000085a0       ssGetZcSignalWidth         00000001800095a0 f   FOC_CURRENTLOOP_DOUBLE_cgxe_registry.obj
 0001:00008610       ssGetZcSignalZcEventType   0000000180009610 f   FOC_CURRENTLOOP_DOUBLE_cgxe_registry.obj
 0001:00008680       ssGetZcSignalZcEvents      0000000180009680 f   FOC_CURRENTLOOP_DOUBLE_cgxe_registry.obj
 0001:000086f0       ssGetZcSignalType          00000001800096f0 f   FOC_CURRENTLOOP_DOUBLE_cgxe_registry.obj
 0001:00008760       ssGetZcSignalZcTol         0000000180009760 f   FOC_CURRENTLOOP_DOUBLE_cgxe_registry.obj
 0001:000087e0       ssGetZcSignalNeedsEventNotification 00000001800097e0 f   FOC_CURRENTLOOP_DOUBLE_cgxe_registry.obj
 0001:00008850       ssGetZcSignalIsZcElementDisc 0000000180009850 f   FOC_CURRENTLOOP_DOUBLE_cgxe_registry.obj
 0001:000088f0       ssGetIsInputPortElementContinuous 00000001800098f0 f   FOC_CURRENTLOOP_DOUBLE_cgxe_registry.obj
 0001:00008990       _ssGetAbsTol               0000000180009990 f   FOC_CURRENTLOOP_DOUBLE_cgxe_registry.obj
 0001:00008a00       _ssSetStateAbsTol          0000000180009a00 f   FOC_CURRENTLOOP_DOUBLE_cgxe_registry.obj
 0001:00008ae0       _ssSetInputPortReusableFcn 0000000180009ae0 f   FOC_CURRENTLOOP_DOUBLE_cgxe_registry.obj
 0001:00008be0       _ssSetOutputPortReusableFcn 0000000180009be0 f   FOC_CURRENTLOOP_DOUBLE_cgxe_registry.obj
 0001:00008ce0       _ssSetSymbolicDimsSupport  0000000180009ce0 f   FOC_CURRENTLOOP_DOUBLE_cgxe_registry.obj
 0001:00008d50       _ssRegisterSymbolicDimsExpr 0000000180009d50 f   FOC_CURRENTLOOP_DOUBLE_cgxe_registry.obj
 0001:00008dd0       _ssRegisterSymbolicDimsMATLABExpr 0000000180009dd0 f   FOC_CURRENTLOOP_DOUBLE_cgxe_registry.obj
 0001:00008e60       _ssRegisterSymbolicDims    0000000180009e60 f   FOC_CURRENTLOOP_DOUBLE_cgxe_registry.obj
 0001:00008f00       _ssRegisterSymbolicDimsString 0000000180009f00 f   FOC_CURRENTLOOP_DOUBLE_cgxe_registry.obj
 0001:00008f80       _ssRegisterSymbolicDimsIntValue 0000000180009f80 f   FOC_CURRENTLOOP_DOUBLE_cgxe_registry.obj
 0001:00008ff0       _ssRegisterSymbolicEqualRelation 0000000180009ff0 f   FOC_CURRENTLOOP_DOUBLE_cgxe_registry.obj
 0001:00009060       _ssRegisterSymbolicEqualValue 000000018000a060 f   FOC_CURRENTLOOP_DOUBLE_cgxe_registry.obj
 0001:000090d0       _ssAmendLeadingSymbolicDims 000000018000a0d0 f   FOC_CURRENTLOOP_DOUBLE_cgxe_registry.obj
 0001:00009150       _ssAmendTrailingSymbolicDims 000000018000a150 f   FOC_CURRENTLOOP_DOUBLE_cgxe_registry.obj
 0001:000091d0       _ssRegisterSymbolicDimsPlus 000000018000a1d0 f   FOC_CURRENTLOOP_DOUBLE_cgxe_registry.obj
 0001:00009250       _ssRegisterSymbolicDimsMinus 000000018000a250 f   FOC_CURRENTLOOP_DOUBLE_cgxe_registry.obj
 0001:000092d0       _ssRegisterSymbolicDimsMultiply 000000018000a2d0 f   FOC_CURRENTLOOP_DOUBLE_cgxe_registry.obj
 0001:00009350       _ssRegisterSymbolicDimsDivide 000000018000a350 f   FOC_CURRENTLOOP_DOUBLE_cgxe_registry.obj
 0001:000093d0       _ssGetNumSymbolicDims      000000018000a3d0 f   FOC_CURRENTLOOP_DOUBLE_cgxe_registry.obj
 0001:00009440       _ssGetSymbolicDim          000000018000a440 f   FOC_CURRENTLOOP_DOUBLE_cgxe_registry.obj
 0001:000094c0       _ssSetInputPortSymbolicDimsId 000000018000a4c0 f   FOC_CURRENTLOOP_DOUBLE_cgxe_registry.obj
 0001:00009530       _ssGetCompInputPortSymbolicDimsId 000000018000a530 f   FOC_CURRENTLOOP_DOUBLE_cgxe_registry.obj
 0001:000095a0       _ssSetCompInputPortSymbolicDimsId 000000018000a5a0 f   FOC_CURRENTLOOP_DOUBLE_cgxe_registry.obj
 0001:00009610       _ssSetOutputPortSymbolicDimsId 000000018000a610 f   FOC_CURRENTLOOP_DOUBLE_cgxe_registry.obj
 0001:00009680       _ssGetCompOutputPortSymbolicDimsId 000000018000a680 f   FOC_CURRENTLOOP_DOUBLE_cgxe_registry.obj
 0001:000096f0       _ssSetCompOutputPortSymbolicDimsId 000000018000a6f0 f   FOC_CURRENTLOOP_DOUBLE_cgxe_registry.obj
 0001:00009760       _ssGetDWorkSymbolicDimsId  000000018000a760 f   FOC_CURRENTLOOP_DOUBLE_cgxe_registry.obj
 0001:000097d0       _ssSetDWorkSymbolicDimsId  000000018000a7d0 f   FOC_CURRENTLOOP_DOUBLE_cgxe_registry.obj
 0001:00009840       _ssGetCompDWorkSymbolicDimsId 000000018000a840 f   FOC_CURRENTLOOP_DOUBLE_cgxe_registry.obj
 0001:000098b0       _ssSetCompDWorkSymbolicDimsId 000000018000a8b0 f   FOC_CURRENTLOOP_DOUBLE_cgxe_registry.obj
 0001:00009920       _ssCreateSLCGStringBuffer  000000018000a920 f   FOC_CURRENTLOOP_DOUBLE_cgxe_registry.obj
 0001:00009990       _ssAddToSLCGStringBuffer   000000018000a990 f   FOC_CURRENTLOOP_DOUBLE_cgxe_registry.obj
 0001:00009a00       _ssGetPointerContainedData 000000018000aa00 f   FOC_CURRENTLOOP_DOUBLE_cgxe_registry.obj
 0001:00009a90       _ssGetPointerContainedDataWidth 000000018000aa90 f   FOC_CURRENTLOOP_DOUBLE_cgxe_registry.obj
 0001:00009b20       _ssRegisterDynamicArrayDataTypeFcn 000000018000ab20 f   FOC_CURRENTLOOP_DOUBLE_cgxe_registry.obj
 0001:00009bc0       _ssGetDynamicArrayContainedDataCurrentWidthFcn 000000018000abc0 f   FOC_CURRENTLOOP_DOUBLE_cgxe_registry.obj
 0001:00009c90       _ssGetDynamicArrayContainedDataFcn 000000018000ac90 f   FOC_CURRENTLOOP_DOUBLE_cgxe_registry.obj
 0001:00009d60       _ssGetInputPortDynamicArrayDataFcn 000000018000ad60 f   FOC_CURRENTLOOP_DOUBLE_cgxe_registry.obj
 0001:00009e20       _ssGetOutputPortDynamicArrayDataFcn 000000018000ae20 f   FOC_CURRENTLOOP_DOUBLE_cgxe_registry.obj
 0001:00009ee0       _ssGetInputPortDynamicArrayContainedDataFcn 000000018000aee0 f   FOC_CURRENTLOOP_DOUBLE_cgxe_registry.obj
 0001:00009fa0       _ssGetOutputPortDynamicArrayContainedDataFcn 000000018000afa0 f   FOC_CURRENTLOOP_DOUBLE_cgxe_registry.obj
 0001:0000a060       _ssGetDynamicArrayDWorkContainedDataFcn 000000018000b060 f   FOC_CURRENTLOOP_DOUBLE_cgxe_registry.obj
 0001:0000c1b0       __local_stdio_printf_options 000000018000d1b0 f i FOC_CURRENTLOOP_DOUBLE_cgxe_registry.obj
 0001:0000c1c0       _vsnprintf_l               000000018000d1c0 f i FOC_CURRENTLOOP_DOUBLE_cgxe_registry.obj
 0001:0000c240       _vsprintf_l                000000018000d240 f i FOC_CURRENTLOOP_DOUBLE_cgxe_registry.obj
 0001:0000c290       sprintf                    000000018000d290 f i FOC_CURRENTLOOP_DOUBLE_cgxe_registry.obj
 0001:0000c2df       mxGetPr_800                000000018000d2df f   libmx:libmx.dll
 0001:0000c2e5       mxSetCell_800              000000018000d2e5 f   libmx:libmx.dll
 0001:0000c2eb       mxSetFieldByNumber_800     000000018000d2eb f   libmx:libmx.dll
 0001:0000c2f1       mxCreateDoubleMatrix_800   000000018000d2f1 f   libmx:libmx.dll
 0001:0000c2f7       mxCreateString_800         000000018000d2f7 f   libmx:libmx.dll
 0001:0000c2fd       mxCreateCellMatrix_800     000000018000d2fd f   libmx:libmx.dll
 0001:0000c303       mxCreateStructMatrix_800   000000018000d303 f   libmx:libmx.dll
 0001:0000c309       mxCalloc_800               000000018000d309 f   libmx:libmx.dll
 0001:0000c30f       mxGetM_800                 000000018000d30f f   libmx:libmx.dll
 0001:0000c315       mxGetClassID_800           000000018000d315 f   libmx:libmx.dll
 0001:0000c31b       mxGetData_800              000000018000d31b f   libmx:libmx.dll
 0001:0000c321       mxIsNumeric_800            000000018000d321 f   libmx:libmx.dll
 0001:0000c327       mxIsChar_800               000000018000d327 f   libmx:libmx.dll
 0001:0000c32d       mxIsComplex_800            000000018000d32d f   libmx:libmx.dll
 0001:0000c333       mxGetN_800                 000000018000d333 f   libmx:libmx.dll
 0001:0000c339       mxSetField_800             000000018000d339 f   libmx:libmx.dll
 0001:0000c33f       mxCreateNumericMatrix_800  000000018000d33f f   libmx:libmx.dll
 0001:0000c345       mxCreateDoubleScalar_800   000000018000d345 f   libmx:libmx.dll
 0001:0000c34b       mxGetString_800            000000018000d34b f   libmx:libmx.dll
 0001:0000c351       mexWarnMsgTxt_800          000000018000d351 f   libmex:libmex.dll
 0001:0000c357       mexPrintf_800              000000018000d357 f   libmex:libmex.dll
 0001:0000c35d       mexCallMATLAB_800          000000018000d35d f   libmex:libmex.dll
 0001:0000c363       mexUnlock_800              000000018000d363 f   libmex:libmex.dll
 0001:0000c369       mexIsLocked_800            000000018000d369 f   libmex:libmex.dll
 0001:0000c36f       cgxertGetInputPortSignal   000000018000d36f f   libmwcgxert:libmwcgxert.dll
 0001:0000c375       cgxertGetOutputPortSignal  000000018000d375 f   libmwcgxert:libmwcgxert.dll
 0001:0000c37b       cgxertSetSimStateCompliance 000000018000d37b f   libmwcgxert:libmwcgxert.dll
 0001:0000c381       cgxertGetRuntimeInstance   000000018000d381 f   libmwcgxert:libmwcgxert.dll
 0001:0000c387       cgxertSetRuntimeInstance   000000018000d387 f   libmwcgxert:libmwcgxert.dll
 0001:0000c38d       cgxertGetEMLRTCtx          000000018000d38d f   libmwcgxert:libmwcgxert.dll
 0001:0000c393       ParkTransform_uQ4LZkjVPWhiGNFOCSwL0 000000018000d393 f   uQ4LZkjVPWhiGNFOCSwL0_cclib:uQ4LZkjVPWhiGNFOCSwL0_cclib.dll
 0001:0000c399       CurrentLoopDQ_uQ4LZkjVPWhiGNFOCSwL0 000000018000d399 f   uQ4LZkjVPWhiGNFOCSwL0_cclib:uQ4LZkjVPWhiGNFOCSwL0_cclib.dll
 0001:0000c39f       SVPWM_CalcDutyCycle_uQ4LZkjVPWhiGNFOCSwL0 000000018000d39f f   uQ4LZkjVPWhiGNFOCSwL0_cclib:uQ4LZkjVPWhiGNFOCSwL0_cclib.dll
 0001:0000c3a5       ClarkeTransform_uQ4LZkjVPWhiGNFOCSwL0 000000018000d3a5 f   uQ4LZkjVPWhiGNFOCSwL0_cclib:uQ4LZkjVPWhiGNFOCSwL0_cclib.dll
 0001:0000c3ab       InverseClarkeTransform_uQ4LZkjVPWhiGNFOCSwL0 000000018000d3ab f   uQ4LZkjVPWhiGNFOCSwL0_cclib:uQ4LZkjVPWhiGNFOCSwL0_cclib.dll
 0001:0000c3b1       CalcZeroSequenceVoltage_uQ4LZkjVPWhiGNFOCSwL0 000000018000d3b1 f   uQ4LZkjVPWhiGNFOCSwL0_cclib:uQ4LZkjVPWhiGNFOCSwL0_cclib.dll
 0001:0000c3b7       InverseParkTransform_uQ4LZkjVPWhiGNFOCSwL0 000000018000d3b7 f   uQ4LZkjVPWhiGNFOCSwL0_cclib:uQ4LZkjVPWhiGNFOCSwL0_cclib.dll
 0001:0000c3c0       __GSHandlerCheck           000000018000d3c0 f   MSVCRT:gshandler.obj
 0001:0000c3e0       __GSHandlerCheckCommon     000000018000d3e0 f   MSVCRT:gshandler.obj
 0001:0000c450       __security_check_cookie    000000018000d450 f   MSVCRT:amdsecgs.obj
 0001:0000c470       __raise_securityfailure    000000018000d470 f   MSVCRT:gs_report.obj
 0001:0000c4a4       __report_gsfailure         000000018000d4a4 f   MSVCRT:gs_report.obj
 0001:0000c578       __report_rangecheckfailure 000000018000d578 f   MSVCRT:gs_report.obj
 0001:0000c58c       __report_securityfailure   000000018000d58c f   MSVCRT:gs_report.obj
 0001:0000c62c       __report_securityfailureEx 000000018000d62c f   MSVCRT:gs_report.obj
 0001:0000cb50       _CRT_INIT                  000000018000db50 f   MSVCRT:dll_dllmain.obj
 0001:0000cb58       _DllMainCRTStartup         000000018000db58 f   MSVCRT:dll_dllmain.obj
 0001:0000cc08       __security_init_cookie     000000018000dc08 f   MSVCRT:gs_support.obj
 0001:0000ccb8       DllMain                    000000018000dcb8 f   MSVCRT:dll_dllmain_stub.obj
 0001:0000ccdc       ?__scrt_initialize_type_info@@YAXXZ 000000018000dcdc f   MSVCRT:tncleanup.obj
 0001:0000ccec       ?__scrt_uninitialize_type_info@@YAXXZ 000000018000dcec f   MSVCRT:tncleanup.obj
 0001:0000ccf8       __local_stdio_scanf_options 000000018000dcf8 f i MSVCRT:default_local_stdio_options.obj
 0001:0000cd00       __scrt_initialize_default_local_stdio_options 000000018000dd00 f   MSVCRT:default_local_stdio_options.obj
 0001:0000cd1c       ?configure_argv@__scrt_narrow_argv_policy@@SAHXZ 000000018000dd1c f i MSVCRT:utility.obj
 0001:0000cd7c       ?initialize_environment@__scrt_narrow_environment_policy@@SAHXZ 000000018000dd7c f i MSVCRT:utility.obj
 0001:0000cdb4       NtCurrentTeb               000000018000ddb4 f i MSVCRT:utility.obj
 0001:0000cdc0       __scrt_acquire_startup_lock 000000018000ddc0 f   MSVCRT:utility.obj
 0001:0000cdfc       __scrt_dllmain_after_initialize_c 000000018000ddfc f   MSVCRT:utility.obj
 0001:0000ce30       __scrt_dllmain_before_initialize_c 000000018000de30 f   MSVCRT:utility.obj
 0001:0000ce48       __scrt_dllmain_crt_thread_attach 000000018000de48 f   MSVCRT:utility.obj
 0001:0000ce70       __scrt_dllmain_crt_thread_detach 000000018000de70 f   MSVCRT:utility.obj
 0001:0000ce88       __scrt_dllmain_exception_filter 000000018000de88 f   MSVCRT:utility.obj
 0001:0000cee8       __scrt_dllmain_uninitialize_c 000000018000dee8 f   MSVCRT:utility.obj
 0001:0000cf18       __scrt_dllmain_uninitialize_critical 000000018000df18 f   MSVCRT:utility.obj
 0001:0000cf2c       __scrt_initialize_crt      000000018000df2c f   MSVCRT:utility.obj
 0001:0000cf68       __scrt_initialize_onexit_tables 000000018000df68 f   MSVCRT:utility.obj
 0001:0000cff4       __scrt_is_nonwritable_in_current_image 000000018000dff4 f   MSVCRT:utility.obj
 0001:0000d08c       __scrt_release_startup_lock 000000018000e08c f   MSVCRT:utility.obj
 0001:0000d0b0       __scrt_uninitialize_crt    000000018000e0b0 f   MSVCRT:utility.obj
 0001:0000d0dc       _onexit                    000000018000e0dc f   MSVCRT:utility.obj
 0001:0000d118       at_quick_exit              000000018000e118 f   MSVCRT:utility.obj
 0001:0000d138       atexit                     000000018000e138 f   MSVCRT:utility.obj
 0001:0000d150       __scrt_get_dyn_tls_init_callback 000000018000e150 f   MSVCRT:dyn_tls_init.obj
 0001:0000d158       __crt_debugger_hook        000000018000e158 f   MSVCRT:utility_desktop.obj
 0001:0000d164       __scrt_fastfail            000000018000e164 f   MSVCRT:utility_desktop.obj
 0001:0000d2b0       __scrt_get_show_window_mode 000000018000e2b0 f   MSVCRT:utility_desktop.obj
 0001:0000d2ec       __scrt_initialize_mta      000000018000e2ec f   MSVCRT:utility_desktop.obj
 0001:0000d2f4       __scrt_initialize_winrt    000000018000e2f4 f   MSVCRT:utility_desktop.obj
 0001:0000d2f8       __scrt_is_managed_app      000000018000e2f8 f   MSVCRT:utility_desktop.obj
 0001:0000d34c       __scrt_set_unhandled_exception_filter 000000018000e34c f   MSVCRT:utility_desktop.obj
 0001:0000d35c       __scrt_exe_initialize_mta  000000018000e35c f   MSVCRT:utility_desktop.obj
 0001:0000d35c       __scrt_stub_for_initialize_mta 000000018000e35c f   MSVCRT:utility_desktop.obj
 0001:0000d360       __scrt_unhandled_exception_filter 000000018000e360 f   MSVCRT:utility_desktop.obj
 0001:0000d3c4       _RTC_Initialize            000000018000e3c4 f   MSVCRT:initsect.obj
 0001:0000d400       _RTC_Terminate             000000018000e400 f   MSVCRT:initsect.obj
 0001:0000d43c       _guard_check_icall_nop     000000018000e43c f i MSVCRT:guard_support.obj
 0001:0000d440       ReadNoFence64              000000018000e440 f i MSVCRT:guard_support.obj
 0001:0000d444       ReadPointerNoFence         000000018000e444 f i MSVCRT:guard_support.obj
 0001:0000d448       __castguard_check_failure_debugbreak 000000018000e448 f i MSVCRT:guard_support.obj
 0001:0000d464       __castguard_check_failure_fastfail 000000018000e464 f i MSVCRT:guard_support.obj
 0001:0000d488       __castguard_check_failure_nop 000000018000e488 f i MSVCRT:guard_support.obj
 0001:0000d48c       __castguard_check_failure_os_handled 000000018000e48c f i MSVCRT:guard_support.obj
 0001:0000d4d8       __castguard_check_failure_user_handled 000000018000e4d8 f i MSVCRT:guard_support.obj
 0001:0000d54c       __castguard_set_user_handler 000000018000e54c f i MSVCRT:guard_support.obj
 0001:0000d558       __castguard_slow_path_check_debugbreak 000000018000e558 f i MSVCRT:guard_support.obj
 0001:0000d58c       __castguard_slow_path_check_fastfail 000000018000e58c f i MSVCRT:guard_support.obj
 0001:0000d5c8       __castguard_slow_path_check_nop 000000018000e5c8 f i MSVCRT:guard_support.obj
 0001:0000d5cc       __castguard_slow_path_check_os_handled 000000018000e5cc f i MSVCRT:guard_support.obj
 0001:0000d618       __castguard_slow_path_check_user_handled 000000018000e618 f i MSVCRT:guard_support.obj
 0001:0000d684       _guard_icall_checks_enforced 000000018000e684 f i MSVCRT:guard_support.obj
 0001:0000d69c       _guard_rf_checks_enforced  000000018000e69c f i MSVCRT:guard_support.obj
 0001:0000d6a0       __isa_available_init       000000018000e6a0 f   MSVCRT:cpu_disp.obj
 0001:0000d938       _get_startup_argv_mode     000000018000e938 f   MSVCRT:argv_mode.obj
 0001:0000d940       __scrt_is_ucrt_dll_in_use  000000018000e940 f   MSVCRT:ucrt_detection.obj
 0001:0000d950       RtlCaptureContext          000000018000e950 f   kernel32:KERNEL32.dll
 0001:0000d956       RtlLookupFunctionEntry     000000018000e956 f   kernel32:KERNEL32.dll
 0001:0000d95c       RtlVirtualUnwind           000000018000e95c f   kernel32:KERNEL32.dll
 0001:0000d962       UnhandledExceptionFilter   000000018000e962 f   kernel32:KERNEL32.dll
 0001:0000d968       SetUnhandledExceptionFilter 000000018000e968 f   kernel32:KERNEL32.dll
 0001:0000d96e       GetCurrentProcess          000000018000e96e f   kernel32:KERNEL32.dll
 0001:0000d974       TerminateProcess           000000018000e974 f   kernel32:KERNEL32.dll
 0001:0000d97a       IsProcessorFeaturePresent  000000018000e97a f   kernel32:KERNEL32.dll
 0001:0000d980       QueryPerformanceCounter    000000018000e980 f   kernel32:KERNEL32.dll
 0001:0000d986       GetCurrentProcessId        000000018000e986 f   kernel32:KERNEL32.dll
 0001:0000d98c       GetCurrentThreadId         000000018000e98c f   kernel32:KERNEL32.dll
 0001:0000d992       GetSystemTimeAsFileTime    000000018000e992 f   kernel32:KERNEL32.dll
 0001:0000d998       DisableThreadLibraryCalls  000000018000e998 f   kernel32:KERNEL32.dll
 0001:0000d99e       InitializeSListHead        000000018000e99e f   kernel32:KERNEL32.dll
 0001:0000d9a4       IsDebuggerPresent          000000018000e9a4 f   kernel32:KERNEL32.dll
 0001:0000d9aa       GetStartupInfoW            000000018000e9aa f   kernel32:KERNEL32.dll
 0001:0000d9b0       GetModuleHandleW           000000018000e9b0 f   kernel32:KERNEL32.dll
 0001:0000d9b6       memcpy                     000000018000e9b6 f   vcruntime:VCRUNTIME140.dll
 0001:0000d9bc       __C_specific_handler       000000018000e9bc f   vcruntime:VCRUNTIME140.dll
 0001:0000d9c2       __std_type_info_destroy_list 000000018000e9c2 f   vcruntime:VCRUNTIME140.dll
 0001:0000d9c8       __current_exception        000000018000e9c8 f   vcruntime:VCRUNTIME140.dll
 0001:0000d9ce       __current_exception_context 000000018000e9ce f   vcruntime:VCRUNTIME140.dll
 0001:0000d9d4       memset                     000000018000e9d4 f   vcruntime:VCRUNTIME140.dll
 0001:0000d9da       calloc                     000000018000e9da f   ucrt:api-ms-win-crt-heap-l1-1-0.dll
 0001:0000d9e0       free                       000000018000e9e0 f   ucrt:api-ms-win-crt-heap-l1-1-0.dll
 0001:0000d9e6       strcmp                     000000018000e9e6 f   ucrt:api-ms-win-crt-string-l1-1-0.dll
 0001:0000d9ec       strlen                     000000018000e9ec f   ucrt:api-ms-win-crt-string-l1-1-0.dll
 0001:0000d9f2       __stdio_common_vsprintf    000000018000e9f2 f   ucrt:api-ms-win-crt-stdio-l1-1-0.dll
 0001:0000d9f8       malloc                     000000018000e9f8 f   ucrt:api-ms-win-crt-heap-l1-1-0.dll
 0001:0000d9fe       _initterm                  000000018000e9fe f   ucrt:api-ms-win-crt-runtime-l1-1-0.dll
 0001:0000da04       _initterm_e                000000018000ea04 f   ucrt:api-ms-win-crt-runtime-l1-1-0.dll
 0001:0000da0a       _seh_filter_dll            000000018000ea0a f   ucrt:api-ms-win-crt-runtime-l1-1-0.dll
 0001:0000da10       _configure_narrow_argv     000000018000ea10 f   ucrt:api-ms-win-crt-runtime-l1-1-0.dll
 0001:0000da16       _initialize_narrow_environment 000000018000ea16 f   ucrt:api-ms-win-crt-runtime-l1-1-0.dll
 0001:0000da1c       _initialize_onexit_table   000000018000ea1c f   ucrt:api-ms-win-crt-runtime-l1-1-0.dll
 0001:0000da22       _register_onexit_function  000000018000ea22 f   ucrt:api-ms-win-crt-runtime-l1-1-0.dll
 0001:0000da28       _execute_onexit_table      000000018000ea28 f   ucrt:api-ms-win-crt-runtime-l1-1-0.dll
 0001:0000da2e       _crt_atexit                000000018000ea2e f   ucrt:api-ms-win-crt-runtime-l1-1-0.dll
 0001:0000da34       _crt_at_quick_exit         000000018000ea34 f   ucrt:api-ms-win-crt-runtime-l1-1-0.dll
 0001:0000da3a       _cexit                     000000018000ea3a f   ucrt:api-ms-win-crt-runtime-l1-1-0.dll
 0001:0000da40       terminate                  000000018000ea40 f   ucrt:api-ms-win-crt-runtime-l1-1-0.dll
 0001:0000da48       __acrt_initialize          000000018000ea48 f   MSVCRT:ucrt_stubs.obj
 0001:0000da48       __scrt_stub_for_acrt_initialize 000000018000ea48 f   MSVCRT:ucrt_stubs.obj
 0001:0000da48       __vcrt_initialize          000000018000ea48 f   MSVCRT:ucrt_stubs.obj
 0001:0000da4c       __acrt_thread_attach       000000018000ea4c f   MSVCRT:ucrt_stubs.obj
 0001:0000da4c       __scrt_stub_for_acrt_thread_attach 000000018000ea4c f   MSVCRT:ucrt_stubs.obj
 0001:0000da4c       __vcrt_thread_attach       000000018000ea4c f   MSVCRT:ucrt_stubs.obj
 0001:0000da50       __acrt_thread_detach       000000018000ea50 f   MSVCRT:ucrt_stubs.obj
 0001:0000da50       __scrt_stub_for_acrt_thread_detach 000000018000ea50 f   MSVCRT:ucrt_stubs.obj
 0001:0000da50       __vcrt_thread_detach       000000018000ea50 f   MSVCRT:ucrt_stubs.obj
 0001:0000da54       __acrt_uninitialize        000000018000ea54 f   MSVCRT:ucrt_stubs.obj
 0001:0000da54       __scrt_stub_for_acrt_uninitialize 000000018000ea54 f   MSVCRT:ucrt_stubs.obj
 0001:0000da54       __vcrt_uninitialize        000000018000ea54 f   MSVCRT:ucrt_stubs.obj
 0001:0000da58       __acrt_uninitialize_critical 000000018000ea58 f   MSVCRT:ucrt_stubs.obj
 0001:0000da58       __scrt_stub_for_acrt_uninitialize_critical 000000018000ea58 f   MSVCRT:ucrt_stubs.obj
 0001:0000da58       __vcrt_uninitialize_critical 000000018000ea58 f   MSVCRT:ucrt_stubs.obj
 0001:0000da5c       __scrt_stub_for_is_c_termination_complete 000000018000ea5c f   MSVCRT:ucrt_stubs.obj
 0001:0000da5c       _is_c_termination_complete 000000018000ea5c f   MSVCRT:ucrt_stubs.obj
 0001:0000da70       _guard_dispatch_icall_nop  000000018000ea70 f   MSVCRT:guard_dispatch.obj
 0001:0000da90       _guard_xfg_dispatch_icall_nop 000000018000ea90 f   MSVCRT:guard_xfg_dispatch.obj
 0002:00000000       __imp_UnhandledExceptionFilter 000000018000f000     kernel32:KERNEL32.dll
 0002:00000008       __imp_RtlLookupFunctionEntry 000000018000f008     kernel32:KERNEL32.dll
 0002:00000010       __imp_RtlVirtualUnwind     000000018000f010     kernel32:KERNEL32.dll
 0002:00000018       __imp_SetUnhandledExceptionFilter 000000018000f018     kernel32:KERNEL32.dll
 0002:00000020       __imp_GetCurrentProcess    000000018000f020     kernel32:KERNEL32.dll
 0002:00000028       __imp_TerminateProcess     000000018000f028     kernel32:KERNEL32.dll
 0002:00000030       __imp_IsProcessorFeaturePresent 000000018000f030     kernel32:KERNEL32.dll
 0002:00000038       __imp_QueryPerformanceCounter 000000018000f038     kernel32:KERNEL32.dll
 0002:00000040       __imp_GetCurrentProcessId  000000018000f040     kernel32:KERNEL32.dll
 0002:00000048       __imp_GetCurrentThreadId   000000018000f048     kernel32:KERNEL32.dll
 0002:00000050       __imp_GetSystemTimeAsFileTime 000000018000f050     kernel32:KERNEL32.dll
 0002:00000058       __imp_DisableThreadLibraryCalls 000000018000f058     kernel32:KERNEL32.dll
 0002:00000060       __imp_InitializeSListHead  000000018000f060     kernel32:KERNEL32.dll
 0002:00000068       __imp_IsDebuggerPresent    000000018000f068     kernel32:KERNEL32.dll
 0002:00000070       __imp_GetStartupInfoW      000000018000f070     kernel32:KERNEL32.dll
 0002:00000078       __imp_GetModuleHandleW     000000018000f078     kernel32:KERNEL32.dll
 0002:00000080       __imp_RtlCaptureContext    000000018000f080     kernel32:KERNEL32.dll
 0002:00000088       \177KERNEL32_NULL_THUNK_DATA 000000018000f088     kernel32:KERNEL32.dll
 0002:00000090       __imp___current_exception_context 000000018000f090     vcruntime:VCRUNTIME140.dll
 0002:00000098       __imp___current_exception  000000018000f098     vcruntime:VCRUNTIME140.dll
 0002:000000a0       __imp_memset               000000018000f0a0     vcruntime:VCRUNTIME140.dll
 0002:000000a8       __imp___C_specific_handler 000000018000f0a8     vcruntime:VCRUNTIME140.dll
 0002:000000b0       __imp_memcpy               000000018000f0b0     vcruntime:VCRUNTIME140.dll
 0002:000000b8       __imp___std_type_info_destroy_list 000000018000f0b8     vcruntime:VCRUNTIME140.dll
 0002:000000c0       \177VCRUNTIME140_NULL_THUNK_DATA 000000018000f0c0     vcruntime:VCRUNTIME140.dll
 0002:000000c8       __imp_malloc               000000018000f0c8     ucrt:api-ms-win-crt-heap-l1-1-0.dll
 0002:000000d0       __imp_calloc               000000018000f0d0     ucrt:api-ms-win-crt-heap-l1-1-0.dll
 0002:000000d8       __imp_free                 000000018000f0d8     ucrt:api-ms-win-crt-heap-l1-1-0.dll
 0002:000000e0       \177api-ms-win-crt-heap-l1-1-0_NULL_THUNK_DATA 000000018000f0e0     ucrt:api-ms-win-crt-heap-l1-1-0.dll
 0002:000000e8       __imp__initterm_e          000000018000f0e8     ucrt:api-ms-win-crt-runtime-l1-1-0.dll
 0002:000000f0       __imp__configure_narrow_argv 000000018000f0f0     ucrt:api-ms-win-crt-runtime-l1-1-0.dll
 0002:000000f8       __imp__initialize_narrow_environment 000000018000f0f8     ucrt:api-ms-win-crt-runtime-l1-1-0.dll
 0002:00000100       __imp__initterm            000000018000f100     ucrt:api-ms-win-crt-runtime-l1-1-0.dll
 0002:00000108       __imp__register_onexit_function 000000018000f108     ucrt:api-ms-win-crt-runtime-l1-1-0.dll
 0002:00000110       __imp__execute_onexit_table 000000018000f110     ucrt:api-ms-win-crt-runtime-l1-1-0.dll
 0002:00000118       __imp__crt_atexit          000000018000f118     ucrt:api-ms-win-crt-runtime-l1-1-0.dll
 0002:00000120       __imp__crt_at_quick_exit   000000018000f120     ucrt:api-ms-win-crt-runtime-l1-1-0.dll
 0002:00000128       __imp__cexit               000000018000f128     ucrt:api-ms-win-crt-runtime-l1-1-0.dll
 0002:00000130       __imp__initialize_onexit_table 000000018000f130     ucrt:api-ms-win-crt-runtime-l1-1-0.dll
 0002:00000138       __imp_terminate            000000018000f138     ucrt:api-ms-win-crt-runtime-l1-1-0.dll
 0002:00000140       __imp__seh_filter_dll      000000018000f140     ucrt:api-ms-win-crt-runtime-l1-1-0.dll
 0002:00000148       \177api-ms-win-crt-runtime-l1-1-0_NULL_THUNK_DATA 000000018000f148     ucrt:api-ms-win-crt-runtime-l1-1-0.dll
 0002:00000150       __imp___stdio_common_vsprintf 000000018000f150     ucrt:api-ms-win-crt-stdio-l1-1-0.dll
 0002:00000158       \177api-ms-win-crt-stdio-l1-1-0_NULL_THUNK_DATA 000000018000f158     ucrt:api-ms-win-crt-stdio-l1-1-0.dll
 0002:00000160       __imp_strlen               000000018000f160     ucrt:api-ms-win-crt-string-l1-1-0.dll
 0002:00000168       __imp_strcmp               000000018000f168     ucrt:api-ms-win-crt-string-l1-1-0.dll
 0002:00000170       \177api-ms-win-crt-string-l1-1-0_NULL_THUNK_DATA 000000018000f170     ucrt:api-ms-win-crt-string-l1-1-0.dll
 0002:00000178       __imp_mexWarnMsgTxt_800    000000018000f178     libmex:libmex.dll
 0002:00000180       __imp_mexPrintf_800        000000018000f180     libmex:libmex.dll
 0002:00000188       __imp_mexCallMATLAB_800    000000018000f188     libmex:libmex.dll
 0002:00000190       __imp_mexUnlock_800        000000018000f190     libmex:libmex.dll
 0002:00000198       __imp_mexIsLocked_800      000000018000f198     libmex:libmex.dll
 0002:000001a0       \177libmex_NULL_THUNK_DATA 000000018000f1a0     libmex:libmex.dll
 0002:000001a8       __imp_cgxertSetSimStateCompliance 000000018000f1a8     libmwcgxert:libmwcgxert.dll
 0002:000001b0       __imp_cgxertGetOutputPortSignal 000000018000f1b0     libmwcgxert:libmwcgxert.dll
 0002:000001b8       __imp_cgxertGetInputPortSignal 000000018000f1b8     libmwcgxert:libmwcgxert.dll
 0002:000001c0       __imp_cgxertGetRuntimeInstance 000000018000f1c0     libmwcgxert:libmwcgxert.dll
 0002:000001c8       __imp_cgxertSetRuntimeInstance 000000018000f1c8     libmwcgxert:libmwcgxert.dll
 0002:000001d0       __imp_cgxertGetEMLRTCtx    000000018000f1d0     libmwcgxert:libmwcgxert.dll
 0002:000001d8       \177libmwcgxert_NULL_THUNK_DATA 000000018000f1d8     libmwcgxert:libmwcgxert.dll
 0002:000001e0       __imp_mxCreateCellMatrix_800 000000018000f1e0     libmx:libmx.dll
 0002:000001e8       __imp_mxCreateString_800   000000018000f1e8     libmx:libmx.dll
 0002:000001f0       __imp_mxCreateDoubleMatrix_800 000000018000f1f0     libmx:libmx.dll
 0002:000001f8       __imp_mxCreateStructMatrix_800 000000018000f1f8     libmx:libmx.dll
 0002:00000200       __imp_mxGetString_800      000000018000f200     libmx:libmx.dll
 0002:00000208       __imp_mxGetPr_800          000000018000f208     libmx:libmx.dll
 0002:00000210       __imp_mxCreateNumericMatrix_800 000000018000f210     libmx:libmx.dll
 0002:00000218       __imp_mxSetField_800       000000018000f218     libmx:libmx.dll
 0002:00000220       __imp_mxSetFieldByNumber_800 000000018000f220     libmx:libmx.dll
 0002:00000228       __imp_mxSetCell_800        000000018000f228     libmx:libmx.dll
 0002:00000230       __imp_mxCreateDoubleScalar_800 000000018000f230     libmx:libmx.dll
 0002:00000238       __imp_mxGetN_800           000000018000f238     libmx:libmx.dll
 0002:00000240       __imp_mxIsComplex_800      000000018000f240     libmx:libmx.dll
 0002:00000248       __imp_mxIsChar_800         000000018000f248     libmx:libmx.dll
 0002:00000250       __imp_mxIsNumeric_800      000000018000f250     libmx:libmx.dll
 0002:00000258       __imp_mxGetData_800        000000018000f258     libmx:libmx.dll
 0002:00000260       __imp_mxGetClassID_800     000000018000f260     libmx:libmx.dll
 0002:00000268       __imp_mxGetM_800           000000018000f268     libmx:libmx.dll
 0002:00000270       __imp_mxCalloc_800         000000018000f270     libmx:libmx.dll
 0002:00000278       \177libmx_NULL_THUNK_DATA  000000018000f278     libmx:libmx.dll
 0002:00000280       __imp_ParkTransform_uQ4LZkjVPWhiGNFOCSwL0 000000018000f280     uQ4LZkjVPWhiGNFOCSwL0_cclib:uQ4LZkjVPWhiGNFOCSwL0_cclib.dll
 0002:00000288       __imp_CurrentLoopDQ_uQ4LZkjVPWhiGNFOCSwL0 000000018000f288     uQ4LZkjVPWhiGNFOCSwL0_cclib:uQ4LZkjVPWhiGNFOCSwL0_cclib.dll
 0002:00000290       __imp_SVPWM_CalcDutyCycle_uQ4LZkjVPWhiGNFOCSwL0 000000018000f290     uQ4LZkjVPWhiGNFOCSwL0_cclib:uQ4LZkjVPWhiGNFOCSwL0_cclib.dll
 0002:00000298       __imp_ClarkeTransform_uQ4LZkjVPWhiGNFOCSwL0 000000018000f298     uQ4LZkjVPWhiGNFOCSwL0_cclib:uQ4LZkjVPWhiGNFOCSwL0_cclib.dll
 0002:000002a0       __imp_InverseClarkeTransform_uQ4LZkjVPWhiGNFOCSwL0 000000018000f2a0     uQ4LZkjVPWhiGNFOCSwL0_cclib:uQ4LZkjVPWhiGNFOCSwL0_cclib.dll
 0002:000002a8       __imp_CalcZeroSequenceVoltage_uQ4LZkjVPWhiGNFOCSwL0 000000018000f2a8     uQ4LZkjVPWhiGNFOCSwL0_cclib:uQ4LZkjVPWhiGNFOCSwL0_cclib.dll
 0002:000002b0       __imp_InverseParkTransform_uQ4LZkjVPWhiGNFOCSwL0 000000018000f2b0     uQ4LZkjVPWhiGNFOCSwL0_cclib:uQ4LZkjVPWhiGNFOCSwL0_cclib.dll
 0002:000002b8       \177uQ4LZkjVPWhiGNFOCSwL0_cclib_NULL_THUNK_DATA 000000018000f2b8     uQ4LZkjVPWhiGNFOCSwL0_cclib:uQ4LZkjVPWhiGNFOCSwL0_cclib.dll
 0002:000002c0       __guard_check_icall_fptr   000000018000f2c0     MSVCRT:guard_support.obj
 0002:000002c8       __guard_xfg_check_icall_fptr 000000018000f2c8     MSVCRT:guard_support.obj
 0002:000002d0       __guard_dispatch_icall_fptr 000000018000f2d0     MSVCRT:guard_support.obj
 0002:000002d8       __guard_xfg_dispatch_icall_fptr 000000018000f2d8     MSVCRT:guard_support.obj
 0002:000002e0       __guard_xfg_table_dispatch_icall_fptr 000000018000f2e0     MSVCRT:guard_support.obj
 0002:000002e8       __castguard_check_failure_os_handled_fptr 000000018000f2e8     MSVCRT:guard_support.obj
 0002:000002f0       __guard_memcpy_fptr        000000018000f2f0     vcruntime:softmemtag.obj
 0002:000002f8       __xc_a                     000000018000f2f8     MSVCRT:initializers.obj
 0002:00000300       __xc_z                     000000018000f300     MSVCRT:initializers.obj
 0002:00000308       __xi_a                     000000018000f308     MSVCRT:initializers.obj
 0002:00000310       __xi_z                     000000018000f310     MSVCRT:initializers.obj
 0002:00000318       __xp_a                     000000018000f318     MSVCRT:initializers.obj
 0002:00000320       __xp_z                     000000018000f320     MSVCRT:initializers.obj
 0002:00000328       __xt_a                     000000018000f328     MSVCRT:initializers.obj
 0002:00000330       __xt_z                     000000018000f330     MSVCRT:initializers.obj
 0002:00000340       DYNAMIC_DIMENSION_DEF      000000018000f340     FOC_CURRENTLOOP_DOUBLE_cgxe_registry.obj
 0002:00000358       __real@0000000000000000    000000018000f358     FOC_CURRENTLOOP_DOUBLE_cgxe_registry.obj
 0002:00000360       __real@4010000000000000    000000018000f360     FOC_CURRENTLOOP_DOUBLE_cgxe_registry.obj
 0002:00000368       __real@41602cbca0000000    000000018000f368     FOC_CURRENTLOOP_DOUBLE_cgxe_registry.obj
 0002:00000370       __real@41a99a6f12000000    000000018000f370     FOC_CURRENTLOOP_DOUBLE_cgxe_registry.obj
 0002:00000378       __real@41b2a56766000000    000000018000f378     FOC_CURRENTLOOP_DOUBLE_cgxe_registry.obj
 0002:00000380       __real@41ce4db716000000    000000018000f380     FOC_CURRENTLOOP_DOUBLE_cgxe_registry.obj
 0002:00000388       __real@41d778a882c00000    000000018000f388     FOC_CURRENTLOOP_DOUBLE_cgxe_registry.obj
 0002:00000390       __real@41dc67f553c00000    000000018000f390     FOC_CURRENTLOOP_DOUBLE_cgxe_registry.obj
 0002:00000398       __real@41dcabc4a7000000    000000018000f398     FOC_CURRENTLOOP_DOUBLE_cgxe_registry.obj
 0002:000003a0       __real@41dfe82ffd800000    000000018000f3a0     FOC_CURRENTLOOP_DOUBLE_cgxe_registry.obj
 0002:000003a8       __real@41e13401bfc00000    000000018000f3a8     FOC_CURRENTLOOP_DOUBLE_cgxe_registry.obj
 0002:000003b0       __real@41e17476e6e00000    000000018000f3b0     FOC_CURRENTLOOP_DOUBLE_cgxe_registry.obj
 0002:000003b8       __real@41e2069ed9a00000    000000018000f3b8     FOC_CURRENTLOOP_DOUBLE_cgxe_registry.obj
 0002:000003c0       __real@41e5b0b712600000    000000018000f3c0     FOC_CURRENTLOOP_DOUBLE_cgxe_registry.obj
 0002:000003c8       __real@41e676f690000000    000000018000f3c8     FOC_CURRENTLOOP_DOUBLE_cgxe_registry.obj
 0002:000003d0       __real@41e6a707f9000000    000000018000f3d0     FOC_CURRENTLOOP_DOUBLE_cgxe_registry.obj
 0002:000003d8       __real@41e7e45539600000    000000018000f3d8     FOC_CURRENTLOOP_DOUBLE_cgxe_registry.obj
 0002:000003e0       __real@41e9d899c2200000    000000018000f3e0     FOC_CURRENTLOOP_DOUBLE_cgxe_registry.obj
 0002:000003e8       __real@41eb16e59b800000    000000018000f3e8     FOC_CURRENTLOOP_DOUBLE_cgxe_registry.obj
 0002:000003f0       __real@bff0000000000000    000000018000f3f0     FOC_CURRENTLOOP_DOUBLE_cgxe_registry.obj
 0002:00000408       _pDefaultRawDllMain        000000018000f408     MSVCRT:dll_dllmain.obj
 0002:00000408       _pRawDllMain               000000018000f408     MSVCRT:dll_dllmain.obj
 0002:00000410       __xmm@ffffffffffffffffffffffffffffffff 000000018000f410     MSVCRT:utility.obj
 0002:00000420       _load_config_used          000000018000f420     MSVCRT:loadcfg.obj
 0002:00000580       __CastGuardVftablesStart   000000018000f580     MSVCRT:guard_support.obj
 0002:00000600       __CastGuardVftablesEnd     000000018000f600     MSVCRT:guard_support.obj
 0002:00000680       __volatile_metadata        000000018000f680     <linker-defined>
 0002:00000a50       __rtc_iaa                  000000018000fa50     MSVCRT:initsect.obj
 0002:00000a58       __rtc_izz                  000000018000fa58     MSVCRT:initsect.obj
 0002:00000a60       __rtc_taa                  000000018000fa60     MSVCRT:initsect.obj
 0002:00000a68       __rtc_tzz                  000000018000fa68     MSVCRT:initsect.obj
 0002:00001548       __IMPORT_DESCRIPTOR_libmx  0000000180010548     libmx:libmx.dll
 0002:0000155c       __IMPORT_DESCRIPTOR_libmex 000000018001055c     libmex:libmex.dll
 0002:00001570       __IMPORT_DESCRIPTOR_libmwcgxert 0000000180010570     libmwcgxert:libmwcgxert.dll
 0002:00001584       __IMPORT_DESCRIPTOR_uQ4LZkjVPWhiGNFOCSwL0_cclib 0000000180010584     uQ4LZkjVPWhiGNFOCSwL0_cclib:uQ4LZkjVPWhiGNFOCSwL0_cclib.dll
 0002:00001598       __IMPORT_DESCRIPTOR_KERNEL32 0000000180010598     kernel32:KERNEL32.dll
 0002:000015ac       __IMPORT_DESCRIPTOR_VCRUNTIME140 00000001800105ac     vcruntime:VCRUNTIME140.dll
 0002:000015c0       __IMPORT_DESCRIPTOR_api-ms-win-crt-heap-l1-1-0 00000001800105c0     ucrt:api-ms-win-crt-heap-l1-1-0.dll
 0002:000015d4       __IMPORT_DESCRIPTOR_api-ms-win-crt-string-l1-1-0 00000001800105d4     ucrt:api-ms-win-crt-string-l1-1-0.dll
 0002:000015e8       __IMPORT_DESCRIPTOR_api-ms-win-crt-stdio-l1-1-0 00000001800105e8     ucrt:api-ms-win-crt-stdio-l1-1-0.dll
 0002:000015fc       __IMPORT_DESCRIPTOR_api-ms-win-crt-runtime-l1-1-0 00000001800105fc     ucrt:api-ms-win-crt-runtime-l1-1-0.dll
 0002:00001610       __NULL_IMPORT_DESCRIPTOR   0000000180010610     libmx:libmx.dll
 0003:00000250       DYNAMIC_DIMENSION          0000000180012250     FOC_CURRENTLOOP_DOUBLE_cgxe_registry.obj
 0003:00002680       __security_cookie          0000000180014680     MSVCRT:gs_cookie.obj
 0003:000026c0       __security_cookie_complement 00000001800146c0     MSVCRT:gs_cookie.obj
 0003:000026c8       _fltused                   00000001800146c8     MSVCRT:fltused.obj
 0003:000026cc       __scrt_native_dllmain_reason 00000001800146cc     MSVCRT:utility.obj
 0003:000026d0       __isa_inverted             00000001800146d0     MSVCRT:cpu_disp.obj
 0003:000026d8       __isa_available            00000001800146d8     MSVCRT:cpu_disp.obj
 0003:000026dc       __isa_enabled              00000001800146dc     MSVCRT:cpu_disp.obj
 0003:000026e0       __memset_fast_string_threshold 00000001800146e0     MSVCRT:cpu_disp.obj
 0003:000026e8       __memset_nt_threshold      00000001800146e8     MSVCRT:cpu_disp.obj
 0003:000026f0       __scrt_ucrt_dll_is_in_use  00000001800146f0     MSVCRT:ucrt_stubs.obj
 0003:00002c90       ?__type_info_root_node@@3U__type_info_node@@A 0000000180014c90     MSVCRT:tncleanup.obj
 0003:00002ca0       ?_OptionsStorage@?1??__local_stdio_printf_options@@9@4_KA 0000000180014ca0     MSVCRT:default_local_stdio_options.obj
 0003:00002ca8       ?_OptionsStorage@?1??__local_stdio_scanf_options@@9@4_KA 0000000180014ca8     MSVCRT:default_local_stdio_options.obj
 0003:00002cb0       __scrt_current_native_startup_state 0000000180014cb0     MSVCRT:utility.obj
 0003:00002cb8       __scrt_native_startup_lock 0000000180014cb8     MSVCRT:utility.obj
 0003:00002cf8       __scrt_debugger_hook_flag  0000000180014cf8     MSVCRT:utility_desktop.obj
 0003:00002d00       __castguard_check_failure_user_handled_fptr 0000000180014d00     MSVCRT:guard_support.obj
 0003:00002d08       __avx10_version            0000000180014d08     MSVCRT:cpu_disp.obj
 0003:00002d0c       __favor                    0000000180014d0c     MSVCRT:cpu_disp.obj
 0003:00002d10       ?_OptionsStorage@?1??__local_stdio_printf_options@@9@9 0000000180014d10     <common>
 0003:00002d18       __dyn_tls_init_callback    0000000180014d18     <common>

 entry point at        0001:0000cb58

 Static symbols

 0000:00000000       .debug$S                   0000000180000000     FOC_CURRENTLOOP_DOUBLE_cgxe.exp
 0000:00000000       _volmd                     0000000180000000     FOC_CURRENTLOOP_DOUBLE_cgxe_registry.obj
 0000:00000000       _volmd                     0000000180000000     m_MOLC88wviLzdgeX5uzlQBF.obj
 0000:00000000       _volmd                     0000000180000000     m_MaDgHuWbHkqTxwPW63XgKE.obj
 0000:00000000       _volmd                     0000000180000000     m_PasACjSZhuUltCNKsbQw.obj
 0000:00000000       _volmd                     0000000180000000     m_e803lbbESFMDFf0YXqjAcG.obj
 0000:00000000       _volmd                     0000000180000000     m_gsM9JXgEcsMzVGyPy5QdUF.obj
 0000:00000000       _volmd                     0000000180000000     m_unweDRdyki1td8msJpm6.obj
 0000:00000000       _volmd                     0000000180000000     m_wGa0Z4renqqLwHYDYhFKy.obj
 0000:00000000       .debug$S                   0000000180000000     ucrt:api-ms-win-crt-heap-l1-1-0.dll
 0000:00000000       .debug$S                   0000000180000000     ucrt:api-ms-win-crt-heap-l1-1-0.dll
 0000:00000000       .debug$S                   0000000180000000     ucrt:api-ms-win-crt-heap-l1-1-0.dll
 0000:00000000       .debug$S                   0000000180000000     ucrt:api-ms-win-crt-runtime-l1-1-0.dll
 0000:00000000       .debug$S                   0000000180000000     ucrt:api-ms-win-crt-runtime-l1-1-0.dll
 0000:00000000       .debug$S                   0000000180000000     ucrt:api-ms-win-crt-runtime-l1-1-0.dll
 0000:00000000       .debug$S                   0000000180000000     ucrt:api-ms-win-crt-runtime-l1-1-0.dll
 0000:00000000       .debug$S                   0000000180000000     ucrt:api-ms-win-crt-runtime-l1-1-0.dll
 0000:00000000       .debug$S                   0000000180000000     ucrt:api-ms-win-crt-runtime-l1-1-0.dll
 0000:00000000       .debug$S                   0000000180000000     ucrt:api-ms-win-crt-runtime-l1-1-0.dll
 0000:00000000       .debug$S                   0000000180000000     ucrt:api-ms-win-crt-runtime-l1-1-0.dll
 0000:00000000       .debug$S                   0000000180000000     ucrt:api-ms-win-crt-runtime-l1-1-0.dll
 0000:00000000       .debug$S                   0000000180000000     ucrt:api-ms-win-crt-runtime-l1-1-0.dll
 0000:00000000       .debug$S                   0000000180000000     ucrt:api-ms-win-crt-runtime-l1-1-0.dll
 0000:00000000       .debug$S                   0000000180000000     ucrt:api-ms-win-crt-runtime-l1-1-0.dll
 0000:00000000       .debug$S                   0000000180000000     ucrt:api-ms-win-crt-stdio-l1-1-0.dll
 0000:00000000       .debug$S                   0000000180000000     ucrt:api-ms-win-crt-string-l1-1-0.dll
 0000:00000000       .debug$S                   0000000180000000     ucrt:api-ms-win-crt-string-l1-1-0.dll
 0000:00000000       .debug$S                   0000000180000000     kernel32:KERNEL32.dll
 0000:00000000       .debug$S                   0000000180000000     kernel32:KERNEL32.dll
 0000:00000000       .debug$S                   0000000180000000     kernel32:KERNEL32.dll
 0000:00000000       .debug$S                   0000000180000000     kernel32:KERNEL32.dll
 0000:00000000       .debug$S                   0000000180000000     kernel32:KERNEL32.dll
 0000:00000000       .debug$S                   0000000180000000     kernel32:KERNEL32.dll
 0000:00000000       .debug$S                   0000000180000000     kernel32:KERNEL32.dll
 0000:00000000       .debug$S                   0000000180000000     kernel32:KERNEL32.dll
 0000:00000000       .debug$S                   0000000180000000     kernel32:KERNEL32.dll
 0000:00000000       .debug$S                   0000000180000000     kernel32:KERNEL32.dll
 0000:00000000       .debug$S                   0000000180000000     kernel32:KERNEL32.dll
 0000:00000000       .debug$S                   0000000180000000     kernel32:KERNEL32.dll
 0000:00000000       .debug$S                   0000000180000000     kernel32:KERNEL32.dll
 0000:00000000       .debug$S                   0000000180000000     kernel32:KERNEL32.dll
 0000:00000000       .debug$S                   0000000180000000     kernel32:KERNEL32.dll
 0000:00000000       .debug$S                   0000000180000000     kernel32:KERNEL32.dll
 0000:00000000       .debug$S                   0000000180000000     kernel32:KERNEL32.dll
 0000:00000000       _volmd                     0000000180000000     MSVCRT:cpu_disp.obj
 0002:ffff1000       __guard_ehcont_?dllmain_dispatch@@YAHQEAUHINSTANCE__@@KQEAX@Z 0000000180000000     MSVCRT:dll_dllmain.obj
 0002:ffff1000       __guard_fids_?dllmain_dispatch@@YAHQEAUHINSTANCE__@@KQEAX@Z 0000000180000000     MSVCRT:dll_dllmain.obj
 0000:00000000       _volmd                     0000000180000000     MSVCRT:gs_report.obj
 0000:00000000       _volmd                     0000000180000000     MSVCRT:gs_report.obj
 0000:00000000       _volmd                     0000000180000000     MSVCRT:gs_report.obj
 0002:ffff1000       __guard_fids__             0000000180000000     MSVCRT:guard_support.obj
 0002:ffff1000       __guard_fids__             0000000180000000     MSVCRT:guard_support.obj
 0002:ffff1000       __guard_fids__guard_icall_checks_enforced 0000000180000000     MSVCRT:guard_support.obj
 0000:00000000       _volmd                     0000000180000000     MSVCRT:guard_support.obj
 0000:00000000       _volmd                     0000000180000000     MSVCRT:guard_support.obj
 0000:00000000       _volmd                     0000000180000000     MSVCRT:guard_support.obj
 0000:00000000       _volmd                     0000000180000000     MSVCRT:guard_support.obj
 0000:00000000       _volmd                     0000000180000000     MSVCRT:guard_support.obj
 0000:00000000       _volmd                     0000000180000000     MSVCRT:guard_support.obj
 0000:00000000       _volmd                     0000000180000000     MSVCRT:guard_support.obj
 0000:00000000       _volmd                     0000000180000000     MSVCRT:guard_support.obj
 0000:00000000       _volmd                     0000000180000000     MSVCRT:guard_support.obj
 0000:00000000       _volmd                     0000000180000000     MSVCRT:guard_support.obj
 0002:ffff1000       __guard_ehcont___scrt_is_nonwritable_in_current_image 0000000180000000     MSVCRT:utility.obj
 0000:00000000       _volmd                     0000000180000000     MSVCRT:utility.obj
 0000:00000000       _volmd                     0000000180000000     MSVCRT:utility.obj
 0000:00000000       _volmd                     0000000180000000     MSVCRT:utility.obj
 0002:ffff1000       __guard_fids___scrt_set_unhandled_exception_filter 0000000180000000     MSVCRT:utility_desktop.obj
 0000:00000000       _volmd                     0000000180000000     MSVCRT:utility_desktop.obj
 0002:ffff1000       __guard_fids__             0000000180000000     vcruntime:softmemtag.obj
 0000:00000000       .debug$S                   0000000180000000     vcruntime:VCRUNTIME140.dll
 0000:00000000       .debug$S                   0000000180000000     vcruntime:VCRUNTIME140.dll
 0000:00000000       .debug$S                   0000000180000000     vcruntime:VCRUNTIME140.dll
 0000:00000000       .debug$S                   0000000180000000     vcruntime:VCRUNTIME140.dll
 0000:00000000       .debug$S                   0000000180000000     vcruntime:VCRUNTIME140.dll
 0000:00000000       .debug$S                   0000000180000000     vcruntime:VCRUNTIME140.dll
 0000:00000000       .debug$S                   0000000180000000     libmex:libmex.dll
 0000:00000000       .debug$S                   0000000180000000     libmex:libmex.dll
 0000:00000000       .debug$S                   0000000180000000     libmex:libmex.dll
 0000:00000000       .debug$S                   0000000180000000     libmex:libmex.dll
 0000:00000000       .debug$S                   0000000180000000     libmex:libmex.dll
 0000:00000000       .debug$S                   0000000180000000     libmwcgxert:libmwcgxert.dll
 0000:00000000       .debug$S                   0000000180000000     libmwcgxert:libmwcgxert.dll
 0000:00000000       .debug$S                   0000000180000000     libmwcgxert:libmwcgxert.dll
 0000:00000000       .debug$S                   0000000180000000     libmwcgxert:libmwcgxert.dll
 0000:00000000       .debug$S                   0000000180000000     libmwcgxert:libmwcgxert.dll
 0000:00000000       .debug$S                   0000000180000000     libmwcgxert:libmwcgxert.dll
 0000:00000000       .debug$S                   0000000180000000     libmx:libmx.dll
 0000:00000000       .debug$S                   0000000180000000     libmx:libmx.dll
 0000:00000000       .debug$S                   0000000180000000     libmx:libmx.dll
 0000:00000000       .debug$S                   0000000180000000     libmx:libmx.dll
 0000:00000000       .debug$S                   0000000180000000     libmx:libmx.dll
 0000:00000000       .debug$S                   0000000180000000     libmx:libmx.dll
 0000:00000000       .debug$S                   0000000180000000     libmx:libmx.dll
 0000:00000000       .debug$S                   0000000180000000     libmx:libmx.dll
 0000:00000000       .debug$S                   0000000180000000     libmx:libmx.dll
 0000:00000000       .debug$S                   0000000180000000     libmx:libmx.dll
 0000:00000000       .debug$S                   0000000180000000     libmx:libmx.dll
 0000:00000000       .debug$S                   0000000180000000     libmx:libmx.dll
 0000:00000000       .debug$S                   0000000180000000     libmx:libmx.dll
 0000:00000000       .debug$S                   0000000180000000     libmx:libmx.dll
 0000:00000000       .debug$S                   0000000180000000     libmx:libmx.dll
 0000:00000000       .debug$S                   0000000180000000     libmx:libmx.dll
 0000:00000000       .debug$S                   0000000180000000     libmx:libmx.dll
 0000:00000000       .debug$S                   0000000180000000     libmx:libmx.dll
 0000:00000000       .debug$S                   0000000180000000     libmx:libmx.dll
 0000:00000000       .debug$S                   0000000180000000     uQ4LZkjVPWhiGNFOCSwL0_cclib:uQ4LZkjVPWhiGNFOCSwL0_cclib.dll
 0000:00000000       .debug$S                   0000000180000000     uQ4LZkjVPWhiGNFOCSwL0_cclib:uQ4LZkjVPWhiGNFOCSwL0_cclib.dll
 0000:00000000       .debug$S                   0000000180000000     uQ4LZkjVPWhiGNFOCSwL0_cclib:uQ4LZkjVPWhiGNFOCSwL0_cclib.dll
 0000:00000000       .debug$S                   0000000180000000     uQ4LZkjVPWhiGNFOCSwL0_cclib:uQ4LZkjVPWhiGNFOCSwL0_cclib.dll
 0000:00000000       .debug$S                   0000000180000000     uQ4LZkjVPWhiGNFOCSwL0_cclib:uQ4LZkjVPWhiGNFOCSwL0_cclib.dll
 0000:00000000       .debug$S                   0000000180000000     uQ4LZkjVPWhiGNFOCSwL0_cclib:uQ4LZkjVPWhiGNFOCSwL0_cclib.dll
 0000:00000000       .debug$S                   0000000180000000     uQ4LZkjVPWhiGNFOCSwL0_cclib:uQ4LZkjVPWhiGNFOCSwL0_cclib.dll
 0000:00000010       _volmd                     0000000180000010     FOC_CURRENTLOOP_DOUBLE_cgxe_registry.obj
 0000:00000020       _volmd                     0000000180000020     FOC_CURRENTLOOP_DOUBLE_cgxe_registry.obj
 0000:00000030       _volmd                     0000000180000030     FOC_CURRENTLOOP_DOUBLE_cgxe_registry.obj
 0000:00000040       _volmd                     0000000180000040     FOC_CURRENTLOOP_DOUBLE_cgxe_registry.obj
 0000:00000050       _volmd                     0000000180000050     FOC_CURRENTLOOP_DOUBLE_cgxe_registry.obj
 0000:00000060       _volmd                     0000000180000060     FOC_CURRENTLOOP_DOUBLE_cgxe_registry.obj
 0000:00000070       _volmd                     0000000180000070     FOC_CURRENTLOOP_DOUBLE_cgxe_registry.obj
 0000:00000080       _volmd                     0000000180000080     FOC_CURRENTLOOP_DOUBLE_cgxe_registry.obj
 0000:00000090       _volmd                     0000000180000090     FOC_CURRENTLOOP_DOUBLE_cgxe_registry.obj
 0000:000000a0       _volmd                     00000001800000a0     FOC_CURRENTLOOP_DOUBLE_cgxe_registry.obj
 0000:000000b0       _volmd                     00000001800000b0     FOC_CURRENTLOOP_DOUBLE_cgxe_registry.obj
 0000:000000c0       _volmd                     00000001800000c0     FOC_CURRENTLOOP_DOUBLE_cgxe_registry.obj
 0000:000000d0       _volmd                     00000001800000d0     FOC_CURRENTLOOP_DOUBLE_cgxe_registry.obj
 0000:000000e0       _volmd                     00000001800000e0     FOC_CURRENTLOOP_DOUBLE_cgxe_registry.obj
 0001:00000400       cgxe_mdl_start             0000000180001400 f   m_unweDRdyki1td8msJpm6.obj
 0001:00000440       cgxe_mdl_initialize        0000000180001440 f   m_unweDRdyki1td8msJpm6.obj
 0001:00000450       cgxe_mdl_outputs           0000000180001450 f   m_unweDRdyki1td8msJpm6.obj
 0001:00000520       cgxe_mdl_update            0000000180001520 f   m_unweDRdyki1td8msJpm6.obj
 0001:00000530       cgxe_mdl_derivative        0000000180001530 f   m_unweDRdyki1td8msJpm6.obj
 0001:00000540       cgxe_mdl_enable            0000000180001540 f   m_unweDRdyki1td8msJpm6.obj
 0001:00000550       cgxe_mdl_disable           0000000180001550 f   m_unweDRdyki1td8msJpm6.obj
 0001:00000560       cgxe_mdl_terminate         0000000180001560 f   m_unweDRdyki1td8msJpm6.obj
 0001:00000570       init_simulink_io_address   0000000180001570 f   m_unweDRdyki1td8msJpm6.obj
 0001:000005f0       mdlOutputs_unweDRdyki1td8msJpm6 00000001800015f0 f   m_unweDRdyki1td8msJpm6.obj
 0001:00000630       mdlInitialize_unweDRdyki1td8msJpm6 0000000180001630 f   m_unweDRdyki1td8msJpm6.obj
 0001:00000660       mdlUpdate_unweDRdyki1td8msJpm6 0000000180001660 f   m_unweDRdyki1td8msJpm6.obj
 0001:000006a0       mdlDerivatives_unweDRdyki1td8msJpm6 00000001800016a0 f   m_unweDRdyki1td8msJpm6.obj
 0001:000006d0       mdlTerminate_unweDRdyki1td8msJpm6 00000001800016d0 f   m_unweDRdyki1td8msJpm6.obj
 0001:00000710       mdlEnable_unweDRdyki1td8msJpm6 0000000180001710 f   m_unweDRdyki1td8msJpm6.obj
 0001:00000740       mdlDisable_unweDRdyki1td8msJpm6 0000000180001740 f   m_unweDRdyki1td8msJpm6.obj
 0001:00000770       mdlStart_unweDRdyki1td8msJpm6 0000000180001770 f   m_unweDRdyki1td8msJpm6.obj
 0001:00000880       mdlProcessParameters_unweDRdyki1td8msJpm6 0000000180001880 f   m_unweDRdyki1td8msJpm6.obj
 0001:00000a40       cgxe_mdl_start             0000000180001a40 f   m_PasACjSZhuUltCNKsbQw.obj
 0001:00000a80       cgxe_mdl_initialize        0000000180001a80 f   m_PasACjSZhuUltCNKsbQw.obj
 0001:00000a90       cgxe_mdl_outputs           0000000180001a90 f   m_PasACjSZhuUltCNKsbQw.obj
 0001:00000bb0       cgxe_mdl_update            0000000180001bb0 f   m_PasACjSZhuUltCNKsbQw.obj
 0001:00000bc0       cgxe_mdl_derivative        0000000180001bc0 f   m_PasACjSZhuUltCNKsbQw.obj
 0001:00000bd0       cgxe_mdl_enable            0000000180001bd0 f   m_PasACjSZhuUltCNKsbQw.obj
 0001:00000be0       cgxe_mdl_disable           0000000180001be0 f   m_PasACjSZhuUltCNKsbQw.obj
 0001:00000bf0       cgxe_mdl_terminate         0000000180001bf0 f   m_PasACjSZhuUltCNKsbQw.obj
 0001:00000c00       init_simulink_io_address   0000000180001c00 f   m_PasACjSZhuUltCNKsbQw.obj
 0001:00000d20       mdlOutputs_PasACjSZhuUltCNKsbQw 0000000180001d20 f   m_PasACjSZhuUltCNKsbQw.obj
 0001:00000d60       mdlInitialize_PasACjSZhuUltCNKsbQw 0000000180001d60 f   m_PasACjSZhuUltCNKsbQw.obj
 0001:00000d90       mdlUpdate_PasACjSZhuUltCNKsbQw 0000000180001d90 f   m_PasACjSZhuUltCNKsbQw.obj
 0001:00000dd0       mdlDerivatives_PasACjSZhuUltCNKsbQw 0000000180001dd0 f   m_PasACjSZhuUltCNKsbQw.obj
 0001:00000e00       mdlTerminate_PasACjSZhuUltCNKsbQw 0000000180001e00 f   m_PasACjSZhuUltCNKsbQw.obj
 0001:00000e40       mdlEnable_PasACjSZhuUltCNKsbQw 0000000180001e40 f   m_PasACjSZhuUltCNKsbQw.obj
 0001:00000e70       mdlDisable_PasACjSZhuUltCNKsbQw 0000000180001e70 f   m_PasACjSZhuUltCNKsbQw.obj
 0001:00000ea0       mdlStart_PasACjSZhuUltCNKsbQw 0000000180001ea0 f   m_PasACjSZhuUltCNKsbQw.obj
 0001:00000fb0       mdlProcessParameters_PasACjSZhuUltCNKsbQw 0000000180001fb0 f   m_PasACjSZhuUltCNKsbQw.obj
 0001:00001170       cgxe_mdl_start             0000000180002170 f   m_wGa0Z4renqqLwHYDYhFKy.obj
 0001:000011b0       cgxe_mdl_initialize        00000001800021b0 f   m_wGa0Z4renqqLwHYDYhFKy.obj
 0001:000011c0       cgxe_mdl_outputs           00000001800021c0 f   m_wGa0Z4renqqLwHYDYhFKy.obj
 0001:00001290       cgxe_mdl_update            0000000180002290 f   m_wGa0Z4renqqLwHYDYhFKy.obj
 0001:000012a0       cgxe_mdl_derivative        00000001800022a0 f   m_wGa0Z4renqqLwHYDYhFKy.obj
 0001:000012b0       cgxe_mdl_enable            00000001800022b0 f   m_wGa0Z4renqqLwHYDYhFKy.obj
 0001:000012c0       cgxe_mdl_disable           00000001800022c0 f   m_wGa0Z4renqqLwHYDYhFKy.obj
 0001:000012d0       cgxe_mdl_terminate         00000001800022d0 f   m_wGa0Z4renqqLwHYDYhFKy.obj
 0001:000012e0       init_simulink_io_address   00000001800022e0 f   m_wGa0Z4renqqLwHYDYhFKy.obj
 0001:00001370       mdlOutputs_wGa0Z4renqqLwHYDYhFKy 0000000180002370 f   m_wGa0Z4renqqLwHYDYhFKy.obj
 0001:000013b0       mdlInitialize_wGa0Z4renqqLwHYDYhFKy 00000001800023b0 f   m_wGa0Z4renqqLwHYDYhFKy.obj
 0001:000013e0       mdlUpdate_wGa0Z4renqqLwHYDYhFKy 00000001800023e0 f   m_wGa0Z4renqqLwHYDYhFKy.obj
 0001:00001420       mdlDerivatives_wGa0Z4renqqLwHYDYhFKy 0000000180002420 f   m_wGa0Z4renqqLwHYDYhFKy.obj
 0001:00001450       mdlTerminate_wGa0Z4renqqLwHYDYhFKy 0000000180002450 f   m_wGa0Z4renqqLwHYDYhFKy.obj
 0001:00001490       mdlEnable_wGa0Z4renqqLwHYDYhFKy 0000000180002490 f   m_wGa0Z4renqqLwHYDYhFKy.obj
 0001:000014c0       mdlDisable_wGa0Z4renqqLwHYDYhFKy 00000001800024c0 f   m_wGa0Z4renqqLwHYDYhFKy.obj
 0001:000014f0       mdlStart_wGa0Z4renqqLwHYDYhFKy 00000001800024f0 f   m_wGa0Z4renqqLwHYDYhFKy.obj
 0001:00001600       mdlProcessParameters_wGa0Z4renqqLwHYDYhFKy 0000000180002600 f   m_wGa0Z4renqqLwHYDYhFKy.obj
 0001:000017c0       cgxe_mdl_start             00000001800027c0 f   m_MaDgHuWbHkqTxwPW63XgKE.obj
 0001:00001800       cgxe_mdl_initialize        0000000180002800 f   m_MaDgHuWbHkqTxwPW63XgKE.obj
 0001:00001810       cgxe_mdl_outputs           0000000180002810 f   m_MaDgHuWbHkqTxwPW63XgKE.obj
 0001:000018e0       cgxe_mdl_update            00000001800028e0 f   m_MaDgHuWbHkqTxwPW63XgKE.obj
 0001:000018f0       cgxe_mdl_derivative        00000001800028f0 f   m_MaDgHuWbHkqTxwPW63XgKE.obj
 0001:00001900       cgxe_mdl_enable            0000000180002900 f   m_MaDgHuWbHkqTxwPW63XgKE.obj
 0001:00001910       cgxe_mdl_disable           0000000180002910 f   m_MaDgHuWbHkqTxwPW63XgKE.obj
 0001:00001920       cgxe_mdl_terminate         0000000180002920 f   m_MaDgHuWbHkqTxwPW63XgKE.obj
 0001:00001930       init_simulink_io_address   0000000180002930 f   m_MaDgHuWbHkqTxwPW63XgKE.obj
 0001:00001990       mdlOutputs_MaDgHuWbHkqTxwPW63XgKE 0000000180002990 f   m_MaDgHuWbHkqTxwPW63XgKE.obj
 0001:000019d0       mdlInitialize_MaDgHuWbHkqTxwPW63XgKE 00000001800029d0 f   m_MaDgHuWbHkqTxwPW63XgKE.obj
 0001:00001a00       mdlUpdate_MaDgHuWbHkqTxwPW63XgKE 0000000180002a00 f   m_MaDgHuWbHkqTxwPW63XgKE.obj
 0001:00001a40       mdlDerivatives_MaDgHuWbHkqTxwPW63XgKE 0000000180002a40 f   m_MaDgHuWbHkqTxwPW63XgKE.obj
 0001:00001a70       mdlTerminate_MaDgHuWbHkqTxwPW63XgKE 0000000180002a70 f   m_MaDgHuWbHkqTxwPW63XgKE.obj
 0001:00001ab0       mdlEnable_MaDgHuWbHkqTxwPW63XgKE 0000000180002ab0 f   m_MaDgHuWbHkqTxwPW63XgKE.obj
 0001:00001ae0       mdlDisable_MaDgHuWbHkqTxwPW63XgKE 0000000180002ae0 f   m_MaDgHuWbHkqTxwPW63XgKE.obj
 0001:00001b10       mdlStart_MaDgHuWbHkqTxwPW63XgKE 0000000180002b10 f   m_MaDgHuWbHkqTxwPW63XgKE.obj
 0001:00001c20       mdlProcessParameters_MaDgHuWbHkqTxwPW63XgKE 0000000180002c20 f   m_MaDgHuWbHkqTxwPW63XgKE.obj
 0001:00001de0       cgxe_mdl_start             0000000180002de0 f   m_gsM9JXgEcsMzVGyPy5QdUF.obj
 0001:00001e20       cgxe_mdl_initialize        0000000180002e20 f   m_gsM9JXgEcsMzVGyPy5QdUF.obj
 0001:00001e30       cgxe_mdl_outputs           0000000180002e30 f   m_gsM9JXgEcsMzVGyPy5QdUF.obj
 0001:00001f00       cgxe_mdl_update            0000000180002f00 f   m_gsM9JXgEcsMzVGyPy5QdUF.obj
 0001:00001f10       cgxe_mdl_derivative        0000000180002f10 f   m_gsM9JXgEcsMzVGyPy5QdUF.obj
 0001:00001f20       cgxe_mdl_enable            0000000180002f20 f   m_gsM9JXgEcsMzVGyPy5QdUF.obj
 0001:00001f30       cgxe_mdl_disable           0000000180002f30 f   m_gsM9JXgEcsMzVGyPy5QdUF.obj
 0001:00001f40       cgxe_mdl_terminate         0000000180002f40 f   m_gsM9JXgEcsMzVGyPy5QdUF.obj
 0001:00001f50       init_simulink_io_address   0000000180002f50 f   m_gsM9JXgEcsMzVGyPy5QdUF.obj
 0001:00001fb0       mdlOutputs_gsM9JXgEcsMzVGyPy5QdUF 0000000180002fb0 f   m_gsM9JXgEcsMzVGyPy5QdUF.obj
 0001:00001ff0       mdlInitialize_gsM9JXgEcsMzVGyPy5QdUF 0000000180002ff0 f   m_gsM9JXgEcsMzVGyPy5QdUF.obj
 0001:00002020       mdlUpdate_gsM9JXgEcsMzVGyPy5QdUF 0000000180003020 f   m_gsM9JXgEcsMzVGyPy5QdUF.obj
 0001:00002060       mdlDerivatives_gsM9JXgEcsMzVGyPy5QdUF 0000000180003060 f   m_gsM9JXgEcsMzVGyPy5QdUF.obj
 0001:00002090       mdlTerminate_gsM9JXgEcsMzVGyPy5QdUF 0000000180003090 f   m_gsM9JXgEcsMzVGyPy5QdUF.obj
 0001:000020d0       mdlEnable_gsM9JXgEcsMzVGyPy5QdUF 00000001800030d0 f   m_gsM9JXgEcsMzVGyPy5QdUF.obj
 0001:00002100       mdlDisable_gsM9JXgEcsMzVGyPy5QdUF 0000000180003100 f   m_gsM9JXgEcsMzVGyPy5QdUF.obj
 0001:00002130       mdlStart_gsM9JXgEcsMzVGyPy5QdUF 0000000180003130 f   m_gsM9JXgEcsMzVGyPy5QdUF.obj
 0001:00002240       mdlProcessParameters_gsM9JXgEcsMzVGyPy5QdUF 0000000180003240 f   m_gsM9JXgEcsMzVGyPy5QdUF.obj
 0001:00002400       cgxe_mdl_start             0000000180003400 f   m_MOLC88wviLzdgeX5uzlQBF.obj
 0001:00002440       cgxe_mdl_initialize        0000000180003440 f   m_MOLC88wviLzdgeX5uzlQBF.obj
 0001:00002450       cgxe_mdl_outputs           0000000180003450 f   m_MOLC88wviLzdgeX5uzlQBF.obj
 0001:000024f0       cgxe_mdl_update            00000001800034f0 f   m_MOLC88wviLzdgeX5uzlQBF.obj
 0001:00002500       cgxe_mdl_derivative        0000000180003500 f   m_MOLC88wviLzdgeX5uzlQBF.obj
 0001:00002510       cgxe_mdl_enable            0000000180003510 f   m_MOLC88wviLzdgeX5uzlQBF.obj
 0001:00002520       cgxe_mdl_disable           0000000180003520 f   m_MOLC88wviLzdgeX5uzlQBF.obj
 0001:00002530       cgxe_mdl_terminate         0000000180003530 f   m_MOLC88wviLzdgeX5uzlQBF.obj
 0001:00002540       init_simulink_io_address   0000000180003540 f   m_MOLC88wviLzdgeX5uzlQBF.obj
 0001:000025a0       mdlOutputs_MOLC88wviLzdgeX5uzlQBF 00000001800035a0 f   m_MOLC88wviLzdgeX5uzlQBF.obj
 0001:000025e0       mdlInitialize_MOLC88wviLzdgeX5uzlQBF 00000001800035e0 f   m_MOLC88wviLzdgeX5uzlQBF.obj
 0001:00002610       mdlUpdate_MOLC88wviLzdgeX5uzlQBF 0000000180003610 f   m_MOLC88wviLzdgeX5uzlQBF.obj
 0001:00002650       mdlDerivatives_MOLC88wviLzdgeX5uzlQBF 0000000180003650 f   m_MOLC88wviLzdgeX5uzlQBF.obj
 0001:00002680       mdlTerminate_MOLC88wviLzdgeX5uzlQBF 0000000180003680 f   m_MOLC88wviLzdgeX5uzlQBF.obj
 0001:000026c0       mdlEnable_MOLC88wviLzdgeX5uzlQBF 00000001800036c0 f   m_MOLC88wviLzdgeX5uzlQBF.obj
 0001:000026f0       mdlDisable_MOLC88wviLzdgeX5uzlQBF 00000001800036f0 f   m_MOLC88wviLzdgeX5uzlQBF.obj
 0001:00002720       mdlStart_MOLC88wviLzdgeX5uzlQBF 0000000180003720 f   m_MOLC88wviLzdgeX5uzlQBF.obj
 0001:00002830       mdlProcessParameters_MOLC88wviLzdgeX5uzlQBF 0000000180003830 f   m_MOLC88wviLzdgeX5uzlQBF.obj
 0001:000029f0       cgxe_mdl_start             00000001800039f0 f   m_e803lbbESFMDFf0YXqjAcG.obj
 0001:00002a30       cgxe_mdl_initialize        0000000180003a30 f   m_e803lbbESFMDFf0YXqjAcG.obj
 0001:00002a40       cgxe_mdl_outputs           0000000180003a40 f   m_e803lbbESFMDFf0YXqjAcG.obj
 0001:00002b10       cgxe_mdl_update            0000000180003b10 f   m_e803lbbESFMDFf0YXqjAcG.obj
 0001:00002b20       cgxe_mdl_derivative        0000000180003b20 f   m_e803lbbESFMDFf0YXqjAcG.obj
 0001:00002b30       cgxe_mdl_enable            0000000180003b30 f   m_e803lbbESFMDFf0YXqjAcG.obj
 0001:00002b40       cgxe_mdl_disable           0000000180003b40 f   m_e803lbbESFMDFf0YXqjAcG.obj
 0001:00002b50       cgxe_mdl_terminate         0000000180003b50 f   m_e803lbbESFMDFf0YXqjAcG.obj
 0001:00002b60       init_simulink_io_address   0000000180003b60 f   m_e803lbbESFMDFf0YXqjAcG.obj
 0001:00002be0       mdlOutputs_e803lbbESFMDFf0YXqjAcG 0000000180003be0 f   m_e803lbbESFMDFf0YXqjAcG.obj
 0001:00002c20       mdlInitialize_e803lbbESFMDFf0YXqjAcG 0000000180003c20 f   m_e803lbbESFMDFf0YXqjAcG.obj
 0001:00002c50       mdlUpdate_e803lbbESFMDFf0YXqjAcG 0000000180003c50 f   m_e803lbbESFMDFf0YXqjAcG.obj
 0001:00002c90       mdlDerivatives_e803lbbESFMDFf0YXqjAcG 0000000180003c90 f   m_e803lbbESFMDFf0YXqjAcG.obj
 0001:00002cc0       mdlTerminate_e803lbbESFMDFf0YXqjAcG 0000000180003cc0 f   m_e803lbbESFMDFf0YXqjAcG.obj
 0001:00002d00       mdlEnable_e803lbbESFMDFf0YXqjAcG 0000000180003d00 f   m_e803lbbESFMDFf0YXqjAcG.obj
 0001:00002d30       mdlDisable_e803lbbESFMDFf0YXqjAcG 0000000180003d30 f   m_e803lbbESFMDFf0YXqjAcG.obj
 0001:00002d60       mdlStart_e803lbbESFMDFf0YXqjAcG 0000000180003d60 f   m_e803lbbESFMDFf0YXqjAcG.obj
 0001:00002e70       mdlProcessParameters_e803lbbESFMDFf0YXqjAcG 0000000180003e70 f   m_e803lbbESFMDFf0YXqjAcG.obj
 0001:00004db8       $LN147                     0000000180005db8     FOC_CURRENTLOOP_DOUBLE_cgxe_registry.obj
 0001:00005c24       $LN22                      0000000180006c24     FOC_CURRENTLOOP_DOUBLE_cgxe_registry.obj
 0001:00006324       $LN26                      0000000180007324     FOC_CURRENTLOOP_DOUBLE_cgxe_registry.obj
 0001:00006a04       $LN24                      0000000180007a04     FOC_CURRENTLOOP_DOUBLE_cgxe_registry.obj
 0001:0000773c       $LN30                      000000018000873c     FOC_CURRENTLOOP_DOUBLE_cgxe_registry.obj
 0001:0000a120       mdlStart                   000000018000b120 f   FOC_CURRENTLOOP_DOUBLE_cgxe_registry.obj
 0001:0000a160       mdlInitializeConditions    000000018000b160 f   FOC_CURRENTLOOP_DOUBLE_cgxe_registry.obj
 0001:0000a190       mdlUpdate                  000000018000b190 f   FOC_CURRENTLOOP_DOUBLE_cgxe_registry.obj
 0001:0000a1c0       mdlOutputs                 000000018000b1c0 f   FOC_CURRENTLOOP_DOUBLE_cgxe_registry.obj
 0001:0000a1f0       mdlTerminate               000000018000b1f0 f   FOC_CURRENTLOOP_DOUBLE_cgxe_registry.obj
 0001:0000a220       mdlInitializeSizes         000000018000b220 f   FOC_CURRENTLOOP_DOUBLE_cgxe_registry.obj
 0001:0000a230       mdlInitializeSampleTimes   000000018000b230 f   FOC_CURRENTLOOP_DOUBLE_cgxe_registry.obj
 0001:0000a240       cgxe_get_supported_modules 000000018000b240 f   FOC_CURRENTLOOP_DOUBLE_cgxe_registry.obj
 0001:0000a690       cgxe_process_get_checksums 000000018000b690 f   FOC_CURRENTLOOP_DOUBLE_cgxe_registry.obj
 0001:0000aa30       cgxe_mex_unlock_call       000000018000ba30 f   FOC_CURRENTLOOP_DOUBLE_cgxe_registry.obj
 0001:0000aa70       cgxe_unpack_simstruct      000000018000ba70 f   FOC_CURRENTLOOP_DOUBLE_cgxe_registry.obj
 0001:0000ab10       cgxe_get_sim_state         000000018000bb10 f   FOC_CURRENTLOOP_DOUBLE_cgxe_registry.obj
 0001:0000ab80       cgxe_set_sim_state         000000018000bb80 f   FOC_CURRENTLOOP_DOUBLE_cgxe_registry.obj
 0001:0000ac00       cgxe_get_BuildInfoUpdate   000000018000bc00 f   FOC_CURRENTLOOP_DOUBLE_cgxe_registry.obj
 0001:0000ae20       cgxe_get_fallback_info     000000018000be20 f   FOC_CURRENTLOOP_DOUBLE_cgxe_registry.obj
 0001:0000b040       ProcessMexSfunctionCmdLineCall 000000018000c040 f   FOC_CURRENTLOOP_DOUBLE_cgxe_registry.obj
 0001:0000b280       mdlZeroCrossings           000000018000c280 f   FOC_CURRENTLOOP_DOUBLE_cgxe_registry.obj
 0001:0000b2d0       mdlGetTimeOfNextVarHit     000000018000c2d0 f   FOC_CURRENTLOOP_DOUBLE_cgxe_registry.obj
 0001:0000b320       _RegNumInputPortsCB        000000018000c320 f   FOC_CURRENTLOOP_DOUBLE_cgxe_registry.obj
 0001:0000b3a0       _RegNumOutputPortsCB       000000018000c3a0 f   FOC_CURRENTLOOP_DOUBLE_cgxe_registry.obj
 0001:0000b420       _CreateSimStruct           000000018000c420 f   FOC_CURRENTLOOP_DOUBLE_cgxe_registry.obj
 0001:0000b650       _ProcessMexSfunctionCmdLineCall 000000018000c650 f   FOC_CURRENTLOOP_DOUBLE_cgxe_registry.obj
 0001:0000bfe0       ReportIndexOutOfBoundsError 000000018000cfe0 f   FOC_CURRENTLOOP_DOUBLE_cgxe_registry.obj
[...]
 0003:00000370       $SG18629                   0000000180012370     FOC_CURRENTLOOP_DOUBLE_cgxe_registry.obj
 0003:00000378       $SG18631                   0000000180012378     FOC_CURRENTLOOP_DOUBLE_cgxe_registry.obj
 0003:00000380       $SG18633                   0000000180012380     FOC_CURRENTLOOP_DOUBLE_cgxe_registry.obj
 0003:0000038c       $SG18635                   000000018001238c     FOC_CURRENTLOOP_DOUBLE_cgxe_registry.obj
 0003:00000398       $SG18637                   0000000180012398     FOC_CURRENTLOOP_DOUBLE_cgxe_registry.obj
 0003:000003a0       $SG18638                   00000001800123a0     FOC_CURRENTLOOP_DOUBLE_cgxe_registry.obj
 0003:000003a8       $SG18639                   00000001800123a8     FOC_CURRENTLOOP_DOUBLE_cgxe_registry.obj
 0003:000003b0       $SG18640                   00000001800123b0     FOC_CURRENTLOOP_DOUBLE_cgxe_registry.obj
 0003:000003bc       $SG18641                   00000001800123bc     FOC_CURRENTLOOP_DOUBLE_cgxe_registry.obj
 0003:000003c8       $SG18642                   00000001800123c8     FOC_CURRENTLOOP_DOUBLE_cgxe_registry.obj
 0003:000003d0       $SG18678                   00000001800123d0     FOC_CURRENTLOOP_DOUBLE_cgxe_registry.obj
 0003:00000400       $SG18689                   0000000180012400     FOC_CURRENTLOOP_DOUBLE_cgxe_registry.obj
 0003:00000430       $SG18715                   0000000180012430     FOC_CURRENTLOOP_DOUBLE_cgxe_registry.obj
 0003:00000448       $SG18717                   0000000180012448     FOC_CURRENTLOOP_DOUBLE_cgxe_registry.obj
 0003:00000460       $SG18719                   0000000180012460     FOC_CURRENTLOOP_DOUBLE_cgxe_registry.obj
 0003:00000478       $SG18721                   0000000180012478     FOC_CURRENTLOOP_DOUBLE_cgxe_registry.obj
 0003:00000490       $SG18723                   0000000180012490     FOC_CURRENTLOOP_DOUBLE_cgxe_registry.obj
 0003:000004a8       $SG18725                   00000001800124a8     FOC_CURRENTLOOP_DOUBLE_cgxe_registry.obj
 0003:000004c0       $SG18727                   00000001800124c0     FOC_CURRENTLOOP_DOUBLE_cgxe_registry.obj
 0003:000004d8       $SG18753                   00000001800124d8     FOC_CURRENTLOOP_DOUBLE_cgxe_registry.obj
 0003:000004f0       $SG18755                   00000001800124f0     FOC_CURRENTLOOP_DOUBLE_cgxe_registry.obj
 0003:00000508       $SG18757                   0000000180012508     FOC_CURRENTLOOP_DOUBLE_cgxe_registry.obj
 0003:00000520       $SG18759                   0000000180012520     FOC_CURRENTLOOP_DOUBLE_cgxe_registry.obj
 0003:00000538       $SG18761                   0000000180012538     FOC_CURRENTLOOP_DOUBLE_cgxe_registry.obj
 0003:00000550       $SG18763                   0000000180012550     FOC_CURRENTLOOP_DOUBLE_cgxe_registry.obj
 0003:00000568       $SG18765                   0000000180012568     FOC_CURRENTLOOP_DOUBLE_cgxe_registry.obj
 0003:00000580       $SG18779                   0000000180012580     FOC_CURRENTLOOP_DOUBLE_cgxe_registry.obj
 0003:00000590       $SG18781                   0000000180012590     FOC_CURRENTLOOP_DOUBLE_cgxe_registry.obj
 0003:000005a0       $SG18783                   00000001800125a0     FOC_CURRENTLOOP_DOUBLE_cgxe_registry.obj
 0003:000005b0       $SG18785                   00000001800125b0     FOC_CURRENTLOOP_DOUBLE_cgxe_registry.obj
 0003:000005c0       $SG18787                   00000001800125c0     FOC_CURRENTLOOP_DOUBLE_cgxe_registry.obj
 0003:000005d8       $SG18789                   00000001800125d8     FOC_CURRENTLOOP_DOUBLE_cgxe_registry.obj
 0003:000005f0       $SG18800                   00000001800125f0     FOC_CURRENTLOOP_DOUBLE_cgxe_registry.obj
 0003:00000618       _sfcnName                  0000000180012618     FOC_CURRENTLOOP_DOUBLE_cgxe_registry.obj
 0003:00000650       $SG18815                   0000000180012650     FOC_CURRENTLOOP_DOUBLE_cgxe_registry.obj
 0003:000006d0       $SG18819                   00000001800126d0     FOC_CURRENTLOOP_DOUBLE_cgxe_registry.obj
 0003:00000748       $SG19124                   0000000180012748     FOC_CURRENTLOOP_DOUBLE_cgxe_registry.obj
 0003:00000768       $SG19125                   0000000180012768     FOC_CURRENTLOOP_DOUBLE_cgxe_registry.obj
 0003:00000788       $SG19137                   0000000180012788     FOC_CURRENTLOOP_DOUBLE_cgxe_registry.obj
 0003:00000798       $SG19273                   0000000180012798     FOC_CURRENTLOOP_DOUBLE_cgxe_registry.obj
 0003:000007d8       $SG19274                   00000001800127d8     FOC_CURRENTLOOP_DOUBLE_cgxe_registry.obj
 0003:000007e8       $SG19275                   00000001800127e8     FOC_CURRENTLOOP_DOUBLE_cgxe_registry.obj
 0003:000007f0       $SG19279                   00000001800127f0     FOC_CURRENTLOOP_DOUBLE_cgxe_registry.obj
 0003:00000838       $SG19280                   0000000180012838     FOC_CURRENTLOOP_DOUBLE_cgxe_registry.obj
 0003:00000848       $SG19281                   0000000180012848     FOC_CURRENTLOOP_DOUBLE_cgxe_registry.obj
 0003:00000850       $SG19282                   0000000180012850     FOC_CURRENTLOOP_DOUBLE_cgxe_registry.obj
 0003:000008a8       $SG19283                   00000001800128a8     FOC_CURRENTLOOP_DOUBLE_cgxe_registry.obj
 0003:000008b8       $SG19284                   00000001800128b8     FOC_CURRENTLOOP_DOUBLE_cgxe_registry.obj
 0003:000008c0       $SG19304                   00000001800128c0     FOC_CURRENTLOOP_DOUBLE_cgxe_registry.obj
 0003:00000900       $SG19305                   0000000180012900     FOC_CURRENTLOOP_DOUBLE_cgxe_registry.obj
 0003:00000910       $SG19306                   0000000180012910     FOC_CURRENTLOOP_DOUBLE_cgxe_registry.obj
 0003:00000920       $SG19310                   0000000180012920     FOC_CURRENTLOOP_DOUBLE_cgxe_registry.obj
 0003:00000968       $SG19311                   0000000180012968     FOC_CURRENTLOOP_DOUBLE_cgxe_registry.obj
 0003:00000978       $SG19312                   0000000180012978     FOC_CURRENTLOOP_DOUBLE_cgxe_registry.obj
 0003:00000980       $SG19313                   0000000180012980     FOC_CURRENTLOOP_DOUBLE_cgxe_registry.obj
 0003:000009d8       $SG19314                   00000001800129d8     FOC_CURRENTLOOP_DOUBLE_cgxe_registry.obj
 0003:000009e8       $SG19315                   00000001800129e8     FOC_CURRENTLOOP_DOUBLE_cgxe_registry.obj
 0003:000009f0       $SG19334                   00000001800129f0     FOC_CURRENTLOOP_DOUBLE_cgxe_registry.obj
 0003:00000a40       $SG19335                   0000000180012a40     FOC_CURRENTLOOP_DOUBLE_cgxe_registry.obj
 0003:00000a50       $SG19336                   0000000180012a50     FOC_CURRENTLOOP_DOUBLE_cgxe_registry.obj
 0003:00000a60       $SG19345                   0000000180012a60     FOC_CURRENTLOOP_DOUBLE_cgxe_registry.obj
 0003:00000ac0       $SG19346                   0000000180012ac0     FOC_CURRENTLOOP_DOUBLE_cgxe_registry.obj
 0003:00000ac8       $SG19347                   0000000180012ac8     FOC_CURRENTLOOP_DOUBLE_cgxe_registry.obj
 0003:00000ad0       $SG19356                   0000000180012ad0     FOC_CURRENTLOOP_DOUBLE_cgxe_registry.obj
 0003:00000b30       $SG19357                   0000000180012b30     FOC_CURRENTLOOP_DOUBLE_cgxe_registry.obj
 0003:00000b38       $SG19358                   0000000180012b38     FOC_CURRENTLOOP_DOUBLE_cgxe_registry.obj
 0003:00000b40       $SG19664                   0000000180012b40     FOC_CURRENTLOOP_DOUBLE_cgxe_registry.obj
 0003:00000bc0       $SG19667                   0000000180012bc0     FOC_CURRENTLOOP_DOUBLE_cgxe_registry.obj
 0003:00000c40       $SG19672                   0000000180012c40     FOC_CURRENTLOOP_DOUBLE_cgxe_registry.obj
 0003:00000cc0       $SG19680                   0000000180012cc0     FOC_CURRENTLOOP_DOUBLE_cgxe_registry.obj
 0003:00000d30       $SG19953                   0000000180012d30     FOC_CURRENTLOOP_DOUBLE_cgxe_registry.obj
 0003:00000db0       $SG19958                   0000000180012db0     FOC_CURRENTLOOP_DOUBLE_cgxe_registry.obj
 0003:00000e28       $SG20282                   0000000180012e28     FOC_CURRENTLOOP_DOUBLE_cgxe_registry.obj
 0003:00000e40       $SG20295                   0000000180012e40     FOC_CURRENTLOOP_DOUBLE_cgxe_registry.obj
 0003:00000eb8       $SG20298                   0000000180012eb8     FOC_CURRENTLOOP_DOUBLE_cgxe_registry.obj
 0003:00000ebc       $SG20350                   0000000180012ebc     FOC_CURRENTLOOP_DOUBLE_cgxe_registry.obj
 0003:00000ec4       $SG20351                   0000000180012ec4     FOC_CURRENTLOOP_DOUBLE_cgxe_registry.obj
 0003:00000ecc       $SG20352                   0000000180012ecc     FOC_CURRENTLOOP_DOUBLE_cgxe_registry.obj
 0003:00000ee0       $SG20353                   0000000180012ee0     FOC_CURRENTLOOP_DOUBLE_cgxe_registry.obj
 0003:00000f60       $SG20355                   0000000180012f60     FOC_CURRENTLOOP_DOUBLE_cgxe_registry.obj
 0003:00000fdc       $SG20358                   0000000180012fdc     FOC_CURRENTLOOP_DOUBLE_cgxe_registry.obj
 0003:00000fe4       $SG20361                   0000000180012fe4     FOC_CURRENTLOOP_DOUBLE_cgxe_registry.obj
 0003:00000fec       $SG20364                   0000000180012fec     FOC_CURRENTLOOP_DOUBLE_cgxe_registry.obj
 0003:00001000       $SG20365                   0000000180013000     FOC_CURRENTLOOP_DOUBLE_cgxe_registry.obj
 0003:00001080       $SG20366                   0000000180013080     FOC_CURRENTLOOP_DOUBLE_cgxe_registry.obj
 0003:00001090       $SG20368                   0000000180013090     FOC_CURRENTLOOP_DOUBLE_cgxe_registry.obj
 0003:0000109c       $SG20370                   000000018001309c     FOC_CURRENTLOOP_DOUBLE_cgxe_registry.obj
 0003:000010a4       $SG20372                   00000001800130a4     FOC_CURRENTLOOP_DOUBLE_cgxe_registry.obj
 0003:000010b0       $SG20374                   00000001800130b0     FOC_CURRENTLOOP_DOUBLE_cgxe_registry.obj
 0003:000010bc       $SG20376                   00000001800130bc     FOC_CURRENTLOOP_DOUBLE_cgxe_registry.obj
 0003:000010c0       $SG20379                   00000001800130c0     FOC_CURRENTLOOP_DOUBLE_cgxe_registry.obj
 0003:000011a8       $SG20489                   00000001800131a8     FOC_CURRENTLOOP_DOUBLE_cgxe_registry.obj
 0003:000011d8       $SG20490                   00000001800131d8     FOC_CURRENTLOOP_DOUBLE_cgxe_registry.obj
 0003:000011e8       $SG20491                   00000001800131e8     FOC_CURRENTLOOP_DOUBLE_cgxe_registry.obj
 0003:000011f0       $SG20493                   00000001800131f0     FOC_CURRENTLOOP_DOUBLE_cgxe_registry.obj
 0003:00001228       $SG20494                   0000000180013228     FOC_CURRENTLOOP_DOUBLE_cgxe_registry.obj
 0003:00001238       $SG20495                   0000000180013238     FOC_CURRENTLOOP_DOUBLE_cgxe_registry.obj
 0003:00001240       $SG20498                   0000000180013240     FOC_CURRENTLOOP_DOUBLE_cgxe_registry.obj
 0003:00001278       $SG20499                   0000000180013278     FOC_CURRENTLOOP_DOUBLE_cgxe_registry.obj
 0003:00001288       $SG20500                   0000000180013288     FOC_CURRENTLOOP_DOUBLE_cgxe_registry.obj
 0003:00001290       $SG20502                   0000000180013290     FOC_CURRENTLOOP_DOUBLE_cgxe_registry.obj
 0003:000012c8       $SG20503                   00000001800132c8     FOC_CURRENTLOOP_DOUBLE_cgxe_registry.obj
 0003:000012d8       $SG20504                   00000001800132d8     FOC_CURRENTLOOP_DOUBLE_cgxe_registry.obj
 0003:000012e0       $SG20506                   00000001800132e0     FOC_CURRENTLOOP_DOUBLE_cgxe_registry.obj
 0003:00001318       $SG20507                   0000000180013318     FOC_CURRENTLOOP_DOUBLE_cgxe_registry.obj
 0003:00001328       $SG20508                   0000000180013328     FOC_CURRENTLOOP_DOUBLE_cgxe_registry.obj
 0003:00001330       $SG20511                   0000000180013330     FOC_CURRENTLOOP_DOUBLE_cgxe_registry.obj
 0003:00001350       $SG20513                   0000000180013350     FOC_CURRENTLOOP_DOUBLE_cgxe_registry.obj
 0003:00001368       $SG20514                   0000000180013368     FOC_CURRENTLOOP_DOUBLE_cgxe_registry.obj
 0003:000013a0       $SG20515                   00000001800133a0     FOC_CURRENTLOOP_DOUBLE_cgxe_registry.obj
 0003:000013b0       $SG20516                   00000001800133b0     FOC_CURRENTLOOP_DOUBLE_cgxe_registry.obj
 0003:000013b8       $SG20647                   00000001800133b8     FOC_CURRENTLOOP_DOUBLE_cgxe_registry.obj
 0003:000013e0       $SG20648                   00000001800133e0     FOC_CURRENTLOOP_DOUBLE_cgxe_registry.obj
 0003:00001470       $SG20654                   0000000180013470     FOC_CURRENTLOOP_DOUBLE_cgxe_registry.obj
 0003:00001490       $SG20655                   0000000180013490     FOC_CURRENTLOOP_DOUBLE_cgxe_registry.obj
 0003:00001520       $SG20661                   0000000180013520     FOC_CURRENTLOOP_DOUBLE_cgxe_registry.obj
 0003:00001540       $SG20662                   0000000180013540     FOC_CURRENTLOOP_DOUBLE_cgxe_registry.obj
 0003:000015d0       $SG20668                   00000001800135d0     FOC_CURRENTLOOP_DOUBLE_cgxe_registry.obj
 0003:000015f0       $SG20669                   00000001800135f0     FOC_CURRENTLOOP_DOUBLE_cgxe_registry.obj
 0003:00001680       $SG20675                   0000000180013680     FOC_CURRENTLOOP_DOUBLE_cgxe_registry.obj
 0003:000016a0       $SG20676                   00000001800136a0     FOC_CURRENTLOOP_DOUBLE_cgxe_registry.obj
 0003:00001730       $SG20680                   0000000180013730     FOC_CURRENTLOOP_DOUBLE_cgxe_registry.obj
 0003:00001750       $SG20681                   0000000180013750     FOC_CURRENTLOOP_DOUBLE_cgxe_registry.obj
 0003:000017e0       $SG20685                   00000001800137e0     FOC_CURRENTLOOP_DOUBLE_cgxe_registry.obj
 0003:00001810       $SG20686                   0000000180013810     FOC_CURRENTLOOP_DOUBLE_cgxe_registry.obj
 0003:000018a0       $SG20690                   00000001800138a0     FOC_CURRENTLOOP_DOUBLE_cgxe_registry.obj
 0003:000018d0       $SG20691                   00000001800138d0     FOC_CURRENTLOOP_DOUBLE_cgxe_registry.obj
 0003:00001960       $SG20695                   0000000180013960     FOC_CURRENTLOOP_DOUBLE_cgxe_registry.obj
 0003:00001980       $SG20696                   0000000180013980     FOC_CURRENTLOOP_DOUBLE_cgxe_registry.obj
 0003:00001a10       $SG20700                   0000000180013a10     FOC_CURRENTLOOP_DOUBLE_cgxe_registry.obj
 0003:00001a30       $SG20701                   0000000180013a30     FOC_CURRENTLOOP_DOUBLE_cgxe_registry.obj
 0003:00001ac0       $SG20705                   0000000180013ac0     FOC_CURRENTLOOP_DOUBLE_cgxe_registry.obj
 0003:00001ae0       $SG20706                   0000000180013ae0     FOC_CURRENTLOOP_DOUBLE_cgxe_registry.obj
 0003:00001b70       $SG20710                   0000000180013b70     FOC_CURRENTLOOP_DOUBLE_cgxe_registry.obj
 0003:00001b90       $SG20711                   0000000180013b90     FOC_CURRENTLOOP_DOUBLE_cgxe_registry.obj
 0003:00001c20       $SG20715                   0000000180013c20     FOC_CURRENTLOOP_DOUBLE_cgxe_registry.obj
 0003:00001c40       $SG20716                   0000000180013c40     FOC_CURRENTLOOP_DOUBLE_cgxe_registry.obj
 0003:00001cd0       $SG20720                   0000000180013cd0     FOC_CURRENTLOOP_DOUBLE_cgxe_registry.obj
 0003:00001cf0       $SG20721                   0000000180013cf0     FOC_CURRENTLOOP_DOUBLE_cgxe_registry.obj
 0003:00001d80       $SG20725                   0000000180013d80     FOC_CURRENTLOOP_DOUBLE_cgxe_registry.obj
 0003:00001da0       $SG20726                   0000000180013da0     FOC_CURRENTLOOP_DOUBLE_cgxe_registry.obj
 0003:00001e30       $SG20730                   0000000180013e30     FOC_CURRENTLOOP_DOUBLE_cgxe_registry.obj
 0003:00001e50       $SG20731                   0000000180013e50     FOC_CURRENTLOOP_DOUBLE_cgxe_registry.obj
 0003:00001ee0       $SG20735                   0000000180013ee0     FOC_CURRENTLOOP_DOUBLE_cgxe_registry.obj
 0003:00001f00       $SG20736                   0000000180013f00     FOC_CURRENTLOOP_DOUBLE_cgxe_registry.obj
 0003:00001f90       $SG20741                   0000000180013f90     FOC_CURRENTLOOP_DOUBLE_cgxe_registry.obj
 0003:00001fb0       $SG20742                   0000000180013fb0     FOC_CURRENTLOOP_DOUBLE_cgxe_registry.obj
 0003:00002040       $SG20747                   0000000180014040     FOC_CURRENTLOOP_DOUBLE_cgxe_registry.obj
 0003:00002060       $SG20748                   0000000180014060     FOC_CURRENTLOOP_DOUBLE_cgxe_registry.obj
 0003:000020f0       $SG20752                   00000001800140f0     FOC_CURRENTLOOP_DOUBLE_cgxe_registry.obj
 0003:00002100       $SG20753                   0000000180014100     FOC_CURRENTLOOP_DOUBLE_cgxe_registry.obj
 0003:00002190       $SG20757                   0000000180014190     FOC_CURRENTLOOP_DOUBLE_cgxe_registry.obj
 0003:000021b0       $SG20758                   00000001800141b0     FOC_CURRENTLOOP_DOUBLE_cgxe_registry.obj
 0003:00002240       $SG20766                   0000000180014240     FOC_CURRENTLOOP_DOUBLE_cgxe_registry.obj
 0003:00002250       $SG20767                   0000000180014250     FOC_CURRENTLOOP_DOUBLE_cgxe_registry.obj
 0003:000022e0       $SG20771                   00000001800142e0     FOC_CURRENTLOOP_DOUBLE_cgxe_registry.obj
 0003:00002360       $SG20773                   0000000180014360     FOC_CURRENTLOOP_DOUBLE_cgxe_registry.obj
 0003:000023e0       $SG20777                   00000001800143e0     FOC_CURRENTLOOP_DOUBLE_cgxe_registry.obj
 0003:00002460       $SG20800                   0000000180014460     FOC_CURRENTLOOP_DOUBLE_cgxe_registry.obj
 0003:00002578       $SG20808                   0000000180014578     FOC_CURRENTLOOP_DOUBLE_cgxe_registry.obj
 0003:00002588       $SG20815                   0000000180014588     FOC_CURRENTLOOP_DOUBLE_cgxe_registry.obj
 0003:00002598       $SG20823                   0000000180014598     FOC_CURRENTLOOP_DOUBLE_cgxe_registry.obj
 0003:000025a8       $SG20830                   00000001800145a8     FOC_CURRENTLOOP_DOUBLE_cgxe_registry.obj
 0003:000025b8       $SG20838                   00000001800145b8     FOC_CURRENTLOOP_DOUBLE_cgxe_registry.obj
 0003:000025c8       $SG20845                   00000001800145c8     FOC_CURRENTLOOP_DOUBLE_cgxe_registry.obj
 0003:000025d8       $SG20851                   00000001800145d8     FOC_CURRENTLOOP_DOUBLE_cgxe_registry.obj
 0003:000025f8       $SG20861                   00000001800145f8     FOC_CURRENTLOOP_DOUBLE_cgxe_registry.obj
 0003:00002628       $SG20862                   0000000180014628     FOC_CURRENTLOOP_DOUBLE_cgxe_registry.obj
 0003:00002630       $SG20863                   0000000180014630     FOC_CURRENTLOOP_DOUBLE_cgxe_registry.obj
 0003:00002638       $SG20873                   0000000180014638     FOC_CURRENTLOOP_DOUBLE_cgxe_registry.obj
 0003:00002670       $SG20874                   0000000180014670     FOC_CURRENTLOOP_DOUBLE_cgxe_registry.obj
 0003:00002678       $SG20875                   0000000180014678     FOC_CURRENTLOOP_DOUBLE_cgxe_registry.obj
 0003:00002700       $SG20346                   0000000180014700     FOC_CURRENTLOOP_DOUBLE_cgxe_registry.obj
 0003:00002702       ?warningGuard@?1??ssGetRootSS@@9@9 0000000180014702     FOC_CURRENTLOOP_DOUBLE_cgxe_registry.obj
 0003:00002703       ?warningGuard@?1??ssGetParentSS@@9@9 0000000180014703     FOC_CURRENTLOOP_DOUBLE_cgxe_registry.obj
 0003:00002710       GS_ExceptionRecord         0000000180014710     MSVCRT:gs_report.obj
 0003:000027b0       GS_ContextRecord           00000001800147b0     MSVCRT:gs_report.obj
 0003:00002c80       ?__proc_attached@@3HA      0000000180014c80     MSVCRT:dll_dllmain.obj
 0003:00002cc0       ?is_initialized_as_dll@@3_NA 0000000180014cc0     MSVCRT:utility.obj
 0003:00002cc1       ?module_local_atexit_table_initialized@@3_NA 0000000180014cc1     MSVCRT:utility.obj
 0003:00002cc8       ?module_local_atexit_table@@3U_onexit_table_t@@A 0000000180014cc8     MSVCRT:utility.obj
 0003:00002ce0       ?module_local_at_quick_exit_table@@3U_onexit_table_t@@A 0000000180014ce0     MSVCRT:utility.obj
