Component: ARM Compiler 5.06 update 6 (build 750) Tool: armlink [4d35ed]

==============================================================================

Section Cross References

    startup_stm32g431xx.o(RESET) refers to startup_stm32g431xx.o(STACK) for __initial_sp
    startup_stm32g431xx.o(RESET) refers to startup_stm32g431xx.o(.text) for Reset_Handler
    startup_stm32g431xx.o(RESET) refers to stm32g4xx_it.o(i.NMI_Handler) for NMI_Handler
    startup_stm32g431xx.o(RESET) refers to stm32g4xx_it.o(i.HardFault_Handler) for HardFault_Handler
    startup_stm32g431xx.o(RESET) refers to stm32g4xx_it.o(i.MemManage_Handler) for MemManage_Handler
    startup_stm32g431xx.o(RESET) refers to stm32g4xx_it.o(i.BusFault_Handler) for BusFault_Handler
    startup_stm32g431xx.o(RESET) refers to stm32g4xx_it.o(i.UsageFault_Handler) for UsageFault_Handler
    startup_stm32g431xx.o(RESET) refers to stm32g4xx_it.o(i.SVC_Handler) for SVC_Handler
    startup_stm32g431xx.o(RESET) refers to stm32g4xx_it.o(i.DebugMon_Handler) for DebugMon_Handler
    startup_stm32g431xx.o(RESET) refers to stm32g4xx_it.o(i.PendSV_Handler) for PendSV_Handler
    startup_stm32g431xx.o(RESET) refers to stm32g4xx_it.o(i.SysTick_Handler) for SysTick_Handler
    startup_stm32g431xx.o(RESET) refers to stm32g4xx_it.o(i.DMA1_Channel1_IRQHandler) for DMA1_Channel1_IRQHandler
    startup_stm32g431xx.o(RESET) refers to stm32g4xx_it.o(i.DMA1_Channel2_IRQHandler) for DMA1_Channel2_IRQHandler
    startup_stm32g431xx.o(RESET) refers to stm32g4xx_it.o(i.ADC1_2_IRQHandler) for ADC1_2_IRQHandler
    startup_stm32g431xx.o(RESET) refers to stm32g4xx_it.o(i.USART2_IRQHandler) for USART2_IRQHandler
    startup_stm32g431xx.o(RESET) refers to stm32g4xx_it.o(i.EXTI15_10_IRQHandler) for EXTI15_10_IRQHandler
    startup_stm32g431xx.o(.text) refers to system_stm32g4xx.o(i.SystemInit) for SystemInit
    startup_stm32g431xx.o(.text) refers to entry.o(.ARM.Collect$$$$00000000) for __main
    foc_current.o(i.FOC_CURRENT_initialize) refers to foc_current.o(.constdata) for FOC_CURRENT_M
    foc_current.o(i.FOC_CURRENT_initialize) refers to foc_current.o(.data) for FOC_CURRENT_DW
    foc_current.o(i.FOC_CURRENT_step) refers to arm_sin_f32.o(.text.arm_sin_f32) for arm_sin_f32
    foc_current.o(i.FOC_CURRENT_step) refers to arm_cos_f32.o(.text.arm_cos_f32) for arm_cos_f32
    foc_current.o(i.FOC_CURRENT_step) refers to foc_current.o(i.FOC_CURRENT_clark) for FOC_CURRENT_clark
    foc_current.o(i.FOC_CURRENT_step) refers to fminf.o(i.__hardfp_fminf) for __hardfp_fminf
    foc_current.o(i.FOC_CURRENT_step) refers to fmaxf.o(i.__hardfp_fmaxf) for __hardfp_fmaxf
    foc_current.o(i.FOC_CURRENT_step) refers to fmodf.o(i.__hardfp_fmodf) for __hardfp_fmodf
    foc_current.o(i.FOC_CURRENT_step) refers to foc_current.o(.bss) for FOC_CURRENT_U
    foc_current.o(i.FOC_CURRENT_step) refers to foc_current.o(.data) for FOC_CURRENT_DW
    foc_current.o(.constdata) refers to foc_current.o(.data) for FOC_CURRENT_M_
    bsp.o(i.HAL_ADCEx_InjectedConvCpltCallback) refers to stm32g4xx_hal_adc_ex.o(i.HAL_ADCEx_InjectedGetValue) for HAL_ADCEx_InjectedGetValue
    bsp.o(i.HAL_ADCEx_InjectedConvCpltCallback) refers to foc_current.o(i.FOC_CURRENT_initialize) for FOC_CURRENT_initialize
    bsp.o(i.HAL_ADCEx_InjectedConvCpltCallback) refers to bsp.o(i.ParaInit) for ParaInit
    bsp.o(i.HAL_ADCEx_InjectedConvCpltCallback) refers to stm32g4xx_hal_gpio.o(i.HAL_GPIO_WritePin) for HAL_GPIO_WritePin
    bsp.o(i.HAL_ADCEx_InjectedConvCpltCallback) refers to stm32g4xx_hal.o(i.HAL_Delay) for HAL_Delay
    bsp.o(i.HAL_ADCEx_InjectedConvCpltCallback) refers to bsp.o(i.StartPWM) for StartPWM
    bsp.o(i.HAL_ADCEx_InjectedConvCpltCallback) refers to foc_current.o(i.FOC_CURRENT_step) for FOC_CURRENT_step
    bsp.o(i.HAL_ADCEx_InjectedConvCpltCallback) refers to bsp.o(i.StopPWM) for StopPWM
    bsp.o(i.HAL_ADCEx_InjectedConvCpltCallback) refers to bsp.o(i.UploadData) for UploadData
    bsp.o(i.HAL_ADCEx_InjectedConvCpltCallback) refers to main.o(.bss) for hadc1
    bsp.o(i.HAL_ADCEx_InjectedConvCpltCallback) refers to bsp.o(.bss) for mc_info
    bsp.o(i.HAL_ADCEx_InjectedConvCpltCallback) refers to foc_current.o(.bss) for FOC_CURRENT_U
    bsp.o(i.HAL_GPIO_EXTI_Callback) refers to main.o(.bss) for htim2
    bsp.o(i.HAL_GPIO_EXTI_Callback) refers to bsp.o(.bss) for mc_info
    bsp.o(i.ParaInit) refers to bsp.o(.bss) for mc_info
    bsp.o(i.StartPWM) refers to stm32g4xx_hal_tim.o(i.HAL_TIM_PWM_Start) for HAL_TIM_PWM_Start
    bsp.o(i.StartPWM) refers to stm32g4xx_hal_tim_ex.o(i.HAL_TIMEx_PWMN_Start) for HAL_TIMEx_PWMN_Start
    bsp.o(i.StartPWM) refers to main.o(.bss) for htim1
    bsp.o(i.StopPWM) refers to stm32g4xx_hal_tim.o(i.HAL_TIM_PWM_Stop) for HAL_TIM_PWM_Stop
    bsp.o(i.StopPWM) refers to stm32g4xx_hal_tim_ex.o(i.HAL_TIMEx_PWMN_Stop) for HAL_TIMEx_PWMN_Stop
    bsp.o(i.StopPWM) refers to main.o(.bss) for htim1
    bsp.o(i.UploadData) refers to stm32g4xx_hal_uart.o(i.HAL_UART_Transmit_DMA) for HAL_UART_Transmit_DMA
[...]
    RESET                                    0x08000000   Section      472  startup_stm32g431xx.o(RESET)
    .ARM.Collect$$$$00000000                 0x080001d8   Section        0  entry.o(.ARM.Collect$$$$00000000)
    .ARM.Collect$$$$00000001                 0x080001d8   Section        4  entry2.o(.ARM.Collect$$$$00000001)
    .ARM.Collect$$$$00000004                 0x080001dc   Section        4  entry5.o(.ARM.Collect$$$$00000004)
    .ARM.Collect$$$$00000008                 0x080001e0   Section        0  entry7b.o(.ARM.Collect$$$$00000008)
    .ARM.Collect$$$$0000000A                 0x080001e0   Section        0  entry8b.o(.ARM.Collect$$$$0000000A)
    .ARM.Collect$$$$0000000B                 0x080001e0   Section        8  entry9a.o(.ARM.Collect$$$$0000000B)
    .ARM.Collect$$$$0000000D                 0x080001e8   Section        0  entry10a.o(.ARM.Collect$$$$0000000D)
    .ARM.Collect$$$$0000000F                 0x080001e8   Section        0  entry11a.o(.ARM.Collect$$$$0000000F)
    .ARM.Collect$$$$00002712                 0x080001e8   Section        4  entry2.o(.ARM.Collect$$$$00002712)
    __lit__00000000                          0x080001e8   Data           4  entry2.o(.ARM.Collect$$$$00002712)
    .text                                    0x080001ec   Section       36  startup_stm32g431xx.o(.text)
    $v0                                      0x080001ec   Number         0  startup_stm32g431xx.o(.text)
    .text                                    0x08000210   Section        0  uldiv.o(.text)
    .text                                    0x08000272   Section        0  memseta.o(.text)
    .text                                    0x08000296   Section        0  llshl.o(.text)
    .text                                    0x080002b4   Section        0  llushr.o(.text)
    .text                                    0x080002d4   Section        0  frem.o(.text)
    .text                                    0x080002d4   Section        0  iusefp.o(.text)
    .text                                    0x08000326   Section        0  fcmp4.o(.text)
    .text                                    0x0800035c   Section       36  init.o(.text)
    .text                                    0x08000380   Section        0  fepilogue.o(.text)
    [Anonymous Symbol]                       0x080003f0   Section        0  arm_cos_f32.o(.text.arm_cos_f32)
    [Anonymous Symbol]                       0x08000488   Section        0  arm_sin_f32.o(.text.arm_sin_f32)
    i.ADC1_2_IRQHandler                      0x08000518   Section        0  stm32g4xx_it.o(i.ADC1_2_IRQHandler)
    i.ADC_Disable                            0x08000530   Section        0  stm32g4xx_hal_adc.o(i.ADC_Disable)
    i.ADC_Enable                             0x080005b8   Section        0  stm32g4xx_hal_adc.o(i.ADC_Enable)
    i.BusFault_Handler                       0x08000630   Section        0  stm32g4xx_it.o(i.BusFault_Handler)
    i.CRC_Handle_16                          0x08000634   Section        0  stm32g4xx_hal_crc.o(i.CRC_Handle_16)
    CRC_Handle_16                            0x08000635   Thumb Code    62  stm32g4xx_hal_crc.o(i.CRC_Handle_16)
    i.CRC_Handle_8                           0x08000672   Section        0  stm32g4xx_hal_crc.o(i.CRC_Handle_8)
    CRC_Handle_8                             0x08000673   Thumb Code   146  stm32g4xx_hal_crc.o(i.CRC_Handle_8)
    i.DMA1_Channel1_IRQHandler               0x08000704   Section        0  stm32g4xx_it.o(i.DMA1_Channel1_IRQHandler)
    i.DMA1_Channel2_IRQHandler               0x08000714   Section        0  stm32g4xx_it.o(i.DMA1_Channel2_IRQHandler)
    i.DMA_CalcDMAMUXChannelBaseAndMask       0x08000724   Section        0  stm32g4xx_hal_dma.o(i.DMA_CalcDMAMUXChannelBaseAndMask)
    DMA_CalcDMAMUXChannelBaseAndMask         0x08000725   Thumb Code    58  stm32g4xx_hal_dma.o(i.DMA_CalcDMAMUXChannelBaseAndMask)
    i.DMA_CalcDMAMUXRequestGenBaseAndMask    0x08000768   Section        0  stm32g4xx_hal_dma.o(i.DMA_CalcDMAMUXRequestGenBaseAndMask)
    DMA_CalcDMAMUXRequestGenBaseAndMask      0x08000769   Thumb Code    32  stm32g4xx_hal_dma.o(i.DMA_CalcDMAMUXRequestGenBaseAndMask)
    i.DMA_SetConfig                          0x0800078c   Section        0  stm32g4xx_hal_dma.o(i.DMA_SetConfig)
    DMA_SetConfig                            0x0800078d   Thumb Code    64  stm32g4xx_hal_dma.o(i.DMA_SetConfig)
    i.DebugMon_Handler                       0x080007cc   Section        0  stm32g4xx_it.o(i.DebugMon_Handler)
    i.EXTI15_10_IRQHandler                   0x080007ce   Section        0  stm32g4xx_it.o(i.EXTI15_10_IRQHandler)
    i.Error_Handler                          0x080007da   Section        0  main.o(i.Error_Handler)
    i.FOC_CURRENT_clark                      0x080007dc   Section        0  foc_current.o(i.FOC_CURRENT_clark)
    i.FOC_CURRENT_initialize                 0x08000814   Section        0  foc_current.o(i.FOC_CURRENT_initialize)
    i.FOC_CURRENT_step                       0x08000830   Section        0  foc_current.o(i.FOC_CURRENT_step)
    i.HAL_ADCEx_Calibration_Start            0x08000ce4   Section        0  stm32g4xx_hal_adc_ex.o(i.HAL_ADCEx_Calibration_Start)
    i.HAL_ADCEx_EndOfSamplingCallback        0x08000d94   Section        0  stm32g4xx_hal_adc_ex.o(i.HAL_ADCEx_EndOfSamplingCallback)
    i.HAL_ADCEx_InjectedConfigChannel        0x08000d98   Section        0  stm32g4xx_hal_adc_ex.o(i.HAL_ADCEx_InjectedConfigChannel)
    i.HAL_ADCEx_InjectedConvCpltCallback     0x080013c4   Section        0  bsp.o(i.HAL_ADCEx_InjectedConvCpltCallback)
    i.HAL_ADCEx_InjectedGetValue             0x08001790   Section        0  stm32g4xx_hal_adc_ex.o(i.HAL_ADCEx_InjectedGetValue)
    i.HAL_ADCEx_InjectedQueueOverflowCallback 0x080017ce   Section        0  stm32g4xx_hal_adc_ex.o(i.HAL_ADCEx_InjectedQueueOverflowCallback)
    i.HAL_ADCEx_InjectedStart                0x080017d0   Section        0  stm32g4xx_hal_adc_ex.o(i.HAL_ADCEx_InjectedStart)
    i.HAL_ADCEx_InjectedStart_IT             0x080018d8   Section        0  stm32g4xx_hal_adc_ex.o(i.HAL_ADCEx_InjectedStart_IT)
    i.HAL_ADCEx_LevelOutOfWindow2Callback    0x08001a34   Section        0  stm32g4xx_hal_adc_ex.o(i.HAL_ADCEx_LevelOutOfWindow2Callback)
    i.HAL_ADCEx_LevelOutOfWindow3Callback    0x08001a36   Section        0  stm32g4xx_hal_adc_ex.o(i.HAL_ADCEx_LevelOutOfWindow3Callback)
    i.HAL_ADCEx_MultiModeConfigChannel       0x08001a38   Section        0  stm32g4xx_hal_adc_ex.o(i.HAL_ADCEx_MultiModeConfigChannel)
    i.HAL_ADC_ConfigChannel                  0x08001b40   Section        0  stm32g4xx_hal_adc.o(i.HAL_ADC_ConfigChannel)
    i.HAL_ADC_ConvCpltCallback               0x08002048   Section        0  stm32g4xx_hal_adc.o(i.HAL_ADC_ConvCpltCallback)
    i.HAL_ADC_ErrorCallback                  0x0800204a   Section        0  stm32g4xx_hal_adc.o(i.HAL_ADC_ErrorCallback)
    i.HAL_ADC_IRQHandler                     0x0800204c   Section        0  stm32g4xx_hal_adc.o(i.HAL_ADC_IRQHandler)
    i.HAL_ADC_Init                           0x0800237c   Section        0  stm32g4xx_hal_adc.o(i.HAL_ADC_Init)
    i.HAL_ADC_LevelOutOfWindowCallback       0x080025e0   Section        0  stm32g4xx_hal_adc.o(i.HAL_ADC_LevelOutOfWindowCallback)
    i.HAL_ADC_MspInit                        0x080025e4   Section        0  stm32g4xx_hal_msp.o(i.HAL_ADC_MspInit)
    i.HAL_CRCEx_Polynomial_Set               0x080026f4   Section        0  stm32g4xx_hal_crc_ex.o(i.HAL_CRCEx_Polynomial_Set)
    i.HAL_CRC_Calculate                      0x0800275a   Section        0  stm32g4xx_hal_crc.o(i.HAL_CRC_Calculate)
    i.HAL_CRC_Init                           0x080027cc   Section        0  stm32g4xx_hal_crc.o(i.HAL_CRC_Init)
    i.HAL_CRC_MspInit                        0x08002850   Section        0  stm32g4xx_hal_msp.o(i.HAL_CRC_MspInit)
    i.HAL_DMA_Abort_IT                       0x08002880   Section        0  stm32g4xx_hal_dma.o(i.HAL_DMA_Abort_IT)
    i.HAL_DMA_IRQHandler                     0x08002914   Section        0  stm32g4xx_hal_dma.o(i.HAL_DMA_IRQHandler)
    i.HAL_DMA_Init                           0x08002a14   Section        0  stm32g4xx_hal_dma.o(i.HAL_DMA_Init)
    i.HAL_DMA_Start_IT                       0x08002ae4   Section        0  stm32g4xx_hal_dma.o(i.HAL_DMA_Start_IT)
    i.HAL_Delay                              0x08002ba8   Section        0  stm32g4xx_hal.o(i.HAL_Delay)
    i.HAL_GPIO_EXTI_Callback                 0x08002bd0   Section        0  bsp.o(i.HAL_GPIO_EXTI_Callback)
    i.HAL_GPIO_EXTI_IRQHandler               0x08002bf4   Section        0  stm32g4xx_hal_gpio.o(i.HAL_GPIO_EXTI_IRQHandler)
    i.HAL_GPIO_Init                          0x08002c10   Section        0  stm32g4xx_hal_gpio.o(i.HAL_GPIO_Init)
    i.HAL_GPIO_WritePin                      0x08002de8   Section        0  stm32g4xx_hal_gpio.o(i.HAL_GPIO_WritePin)
    i.HAL_GetTick                            0x08002df4   Section        0  stm32g4xx_hal.o(i.HAL_GetTick)
    i.HAL_IncTick                            0x08002e00   Section        0  stm32g4xx_hal.o(i.HAL_IncTick)
    i.HAL_Init                               0x08002e18   Section        0  stm32g4xx_hal.o(i.HAL_Init)
    i.HAL_InitTick                           0x08002e38   Section        0  stm32g4xx_hal.o(i.HAL_InitTick)
    i.HAL_MspInit                            0x08002e90   Section        0  stm32g4xx_hal_msp.o(i.HAL_MspInit)
    i.HAL_NVIC_EnableIRQ                     0x08002ed4   Section        0  stm32g4xx_hal_cortex.o(i.HAL_NVIC_EnableIRQ)
    i.HAL_NVIC_SetPriority                   0x08002efc   Section        0  stm32g4xx_hal_cortex.o(i.HAL_NVIC_SetPriority)
    i.HAL_NVIC_SetPriorityGrouping           0x08002f78   Section        0  stm32g4xx_hal_cortex.o(i.HAL_NVIC_SetPriorityGrouping)
    i.HAL_PWREx_ControlVoltageScaling        0x08002fa0   Section        0  stm32g4xx_hal_pwr_ex.o(i.HAL_PWREx_ControlVoltageScaling)
    i.HAL_PWREx_DisableUCPDDeadBattery       0x080030b8   Section        0  stm32g4xx_hal_pwr_ex.o(i.HAL_PWREx_DisableUCPDDeadBattery)
    i.HAL_RCCEx_PeriphCLKConfig              0x080030cc   Section        0  stm32g4xx_hal_rcc_ex.o(i.HAL_RCCEx_PeriphCLKConfig)
    i.HAL_RCC_ClockConfig                    0x0800343c   Section        0  stm32g4xx_hal_rcc.o(i.HAL_RCC_ClockConfig)
    i.HAL_RCC_GetHCLKFreq                    0x08003660   Section        0  stm32g4xx_hal_rcc.o(i.HAL_RCC_GetHCLKFreq)
    i.HAL_RCC_GetPCLK1Freq                   0x0800366c   Section        0  stm32g4xx_hal_rcc.o(i.HAL_RCC_GetPCLK1Freq)
    i.HAL_RCC_GetPCLK2Freq                   0x08003690   Section        0  stm32g4xx_hal_rcc.o(i.HAL_RCC_GetPCLK2Freq)
    i.HAL_RCC_GetSysClockFreq                0x080036b4   Section        0  stm32g4xx_hal_rcc.o(i.HAL_RCC_GetSysClockFreq)
    i.HAL_RCC_OscConfig                      0x0800374c   Section        0  stm32g4xx_hal_rcc.o(i.HAL_RCC_OscConfig)
    i.HAL_SYSTICK_Config                     0x08003cb4   Section        0  stm32g4xx_hal_cortex.o(i.HAL_SYSTICK_Config)
    i.HAL_TIMEx_ConfigBreakDeadTime          0x08003ce8   Section        0  stm32g4xx_hal_tim_ex.o(i.HAL_TIMEx_ConfigBreakDeadTime)
    i.HAL_TIMEx_MasterConfigSynchronization  0x08003dd0   Section        0  stm32g4xx_hal_tim_ex.o(i.HAL_TIMEx_MasterConfigSynchronization)
    i.HAL_TIMEx_PWMN_Start                   0x08003e88   Section        0  stm32g4xx_hal_tim_ex.o(i.HAL_TIMEx_PWMN_Start)
    i.HAL_TIMEx_PWMN_Stop                    0x08003f70   Section        0  stm32g4xx_hal_tim_ex.o(i.HAL_TIMEx_PWMN_Stop)
    i.HAL_TIM_Base_Init                      0x08003ff8   Section        0  stm32g4xx_hal_tim.o(i.HAL_TIM_Base_Init)
    i.HAL_TIM_Base_MspInit                   0x08004068   Section        0  stm32g4xx_hal_msp.o(i.HAL_TIM_Base_MspInit)
    i.HAL_TIM_Base_Start                     0x08004124   Section        0  stm32g4xx_hal_tim.o(i.HAL_TIM_Base_Start)
    i.HAL_TIM_ConfigClockSource              0x080041b4   Section        0  stm32g4xx_hal_tim.o(i.HAL_TIM_ConfigClockSource)
    i.HAL_TIM_Encoder_Init                   0x080042e4   Section        0  stm32g4xx_hal_tim.o(i.HAL_TIM_Encoder_Init)
    i.HAL_TIM_Encoder_MspInit                0x080043b0   Section        0  stm32g4xx_hal_msp.o(i.HAL_TIM_Encoder_MspInit)
    i.HAL_TIM_Encoder_Start                  0x0800445c   Section        0  stm32g4xx_hal_tim.o(i.HAL_TIM_Encoder_Start)
    i.HAL_TIM_MspPostInit                    0x08004528   Section        0  stm32g4xx_hal_msp.o(i.HAL_TIM_MspPostInit)
    i.HAL_TIM_PWM_ConfigChannel              0x080045bc   Section        0  stm32g4xx_hal_tim.o(i.HAL_TIM_PWM_ConfigChannel)
    i.HAL_TIM_PWM_Init                       0x08004724   Section        0  stm32g4xx_hal_tim.o(i.HAL_TIM_PWM_Init)
    i.HAL_TIM_PWM_MspInit                    0x08004792   Section        0  stm32g4xx_hal_tim.o(i.HAL_TIM_PWM_MspInit)
    i.HAL_TIM_PWM_Start                      0x08004794   Section        0  stm32g4xx_hal_tim.o(i.HAL_TIM_PWM_Start)
    i.HAL_TIM_PWM_Stop                       0x080048e0   Section        0  stm32g4xx_hal_tim.o(i.HAL_TIM_PWM_Stop)
    i.HAL_UARTEx_DisableFifoMode             0x080049c4   Section        0  stm32g4xx_hal_uart_ex.o(i.HAL_UARTEx_DisableFifoMode)
    i.HAL_UARTEx_RxFifoFullCallback          0x08004a12   Section        0  stm32g4xx_hal_uart_ex.o(i.HAL_UARTEx_RxFifoFullCallback)
    i.HAL_UARTEx_SetRxFifoThreshold          0x08004a14   Section        0  stm32g4xx_hal_uart_ex.o(i.HAL_UARTEx_SetRxFifoThreshold)
    i.HAL_UARTEx_SetTxFifoThreshold          0x08004a72   Section        0  stm32g4xx_hal_uart_ex.o(i.HAL_UARTEx_SetTxFifoThreshold)
    i.HAL_UARTEx_TxFifoEmptyCallback         0x08004ad0   Section        0  stm32g4xx_hal_uart_ex.o(i.HAL_UARTEx_TxFifoEmptyCallback)
    i.HAL_UARTEx_WakeupCallback              0x08004ad2   Section        0  stm32g4xx_hal_uart_ex.o(i.HAL_UARTEx_WakeupCallback)
    i.HAL_UART_ErrorCallback                 0x08004ad4   Section        0  stm32g4xx_hal_uart.o(i.HAL_UART_ErrorCallback)
    i.HAL_UART_IRQHandler                    0x08004ad8   Section        0  stm32g4xx_hal_uart.o(i.HAL_UART_IRQHandler)
    i.HAL_UART_Init                          0x08004ce4   Section        0  stm32g4xx_hal_uart.o(i.HAL_UART_Init)
    i.HAL_UART_MspInit                       0x08004d5c   Section        0  stm32g4xx_hal_msp.o(i.HAL_UART_MspInit)
    i.HAL_UART_Receive_DMA                   0x08004e5c   Section        0  stm32g4xx_hal_uart.o(i.HAL_UART_Receive_DMA)
    i.HAL_UART_RxCpltCallback                0x08004f24   Section        0  stm32g4xx_hal_uart.o(i.HAL_UART_RxCpltCallback)
    i.HAL_UART_RxHalfCpltCallback            0x08004f26   Section        0  stm32g4xx_hal_uart.o(i.HAL_UART_RxHalfCpltCallback)
    i.HAL_UART_Transmit_DMA                  0x08004f28   Section        0  stm32g4xx_hal_uart.o(i.HAL_UART_Transmit_DMA)
    i.HAL_UART_TxCpltCallback                0x08004fe0   Section        0  stm32g4xx_hal_uart.o(i.HAL_UART_TxCpltCallback)
    i.HAL_UART_TxHalfCpltCallback            0x08004fe2   Section        0  stm32g4xx_hal_uart.o(i.HAL_UART_TxHalfCpltCallback)
    i.HardFault_Handler                      0x08004fe4   Section        0  stm32g4xx_it.o(i.HardFault_Handler)
    i.LL_ADC_Enable                          0x08004fe8   Section        0  stm32g4xx_hal_adc.o(i.LL_ADC_Enable)
    LL_ADC_Enable                            0x08004fe9   Thumb Code    12  stm32g4xx_hal_adc.o(i.LL_ADC_Enable)
    i.LL_ADC_GetMultimode                    0x08004ff8   Section        0  stm32g4xx_hal_adc.o(i.LL_ADC_GetMultimode)
    LL_ADC_GetMultimode                      0x08004ff9   Thumb Code    10  stm32g4xx_hal_adc.o(i.LL_ADC_GetMultimode)
    i.LL_ADC_GetOffsetChannel                0x08005002   Section        0  stm32g4xx_hal_adc.o(i.LL_ADC_GetOffsetChannel)
    LL_ADC_GetOffsetChannel                  0x08005003   Thumb Code    18  stm32g4xx_hal_adc.o(i.LL_ADC_GetOffsetChannel)
    i.LL_ADC_GetOffsetChannel                0x08005014   Section        0  stm32g4xx_hal_adc_ex.o(i.LL_ADC_GetOffsetChannel)
    LL_ADC_GetOffsetChannel                  0x08005015   Thumb Code    18  stm32g4xx_hal_adc_ex.o(i.LL_ADC_GetOffsetChannel)
    i.LL_ADC_INJ_GetTrigAuto                 0x08005026   Section        0  stm32g4xx_hal_adc_ex.o(i.LL_ADC_INJ_GetTrigAuto)
    LL_ADC_INJ_GetTrigAuto                   0x08005027   Thumb Code    10  stm32g4xx_hal_adc_ex.o(i.LL_ADC_INJ_GetTrigAuto)
    i.LL_ADC_INJ_IsConversionOngoing         0x08005030   Section        0  stm32g4xx_hal_adc.o(i.LL_ADC_INJ_IsConversionOngoing)
    LL_ADC_INJ_IsConversionOngoing           0x08005031   Thumb Code    10  stm32g4xx_hal_adc.o(i.LL_ADC_INJ_IsConversionOngoing)
    i.LL_ADC_INJ_IsConversionOngoing         0x0800503a   Section        0  stm32g4xx_hal_adc_ex.o(i.LL_ADC_INJ_IsConversionOngoing)
    LL_ADC_INJ_IsConversionOngoing           0x0800503b   Thumb Code    10  stm32g4xx_hal_adc_ex.o(i.LL_ADC_INJ_IsConversionOngoing)
    i.LL_ADC_INJ_StartConversion             0x08005044   Section        0  stm32g4xx_hal_adc_ex.o(i.LL_ADC_INJ_StartConversion)
    LL_ADC_INJ_StartConversion               0x08005045   Thumb Code    14  stm32g4xx_hal_adc_ex.o(i.LL_ADC_INJ_StartConversion)
    i.LL_ADC_IsDisableOngoing                0x08005058   Section        0  stm32g4xx_hal_adc.o(i.LL_ADC_IsDisableOngoing)
    LL_ADC_IsDisableOngoing                  0x08005059   Thumb Code    10  stm32g4xx_hal_adc.o(i.LL_ADC_IsDisableOngoing)
    i.LL_ADC_IsEnabled                       0x08005062   Section        0  stm32g4xx_hal_adc.o(i.LL_ADC_IsEnabled)
    LL_ADC_IsEnabled                         0x08005063   Thumb Code    10  stm32g4xx_hal_adc.o(i.LL_ADC_IsEnabled)
    i.LL_ADC_IsEnabled                       0x0800506c   Section        0  stm32g4xx_hal_adc_ex.o(i.LL_ADC_IsEnabled)
    LL_ADC_IsEnabled                         0x0800506d   Thumb Code    10  stm32g4xx_hal_adc_ex.o(i.LL_ADC_IsEnabled)
    i.LL_ADC_IsInternalRegulatorEnabled      0x08005076   Section        0  stm32g4xx_hal_adc.o(i.LL_ADC_IsInternalRegulatorEnabled)
    LL_ADC_IsInternalRegulatorEnabled        0x08005077   Thumb Code    10  stm32g4xx_hal_adc.o(i.LL_ADC_IsInternalRegulatorEnabled)
    i.LL_ADC_REG_IsConversionOngoing         0x08005080   Section        0  stm32g4xx_hal_adc.o(i.LL_ADC_REG_IsConversionOngoing)
    LL_ADC_REG_IsConversionOngoing           0x08005081   Thumb Code    10  stm32g4xx_hal_adc.o(i.LL_ADC_REG_IsConversionOngoing)
    i.LL_ADC_REG_IsConversionOngoing         0x0800508a   Section        0  stm32g4xx_hal_adc_ex.o(i.LL_ADC_REG_IsConversionOngoing)
    LL_ADC_REG_IsConversionOngoing           0x0800508b   Thumb Code    10  stm32g4xx_hal_adc_ex.o(i.LL_ADC_REG_IsConversionOngoing)
    i.LL_ADC_REG_IsTriggerSourceSWStart      0x08005094   Section        0  stm32g4xx_hal_adc.o(i.LL_ADC_REG_IsTriggerSourceSWStart)
    LL_ADC_REG_IsTriggerSourceSWStart        0x08005095   Thumb Code    18  stm32g4xx_hal_adc.o(i.LL_ADC_REG_IsTriggerSourceSWStart)
    i.LL_ADC_SetChannelSamplingTime          0x080050a6   Section        0  stm32g4xx_hal_adc.o(i.LL_ADC_SetChannelSamplingTime)
    LL_ADC_SetChannelSamplingTime            0x080050a7   Thumb Code    40  stm32g4xx_hal_adc.o(i.LL_ADC_SetChannelSamplingTime)
    i.LL_ADC_SetChannelSamplingTime          0x080050ce   Section        0  stm32g4xx_hal_adc_ex.o(i.LL_ADC_SetChannelSamplingTime)
    LL_ADC_SetChannelSamplingTime            0x080050cf   Thumb Code    40  stm32g4xx_hal_adc_ex.o(i.LL_ADC_SetChannelSamplingTime)
    i.LL_ADC_SetCommonPathInternalCh         0x080050f6   Section        0  stm32g4xx_hal_adc.o(i.LL_ADC_SetCommonPathInternalCh)
    LL_ADC_SetCommonPathInternalCh           0x080050f7   Thumb Code    12  stm32g4xx_hal_adc.o(i.LL_ADC_SetCommonPathInternalCh)
    i.LL_ADC_SetCommonPathInternalCh         0x08005102   Section        0  stm32g4xx_hal_adc_ex.o(i.LL_ADC_SetCommonPathInternalCh)
    LL_ADC_SetCommonPathInternalCh           0x08005103   Thumb Code    12  stm32g4xx_hal_adc_ex.o(i.LL_ADC_SetCommonPathInternalCh)
    i.LL_ADC_SetOffsetState                  0x0800510e   Section        0  stm32g4xx_hal_adc.o(i.LL_ADC_SetOffsetState)
    LL_ADC_SetOffsetState                    0x0800510f   Thumb Code    22  stm32g4xx_hal_adc.o(i.LL_ADC_SetOffsetState)
    i.LL_ADC_SetOffsetState                  0x08005124   Section        0  stm32g4xx_hal_adc_ex.o(i.LL_ADC_SetOffsetState)
    LL_ADC_SetOffsetState                    0x08005125   Thumb Code    22  stm32g4xx_hal_adc_ex.o(i.LL_ADC_SetOffsetState)
    i.LL_ADC_SetSamplingTimeCommonConfig     0x0800513a   Section        0  stm32g4xx_hal_adc.o(i.LL_ADC_SetSamplingTimeCommonConfig)
    LL_ADC_SetSamplingTimeCommonConfig       0x0800513b   Thumb Code    12  stm32g4xx_hal_adc.o(i.LL_ADC_SetSamplingTimeCommonConfig)
    i.LL_ADC_SetSamplingTimeCommonConfig     0x08005146   Section        0  stm32g4xx_hal_adc_ex.o(i.LL_ADC_SetSamplingTimeCommonConfig)
    LL_ADC_SetSamplingTimeCommonConfig       0x08005147   Thumb Code    12  stm32g4xx_hal_adc_ex.o(i.LL_ADC_SetSamplingTimeCommonConfig)
    i.MX_ADC1_Init                           0x08005154   Section        0  main.o(i.MX_ADC1_Init)
    MX_ADC1_Init                             0x08005155   Thumb Code   252  main.o(i.MX_ADC1_Init)
    i.MX_ADC2_Init                           0x0800525c   Section        0  main.o(i.MX_ADC2_Init)
    MX_ADC2_Init                             0x0800525d   Thumb Code   198  main.o(i.MX_ADC2_Init)
    i.MX_CORDIC_Init                         0x08005330   Section        0  main.o(i.MX_CORDIC_Init)
    MX_CORDIC_Init                           0x08005331   Thumb Code    28  main.o(i.MX_CORDIC_Init)
    i.MX_CRC_Init                            0x08005350   Section        0  main.o(i.MX_CRC_Init)
    MX_CRC_Init                              0x08005351   Thumb Code    62  main.o(i.MX_CRC_Init)
    i.MX_DMA_Init                            0x08005398   Section        0  main.o(i.MX_DMA_Init)
    MX_DMA_Init                              0x08005399   Thumb Code    90  main.o(i.MX_DMA_Init)
    i.MX_GPIO_Init                           0x080053f8   Section        0  main.o(i.MX_GPIO_Init)
    MX_GPIO_Init                             0x080053f9   Thumb Code   264  main.o(i.MX_GPIO_Init)
    i.MX_TIM1_Init                           0x08005510   Section        0  main.o(i.MX_TIM1_Init)
    MX_TIM1_Init                             0x08005511   Thumb Code   316  main.o(i.MX_TIM1_Init)
    i.MX_TIM2_Init                           0x08005654   Section        0  main.o(i.MX_TIM2_Init)
    MX_TIM2_Init                             0x08005655   Thumb Code   122  main.o(i.MX_TIM2_Init)
    i.MX_TIM4_Init                           0x080056d4   Section        0  main.o(i.MX_TIM4_Init)
    MX_TIM4_Init                             0x080056d5   Thumb Code   102  main.o(i.MX_TIM4_Init)
    i.MX_USART2_UART_Init                    0x08005744   Section        0  main.o(i.MX_USART2_UART_Init)
    MX_USART2_UART_Init                      0x08005745   Thumb Code    96  main.o(i.MX_USART2_UART_Init)
    i.MemManage_Handler                      0x080057b0   Section        0  stm32g4xx_it.o(i.MemManage_Handler)
    i.NMI_Handler                            0x080057b4   Section        0  stm32g4xx_it.o(i.NMI_Handler)
    i.ParaInit                               0x080057b8   Section        0  bsp.o(i.ParaInit)
    ParaInit                                 0x080057b9   Thumb Code    28  bsp.o(i.ParaInit)
    i.PendSV_Handler                         0x080057dc   Section        0  stm32g4xx_it.o(i.PendSV_Handler)
    i.RCC_GetSysClockFreqFromPLLSource       0x080057e0   Section        0  stm32g4xx_hal_rcc.o(i.RCC_GetSysClockFreqFromPLLSource)
    RCC_GetSysClockFreqFromPLLSource         0x080057e1   Thumb Code    90  stm32g4xx_hal_rcc.o(i.RCC_GetSysClockFreqFromPLLSource)
    i.SVC_Handler                            0x08005848   Section        0  stm32g4xx_it.o(i.SVC_Handler)
    i.StartPWM                               0x0800584c   Section        0  bsp.o(i.StartPWM)
    StartPWM                                 0x0800584d   Thumb Code    52  bsp.o(i.StartPWM)
    i.StopPWM                                0x08005884   Section        0  bsp.o(i.StopPWM)
    StopPWM                                  0x08005885   Thumb Code    52  bsp.o(i.StopPWM)
    i.SysTick_Handler                        0x080058bc   Section        0  stm32g4xx_it.o(i.SysTick_Handler)
    i.SystemClock_Config                     0x080058c4   Section        0  main.o(i.SystemClock_Config)
    i.SystemInit                             0x08005950   Section        0  system_stm32g4xx.o(i.SystemInit)
    i.TIM_Base_SetConfig                     0x0800596c   Section        0  stm32g4xx_hal_tim.o(i.TIM_Base_SetConfig)
    i.TIM_CCxChannelCmd                      0x08005a28   Section        0  stm32g4xx_hal_tim.o(i.TIM_CCxChannelCmd)
    i.TIM_CCxNChannelCmd                     0x08005a4a   Section        0  stm32g4xx_hal_tim_ex.o(i.TIM_CCxNChannelCmd)
    TIM_CCxNChannelCmd                       0x08005a4b   Thumb Code    34  stm32g4xx_hal_tim_ex.o(i.TIM_CCxNChannelCmd)
    i.TIM_ETR_SetConfig                      0x08005a6c   Section        0  stm32g4xx_hal_tim.o(i.TIM_ETR_SetConfig)
    i.TIM_ITRx_SetConfig                     0x08005a84   Section        0  stm32g4xx_hal_tim.o(i.TIM_ITRx_SetConfig)
    TIM_ITRx_SetConfig                       0x08005a85   Thumb Code    18  stm32g4xx_hal_tim.o(i.TIM_ITRx_SetConfig)
    i.TIM_OC1_SetConfig                      0x08005a9c   Section        0  stm32g4xx_hal_tim.o(i.TIM_OC1_SetConfig)
    TIM_OC1_SetConfig                        0x08005a9d   Thumb Code   146  stm32g4xx_hal_tim.o(i.TIM_OC1_SetConfig)
    i.TIM_OC2_SetConfig                      0x08005b48   Section        0  stm32g4xx_hal_tim.o(i.TIM_OC2_SetConfig)
    i.TIM_OC3_SetConfig                      0x08005bfc   Section        0  stm32g4xx_hal_tim.o(i.TIM_OC3_SetConfig)
    TIM_OC3_SetConfig                        0x08005bfd   Thumb Code   154  stm32g4xx_hal_tim.o(i.TIM_OC3_SetConfig)
    i.TIM_OC4_SetConfig                      0x08005cb0   Section        0  stm32g4xx_hal_tim.o(i.TIM_OC4_SetConfig)
    TIM_OC4_SetConfig                        0x08005cb1   Thumb Code   156  stm32g4xx_hal_tim.o(i.TIM_OC4_SetConfig)
    i.TIM_OC5_SetConfig                      0x08005d64   Section        0  stm32g4xx_hal_tim.o(i.TIM_OC5_SetConfig)
    TIM_OC5_SetConfig                        0x08005d65   Thumb Code    86  stm32g4xx_hal_tim.o(i.TIM_OC5_SetConfig)
    i.TIM_OC6_SetConfig                      0x08005dd4   Section        0  stm32g4xx_hal_tim.o(i.TIM_OC6_SetConfig)
    TIM_OC6_SetConfig                        0x08005dd5   Thumb Code    88  stm32g4xx_hal_tim.o(i.TIM_OC6_SetConfig)
    i.TIM_TI1_ConfigInputStage               0x08005e44   Section        0  stm32g4xx_hal_tim.o(i.TIM_TI1_ConfigInputStage)
    TIM_TI1_ConfigInputStage                 0x08005e45   Thumb Code    38  stm32g4xx_hal_tim.o(i.TIM_TI1_ConfigInputStage)
    i.TIM_TI2_ConfigInputStage               0x08005e6a   Section        0  stm32g4xx_hal_tim.o(i.TIM_TI2_ConfigInputStage)
    TIM_TI2_ConfigInputStage                 0x08005e6b   Thumb Code    40  stm32g4xx_hal_tim.o(i.TIM_TI2_ConfigInputStage)
    i.UARTEx_SetNbDataToProcess              0x08005e94   Section        0  stm32g4xx_hal_uart_ex.o(i.UARTEx_SetNbDataToProcess)
    UARTEx_SetNbDataToProcess                0x08005e95   Thumb Code    94  stm32g4xx_hal_uart_ex.o(i.UARTEx_SetNbDataToProcess)
    i.UART_AdvFeatureConfig                  0x08005f04   Section        0  stm32g4xx_hal_uart.o(i.UART_AdvFeatureConfig)
    i.UART_CheckIdleState                    0x08005ffc   Section        0  stm32g4xx_hal_uart.o(i.UART_CheckIdleState)
    i.UART_DMAAbortOnError                   0x08006070   Section        0  stm32g4xx_hal_uart.o(i.UART_DMAAbortOnError)
    UART_DMAAbortOnError                     0x08006071   Thumb Code    24  stm32g4xx_hal_uart.o(i.UART_DMAAbortOnError)
    i.UART_DMAError                          0x08006088   Section        0  stm32g4xx_hal_uart.o(i.UART_DMAError)
    UART_DMAError                            0x08006089   Thumb Code    94  stm32g4xx_hal_uart.o(i.UART_DMAError)
    i.UART_DMAReceiveCplt                    0x080060e6   Section        0  stm32g4xx_hal_uart.o(i.UART_DMAReceiveCplt)
    UART_DMAReceiveCplt                      0x080060e7   Thumb Code    72  stm32g4xx_hal_uart.o(i.UART_DMAReceiveCplt)
    i.UART_DMARxHalfCplt                     0x0800612e   Section        0  stm32g4xx_hal_uart.o(i.UART_DMARxHalfCplt)
    UART_DMARxHalfCplt                       0x0800612f   Thumb Code    14  stm32g4xx_hal_uart.o(i.UART_DMARxHalfCplt)
    i.UART_DMATransmitCplt                   0x0800613c   Section        0  stm32g4xx_hal_uart.o(i.UART_DMATransmitCplt)
    UART_DMATransmitCplt                     0x0800613d   Thumb Code    56  stm32g4xx_hal_uart.o(i.UART_DMATransmitCplt)
    i.UART_DMATxHalfCplt                     0x08006174   Section        0  stm32g4xx_hal_uart.o(i.UART_DMATxHalfCplt)
    UART_DMATxHalfCplt                       0x08006175   Thumb Code    14  stm32g4xx_hal_uart.o(i.UART_DMATxHalfCplt)
    i.UART_EndRxTransfer                     0x08006184   Section        0  stm32g4xx_hal_uart.o(i.UART_EndRxTransfer)
    UART_EndRxTransfer                       0x08006185   Thumb Code    36  stm32g4xx_hal_uart.o(i.UART_EndRxTransfer)
    i.UART_EndTransmit_IT                    0x080061ac   Section        0  stm32g4xx_hal_uart.o(i.UART_EndTransmit_IT)
    UART_EndTransmit_IT                      0x080061ad   Thumb Code    34  stm32g4xx_hal_uart.o(i.UART_EndTransmit_IT)
    i.UART_EndTxTransfer                     0x080061ce   Section        0  stm32g4xx_hal_uart.o(i.UART_EndTxTransfer)
    UART_EndTxTransfer                       0x080061cf   Thumb Code    32  stm32g4xx_hal_uart.o(i.UART_EndTxTransfer)
    i.UART_SetConfig                         0x080061f0   Section        0  stm32g4xx_hal_uart.o(i.UART_SetConfig)
    i.UART_WaitOnFlagUntilTimeout            0x08006584   Section        0  stm32g4xx_hal_uart.o(i.UART_WaitOnFlagUntilTimeout)
    i.USART2_IRQHandler                      0x08006644   Section        0  stm32g4xx_it.o(i.USART2_IRQHandler)
    i.UploadData                             0x080066a8   Section        0  bsp.o(i.UploadData)
    UploadData                               0x080066a9   Thumb Code   342  bsp.o(i.UploadData)
    i.UsageFault_Handler                     0x08006820   Section        0  stm32g4xx_it.o(i.UsageFault_Handler)
    i.__NVIC_GetPriorityGrouping             0x08006824   Section        0  stm32g4xx_hal_cortex.o(i.__NVIC_GetPriorityGrouping)
    __NVIC_GetPriorityGrouping               0x08006825   Thumb Code    10  stm32g4xx_hal_cortex.o(i.__NVIC_GetPriorityGrouping)
    i.__NVIC_SetPriority                     0x08006834   Section        0  stm32g4xx_hal_cortex.o(i.__NVIC_SetPriority)
    __NVIC_SetPriority                       0x08006835   Thumb Code    32  stm32g4xx_hal_cortex.o(i.__NVIC_SetPriority)
    i.__hardfp_fmaxf                         0x0800685c   Section        0  fmaxf.o(i.__hardfp_fmaxf)
    i.__hardfp_fminf                         0x080068a4   Section        0  fminf.o(i.__hardfp_fminf)
    i.__hardfp_fmodf                         0x080068ec   Section        0  fmodf.o(i.__hardfp_fmodf)
    i.__mathlib_flt_invalid                  0x0800699c   Section        0  funder.o(i.__mathlib_flt_invalid)
    i.__scatterload_copy                     0x080069ac   Section       14  handlers.o(i.__scatterload_copy)
    i.__scatterload_null                     0x080069ba   Section        2  handlers.o(i.__scatterload_null)
    i.__scatterload_zeroinit                 0x080069bc   Section       14  handlers.o(i.__scatterload_zeroinit)
    i.__set_errno                            0x080069cc   Section        0  errno.o(i.__set_errno)
    i.main                                   0x080069d8   Section        0  main.o(i.main)
    .constdata                               0x08006acc   Section        4  foc_current.o(.constdata)
    .constdata                               0x08006ad0   Section       24  stm32g4xx_hal_uart.o(.constdata)
    .constdata                               0x08006ae8   Section       24  system_stm32g4xx.o(.constdata)
    .data                                    0x20000000   Section       12  foc_current.o(.data)
    FOC_CURRENT_M_                           0x20000008   Data           4  foc_current.o(.data)
    .data                                    0x2000000c   Section        6  bsp.o(.data)
    time_count                               0x20000010   Data           2  bsp.o(.data)
    .data                                    0x20000014   Section        4  stm32g4xx_hal_msp.o(.data)
    HAL_RCC_ADC12_CLK_ENABLED                0x20000014   Data           4  stm32g4xx_hal_msp.o(.data)
    .data                                    0x20000018   Section       12  stm32g4xx_hal.o(.data)
    .data                                    0x20000024   Section        4  system_stm32g4xx.o(.data)
    .data                                    0x20000028   Section        4  errno.o(.data)
    _errno                                   0x20000028   Data           4  errno.o(.data)
    .bss                                     0x2000002c   Section       36  foc_current.o(.bss)
    .bss                                     0x20000050   Section      132  bsp.o(.bss)
    temp                                     0x20000098   Data          60  bsp.o(.bss)
    .bss                                     0x200000d4   Section      912  main.o(.bss)
    STACK                                    0x20000468   Section     1024  startup_stm32g431xx.o(STACK)

    Global Symbols

    Symbol Name                              Value     Ov Type        Size  Object(Section)

    BuildAttributes$$THM_ISAv4$E$P$D$K$B$S$7EM$VFPi3$EXTD16$VFPS$VFMA$PE$A:L22UL41UL21$X:L11$S22US41US21$IEEE1$IW$USESV6$~STKCKD$USESV7$~SHL$OTIME$ROPI$IEEEX$EBA8$MICROLIB$REQ8$PRES8$EABIv2 0x00000000   Number         0  anon$$obj.o ABSOLUTE
    __ARM_use_no_argv                        0x00000000   Number         0  main.o ABSOLUTE
    __cpp_initialize__aeabi_                  - Undefined Weak Reference
    __cxa_finalize                            - Undefined Weak Reference
    __decompress                              - Undefined Weak Reference
    _clock_init                               - Undefined Weak Reference
    _microlib_exit                            - Undefined Weak Reference
    __Vectors_Size                           0x000001d8   Number         0  startup_stm32g431xx.o ABSOLUTE
    __Vectors                                0x08000000   Data           4  startup_stm32g431xx.o(RESET)
    __Vectors_End                            0x080001d8   Data           0  startup_stm32g431xx.o(RESET)
    __main                                   0x080001d9   Thumb Code     0  entry.o(.ARM.Collect$$$$00000000)
    _main_stk                                0x080001d9   Thumb Code     0  entry2.o(.ARM.Collect$$$$00000001)
    _main_scatterload                        0x080001dd   Thumb Code     0  entry5.o(.ARM.Collect$$$$00000004)
    __main_after_scatterload                 0x080001e1   Thumb Code     0  entry5.o(.ARM.Collect$$$$00000004)
    _main_clock                              0x080001e1   Thumb Code     0  entry7b.o(.ARM.Collect$$$$00000008)
    _main_cpp_init                           0x080001e1   Thumb Code     0  entry8b.o(.ARM.Collect$$$$0000000A)
    _main_init                               0x080001e1   Thumb Code     0  entry9a.o(.ARM.Collect$$$$0000000B)
    __rt_final_cpp                           0x080001e9   Thumb Code     0  entry10a.o(.ARM.Collect$$$$0000000D)
    __rt_final_exit                          0x080001e9   Thumb Code     0  entry11a.o(.ARM.Collect$$$$0000000F)
    Reset_Handler                            0x080001ed   Thumb Code     8  startup_stm32g431xx.o(.text)
    COMP1_2_3_IRQHandler                     0x08000207   Thumb Code     0  startup_stm32g431xx.o(.text)
    COMP4_IRQHandler                         0x08000207   Thumb Code     0  startup_stm32g431xx.o(.text)
    CORDIC_IRQHandler                        0x08000207   Thumb Code     0  startup_stm32g431xx.o(.text)
    CRS_IRQHandler                           0x08000207   Thumb Code     0  startup_stm32g431xx.o(.text)
    DMA1_Channel3_IRQHandler                 0x08000207   Thumb Code     0  startup_stm32g431xx.o(.text)
    DMA1_Channel4_IRQHandler                 0x08000207   Thumb Code     0  startup_stm32g431xx.o(.text)
    DMA1_Channel5_IRQHandler                 0x08000207   Thumb Code     0  startup_stm32g431xx.o(.text)
    DMA1_Channel6_IRQHandler                 0x08000207   Thumb Code     0  startup_stm32g431xx.o(.text)
    DMA2_Channel1_IRQHandler                 0x08000207   Thumb Code     0  startup_stm32g431xx.o(.text)
    DMA2_Channel2_IRQHandler                 0x08000207   Thumb Code     0  startup_stm32g431xx.o(.text)
    DMA2_Channel3_IRQHandler                 0x08000207   Thumb Code     0  startup_stm32g431xx.o(.text)
    DMA2_Channel4_IRQHandler                 0x08000207   Thumb Code     0  startup_stm32g431xx.o(.text)
    DMA2_Channel5_IRQHandler                 0x08000207   Thumb Code     0  startup_stm32g431xx.o(.text)
    DMA2_Channel6_IRQHandler                 0x08000207   Thumb Code     0  startup_stm32g431xx.o(.text)
    DMAMUX_OVR_IRQHandler                    0x08000207   Thumb Code     0  startup_stm32g431xx.o(.text)
    EXTI0_IRQHandler                         0x08000207   Thumb Code     0  startup_stm32g431xx.o(.text)
    EXTI1_IRQHandler                         0x08000207   Thumb Code     0  startup_stm32g431xx.o(.text)
    EXTI2_IRQHandler                         0x08000207   Thumb Code     0  startup_stm32g431xx.o(.text)
    EXTI3_IRQHandler                         0x08000207   Thumb Code     0  startup_stm32g431xx.o(.text)
    EXTI4_IRQHandler                         0x08000207   Thumb Code     0  startup_stm32g431xx.o(.text)
    EXTI9_5_IRQHandler                       0x08000207   Thumb Code     0  startup_stm32g431xx.o(.text)
    FDCAN1_IT0_IRQHandler                    0x08000207   Thumb Code     0  startup_stm32g431xx.o(.text)
    FDCAN1_IT1_IRQHandler                    0x08000207   Thumb Code     0  startup_stm32g431xx.o(.text)
    FLASH_IRQHandler                         0x08000207   Thumb Code     0  startup_stm32g431xx.o(.text)
    FMAC_IRQHandler                          0x08000207   Thumb Code     0  startup_stm32g431xx.o(.text)
    FPU_IRQHandler                           0x08000207   Thumb Code     0  startup_stm32g431xx.o(.text)
    I2C1_ER_IRQHandler                       0x08000207   Thumb Code     0  startup_stm32g431xx.o(.text)
    I2C1_EV_IRQHandler                       0x08000207   Thumb Code     0  startup_stm32g431xx.o(.text)
    I2C2_ER_IRQHandler                       0x08000207   Thumb Code     0  startup_stm32g431xx.o(.text)
    I2C2_EV_IRQHandler                       0x08000207   Thumb Code     0  startup_stm32g431xx.o(.text)
    I2C3_ER_IRQHandler                       0x08000207   Thumb Code     0  startup_stm32g431xx.o(.text)
    I2C3_EV_IRQHandler                       0x08000207   Thumb Code     0  startup_stm32g431xx.o(.text)
    LPTIM1_IRQHandler                        0x08000207   Thumb Code     0  startup_stm32g431xx.o(.text)
    LPUART1_IRQHandler                       0x08000207   Thumb Code     0  startup_stm32g431xx.o(.text)
    PVD_PVM_IRQHandler                       0x08000207   Thumb Code     0  startup_stm32g431xx.o(.text)
    RCC_IRQHandler                           0x08000207   Thumb Code     0  startup_stm32g431xx.o(.text)
    RNG_IRQHandler                           0x08000207   Thumb Code     0  startup_stm32g431xx.o(.text)
    RTC_Alarm_IRQHandler                     0x08000207   Thumb Code     0  startup_stm32g431xx.o(.text)
    RTC_TAMP_LSECSS_IRQHandler               0x08000207   Thumb Code     0  startup_stm32g431xx.o(.text)
    RTC_WKUP_IRQHandler                      0x08000207   Thumb Code     0  startup_stm32g431xx.o(.text)
    SAI1_IRQHandler                          0x08000207   Thumb Code     0  startup_stm32g431xx.o(.text)
    SPI1_IRQHandler                          0x08000207   Thumb Code     0  startup_stm32g431xx.o(.text)
    SPI2_IRQHandler                          0x08000207   Thumb Code     0  startup_stm32g431xx.o(.text)
    SPI3_IRQHandler                          0x08000207   Thumb Code     0  startup_stm32g431xx.o(.text)
    TIM1_BRK_TIM15_IRQHandler                0x08000207   Thumb Code     0  startup_stm32g431xx.o(.text)
    TIM1_CC_IRQHandler                       0x08000207   Thumb Code     0  startup_stm32g431xx.o(.text)
    TIM1_TRG_COM_TIM17_IRQHandler            0x08000207   Thumb Code     0  startup_stm32g431xx.o(.text)
    TIM1_UP_TIM16_IRQHandler                 0x08000207   Thumb Code     0  startup_stm32g431xx.o(.text)
    TIM2_IRQHandler                          0x08000207   Thumb Code     0  startup_stm32g431xx.o(.text)
    TIM3_IRQHandler                          0x08000207   Thumb Code     0  startup_stm32g431xx.o(.text)
    TIM4_IRQHandler                          0x08000207   Thumb Code     0  startup_stm32g431xx.o(.text)
    TIM6_DAC_IRQHandler                      0x08000207   Thumb Code     0  startup_stm32g431xx.o(.text)
    TIM7_IRQHandler                          0x08000207   Thumb Code     0  startup_stm32g431xx.o(.text)
    TIM8_BRK_IRQHandler                      0x08000207   Thumb Code     0  startup_stm32g431xx.o(.text)
    TIM8_CC_IRQHandler                       0x08000207   Thumb Code     0  startup_stm32g431xx.o(.text)
    TIM8_TRG_COM_IRQHandler                  0x08000207   Thumb Code     0  startup_stm32g431xx.o(.text)
    TIM8_UP_IRQHandler                       0x08000207   Thumb Code     0  startup_stm32g431xx.o(.text)
    UART4_IRQHandler                         0x08000207   Thumb Code     0  startup_stm32g431xx.o(.text)
    UCPD1_IRQHandler                         0x08000207   Thumb Code     0  startup_stm32g431xx.o(.text)
    USART1_IRQHandler                        0x08000207   Thumb Code     0  startup_stm32g431xx.o(.text)
    USART3_IRQHandler                        0x08000207   Thumb Code     0  startup_stm32g431xx.o(.text)
    USBWakeUp_IRQHandler                     0x08000207   Thumb Code     0  startup_stm32g431xx.o(.text)
    USB_HP_IRQHandler                        0x08000207   Thumb Code     0  startup_stm32g431xx.o(.text)
    USB_LP_IRQHandler                        0x08000207   Thumb Code     0  startup_stm32g431xx.o(.text)
    WWDG_IRQHandler                          0x08000207   Thumb Code     0  startup_stm32g431xx.o(.text)
    __aeabi_uldivmod                         0x08000211   Thumb Code    98  uldiv.o(.text)
    __aeabi_memset                           0x08000273   Thumb Code    14  memseta.o(.text)
    __aeabi_memset4                          0x08000273   Thumb Code     0  memseta.o(.text)
    __aeabi_memset8                          0x08000273   Thumb Code     0  memseta.o(.text)
    __aeabi_memclr                           0x08000281   Thumb Code     4  memseta.o(.text)
    __aeabi_memclr4                          0x08000281   Thumb Code     0  memseta.o(.text)
    __aeabi_memclr8                          0x08000281   Thumb Code     0  memseta.o(.text)
    _memset$wrapper                          0x08000285   Thumb Code    18  memseta.o(.text)
    __aeabi_llsl                             0x08000297   Thumb Code    30  llshl.o(.text)
    _ll_shift_l                              0x08000297   Thumb Code     0  llshl.o(.text)
    __aeabi_llsr                             0x080002b5   Thumb Code    32  llushr.o(.text)
    _ll_ushift_r                             0x080002b5   Thumb Code     0  llushr.o(.text)
    __I$use$fp                               0x080002d5   Thumb Code     0  iusefp.o(.text)
    _frem                                    0x080002d5   Thumb Code    82  frem.o(.text)
    __ARM_fcmp4                              0x08000327   Thumb Code    54  fcmp4.o(.text)
    _fcmp4                                   0x08000327   Thumb Code     0  fcmp4.o(.text)
    __scatterload                            0x0800035d   Thumb Code    28  init.o(.text)
    __scatterload_rt2                        0x0800035d   Thumb Code     0  init.o(.text)
    _float_round                             0x08000381   Thumb Code    18  fepilogue.o(.text)
    _float_epilogue                          0x08000393   Thumb Code    92  fepilogue.o(.text)
    arm_cos_f32                              0x080003f1   Thumb Code   152  arm_cos_f32.o(.text.arm_cos_f32)
    arm_sin_f32                              0x08000489   Thumb Code   144  arm_sin_f32.o(.text.arm_sin_f32)
    ADC1_2_IRQHandler                        0x08000519   Thumb Code    16  stm32g4xx_it.o(i.ADC1_2_IRQHandler)
    ADC_Disable                              0x08000531   Thumb Code   132  stm32g4xx_hal_adc.o(i.ADC_Disable)
    ADC_Enable                               0x080005b9   Thumb Code   116  stm32g4xx_hal_adc.o(i.ADC_Enable)
    BusFault_Handler                         0x08000631   Thumb Code     4  stm32g4xx_it.o(i.BusFault_Handler)
    DMA1_Channel1_IRQHandler                 0x08000705   Thumb Code    10  stm32g4xx_it.o(i.DMA1_Channel1_IRQHandler)
    DMA1_Channel2_IRQHandler                 0x08000715   Thumb Code    10  stm32g4xx_it.o(i.DMA1_Channel2_IRQHandler)
    DebugMon_Handler                         0x080007cd   Thumb Code     2  stm32g4xx_it.o(i.DebugMon_Handler)
    EXTI15_10_IRQHandler                     0x080007cf   Thumb Code    12  stm32g4xx_it.o(i.EXTI15_10_IRQHandler)
    Error_Handler                            0x080007db   Thumb Code     2  main.o(i.Error_Handler)
    FOC_CURRENT_clark                        0x080007dd   Thumb Code    42  foc_current.o(i.FOC_CURRENT_clark)
    FOC_CURRENT_initialize                   0x08000815   Thumb Code    18  foc_current.o(i.FOC_CURRENT_initialize)
    FOC_CURRENT_step                         0x08000831   Thumb Code  1192  foc_current.o(i.FOC_CURRENT_step)
    HAL_ADCEx_Calibration_Start              0x08000ce5   Thumb Code   166  stm32g4xx_hal_adc_ex.o(i.HAL_ADCEx_Calibration_Start)
    HAL_ADCEx_EndOfSamplingCallback          0x08000d95   Thumb Code     2  stm32g4xx_hal_adc_ex.o(i.HAL_ADCEx_EndOfSamplingCallback)
    HAL_ADCEx_InjectedConfigChannel          0x08000d99   Thumb Code  1538  stm32g4xx_hal_adc_ex.o(i.HAL_ADCEx_InjectedConfigChannel)
    HAL_ADCEx_InjectedConvCpltCallback       0x080013c5   Thumb Code   912  bsp.o(i.HAL_ADCEx_InjectedConvCpltCallback)
    HAL_ADCEx_InjectedGetValue               0x08001791   Thumb Code    62  stm32g4xx_hal_adc_ex.o(i.HAL_ADCEx_InjectedGetValue)
    HAL_ADCEx_InjectedQueueOverflowCallback  0x080017cf   Thumb Code     2  stm32g4xx_hal_adc_ex.o(i.HAL_ADCEx_InjectedQueueOverflowCallback)
    HAL_ADCEx_InjectedStart                  0x080017d1   Thumb Code   254  stm32g4xx_hal_adc_ex.o(i.HAL_ADCEx_InjectedStart)
    HAL_ADCEx_InjectedStart_IT               0x080018d9   Thumb Code   338  stm32g4xx_hal_adc_ex.o(i.HAL_ADCEx_InjectedStart_IT)
    HAL_ADCEx_LevelOutOfWindow2Callback      0x08001a35   Thumb Code     2  stm32g4xx_hal_adc_ex.o(i.HAL_ADCEx_LevelOutOfWindow2Callback)
    HAL_ADCEx_LevelOutOfWindow3Callback      0x08001a37   Thumb Code     2  stm32g4xx_hal_adc_ex.o(i.HAL_ADCEx_LevelOutOfWindow3Callback)
    HAL_ADCEx_MultiModeConfigChannel         0x08001a39   Thumb Code   254  stm32g4xx_hal_adc_ex.o(i.HAL_ADCEx_MultiModeConfigChannel)
    HAL_ADC_ConfigChannel                    0x08001b41   Thumb Code  1250  stm32g4xx_hal_adc.o(i.HAL_ADC_ConfigChannel)
    HAL_ADC_ConvCpltCallback                 0x08002049   Thumb Code     2  stm32g4xx_hal_adc.o(i.HAL_ADC_ConvCpltCallback)
    HAL_ADC_ErrorCallback                    0x0800204b   Thumb Code     2  stm32g4xx_hal_adc.o(i.HAL_ADC_ErrorCallback)
    HAL_ADC_IRQHandler                       0x0800204d   Thumb Code   808  stm32g4xx_hal_adc.o(i.HAL_ADC_IRQHandler)
    HAL_ADC_Init                             0x0800237d   Thumb Code   582  stm32g4xx_hal_adc.o(i.HAL_ADC_Init)
    HAL_ADC_LevelOutOfWindowCallback         0x080025e1   Thumb Code     2  stm32g4xx_hal_adc.o(i.HAL_ADC_LevelOutOfWindowCallback)
    HAL_ADC_MspInit                          0x080025e5   Thumb Code   256  stm32g4xx_hal_msp.o(i.HAL_ADC_MspInit)
    HAL_CRCEx_Polynomial_Set                 0x080026f5   Thumb Code   102  stm32g4xx_hal_crc_ex.o(i.HAL_CRCEx_Polynomial_Set)
    HAL_CRC_Calculate                        0x0800275b   Thumb Code   112  stm32g4xx_hal_crc.o(i.HAL_CRC_Calculate)
    HAL_CRC_Init                             0x080027cd   Thumb Code   128  stm32g4xx_hal_crc.o(i.HAL_CRC_Init)
    HAL_CRC_MspInit                          0x08002851   Thumb Code    40  stm32g4xx_hal_msp.o(i.HAL_CRC_MspInit)
    HAL_DMA_Abort_IT                         0x08002881   Thumb Code   148  stm32g4xx_hal_dma.o(i.HAL_DMA_Abort_IT)
    HAL_DMA_IRQHandler                       0x08002915   Thumb Code   254  stm32g4xx_hal_dma.o(i.HAL_DMA_IRQHandler)
    HAL_DMA_Init                             0x08002a15   Thumb Code   200  stm32g4xx_hal_dma.o(i.HAL_DMA_Init)
    HAL_DMA_Start_IT                         0x08002ae5   Thumb Code   194  stm32g4xx_hal_dma.o(i.HAL_DMA_Start_IT)
    HAL_Delay                                0x08002ba9   Thumb Code    36  stm32g4xx_hal.o(i.HAL_Delay)
    HAL_GPIO_EXTI_Callback                   0x08002bd1   Thumb Code    28  bsp.o(i.HAL_GPIO_EXTI_Callback)
    HAL_GPIO_EXTI_IRQHandler                 0x08002bf5   Thumb Code    24  stm32g4xx_hal_gpio.o(i.HAL_GPIO_EXTI_IRQHandler)
    HAL_GPIO_Init                            0x08002c11   Thumb Code   438  stm32g4xx_hal_gpio.o(i.HAL_GPIO_Init)
    HAL_GPIO_WritePin                        0x08002de9   Thumb Code    10  stm32g4xx_hal_gpio.o(i.HAL_GPIO_WritePin)
    HAL_GetTick                              0x08002df5   Thumb Code     6  stm32g4xx_hal.o(i.HAL_GetTick)
    HAL_IncTick                              0x08002e01   Thumb Code    16  stm32g4xx_hal.o(i.HAL_IncTick)
    HAL_Init                                 0x08002e19   Thumb Code    30  stm32g4xx_hal.o(i.HAL_Init)
    HAL_InitTick                             0x08002e39   Thumb Code    74  stm32g4xx_hal.o(i.HAL_InitTick)
    HAL_MspInit                              0x08002e91   Thumb Code    62  stm32g4xx_hal_msp.o(i.HAL_MspInit)
    HAL_NVIC_EnableIRQ                       0x08002ed5   Thumb Code    40  stm32g4xx_hal_cortex.o(i.HAL_NVIC_EnableIRQ)
    HAL_NVIC_SetPriority                     0x08002efd   Thumb Code   122  stm32g4xx_hal_cortex.o(i.HAL_NVIC_SetPriority)
    HAL_NVIC_SetPriorityGrouping             0x08002f79   Thumb Code    32  stm32g4xx_hal_cortex.o(i.HAL_NVIC_SetPriorityGrouping)
    HAL_PWREx_ControlVoltageScaling          0x08002fa1   Thumb Code   268  stm32g4xx_hal_pwr_ex.o(i.HAL_PWREx_ControlVoltageScaling)
    HAL_PWREx_DisableUCPDDeadBattery         0x080030b9   Thumb Code    14  stm32g4xx_hal_pwr_ex.o(i.HAL_PWREx_DisableUCPDDeadBattery)
    HAL_RCCEx_PeriphCLKConfig                0x080030cd   Thumb Code   872  stm32g4xx_hal_rcc_ex.o(i.HAL_RCCEx_PeriphCLKConfig)
    HAL_RCC_ClockConfig                      0x0800343d   Thumb Code   522  stm32g4xx_hal_rcc.o(i.HAL_RCC_ClockConfig)
    HAL_RCC_GetHCLKFreq                      0x08003661   Thumb Code     6  stm32g4xx_hal_rcc.o(i.HAL_RCC_GetHCLKFreq)
    HAL_RCC_GetPCLK1Freq                     0x0800366d   Thumb Code    26  stm32g4xx_hal_rcc.o(i.HAL_RCC_GetPCLK1Freq)
    HAL_RCC_GetPCLK2Freq                     0x08003691   Thumb Code    26  stm32g4xx_hal_rcc.o(i.HAL_RCC_GetPCLK2Freq)
    HAL_RCC_GetSysClockFreq                  0x080036b5   Thumb Code   138  stm32g4xx_hal_rcc.o(i.HAL_RCC_GetSysClockFreq)
    HAL_RCC_OscConfig                        0x0800374d   Thumb Code  1370  stm32g4xx_hal_rcc.o(i.HAL_RCC_OscConfig)
    HAL_SYSTICK_Config                       0x08003cb5   Thumb Code    52  stm32g4xx_hal_cortex.o(i.HAL_SYSTICK_Config)
    HAL_TIMEx_ConfigBreakDeadTime            0x08003ce9   Thumb Code   224  stm32g4xx_hal_tim_ex.o(i.HAL_TIMEx_ConfigBreakDeadTime)
    HAL_TIMEx_MasterConfigSynchronization    0x08003dd1   Thumb Code   158  stm32g4xx_hal_tim_ex.o(i.HAL_TIMEx_MasterConfigSynchronization)
    HAL_TIMEx_PWMN_Start                     0x08003e89   Thumb Code   206  stm32g4xx_hal_tim_ex.o(i.HAL_TIMEx_PWMN_Start)
    HAL_TIMEx_PWMN_Stop                      0x08003f71   Thumb Code   136  stm32g4xx_hal_tim_ex.o(i.HAL_TIMEx_PWMN_Stop)
    HAL_TIM_Base_Init                        0x08003ff9   Thumb Code   110  stm32g4xx_hal_tim.o(i.HAL_TIM_Base_Init)
    HAL_TIM_Base_MspInit                     0x08004069   Thumb Code   176  stm32g4xx_hal_msp.o(i.HAL_TIM_Base_MspInit)
    HAL_TIM_Base_Start                       0x08004125   Thumb Code   118  stm32g4xx_hal_tim.o(i.HAL_TIM_Base_Start)
    HAL_TIM_ConfigClockSource                0x080041b5   Thumb Code   296  stm32g4xx_hal_tim.o(i.HAL_TIM_ConfigClockSource)
    HAL_TIM_Encoder_Init                     0x080042e5   Thumb Code   198  stm32g4xx_hal_tim.o(i.HAL_TIM_Encoder_Init)
    HAL_TIM_Encoder_MspInit                  0x080043b1   Thumb Code   162  stm32g4xx_hal_msp.o(i.HAL_TIM_Encoder_MspInit)
    HAL_TIM_Encoder_Start                    0x0800445d   Thumb Code   204  stm32g4xx_hal_tim.o(i.HAL_TIM_Encoder_Start)
    HAL_TIM_MspPostInit                      0x08004529   Thumb Code   136  stm32g4xx_hal_msp.o(i.HAL_TIM_MspPostInit)
    HAL_TIM_PWM_ConfigChannel                0x080045bd   Thumb Code   360  stm32g4xx_hal_tim.o(i.HAL_TIM_PWM_ConfigChannel)
    HAL_TIM_PWM_Init                         0x08004725   Thumb Code   110  stm32g4xx_hal_tim.o(i.HAL_TIM_PWM_Init)
    HAL_TIM_PWM_MspInit                      0x08004793   Thumb Code     2  stm32g4xx_hal_tim.o(i.HAL_TIM_PWM_MspInit)
    HAL_TIM_PWM_Start                        0x08004795   Thumb Code   298  stm32g4xx_hal_tim.o(i.HAL_TIM_PWM_Start)
    HAL_TIM_PWM_Stop                         0x080048e1   Thumb Code   208  stm32g4xx_hal_tim.o(i.HAL_TIM_PWM_Stop)
    HAL_UARTEx_DisableFifoMode               0x080049c5   Thumb Code    78  stm32g4xx_hal_uart_ex.o(i.HAL_UARTEx_DisableFifoMode)
    HAL_UARTEx_RxFifoFullCallback            0x08004a13   Thumb Code     2  stm32g4xx_hal_uart_ex.o(i.HAL_UARTEx_RxFifoFullCallback)
    HAL_UARTEx_SetRxFifoThreshold            0x08004a15   Thumb Code    94  stm32g4xx_hal_uart_ex.o(i.HAL_UARTEx_SetRxFifoThreshold)
    HAL_UARTEx_SetTxFifoThreshold            0x08004a73   Thumb Code    94  stm32g4xx_hal_uart_ex.o(i.HAL_UARTEx_SetTxFifoThreshold)
    HAL_UARTEx_TxFifoEmptyCallback           0x08004ad1   Thumb Code     2  stm32g4xx_hal_uart_ex.o(i.HAL_UARTEx_TxFifoEmptyCallback)
    HAL_UARTEx_WakeupCallback                0x08004ad3   Thumb Code     2  stm32g4xx_hal_uart_ex.o(i.HAL_UARTEx_WakeupCallback)
    HAL_UART_ErrorCallback                   0x08004ad5   Thumb Code     2  stm32g4xx_hal_uart.o(i.HAL_UART_ErrorCallback)
    HAL_UART_IRQHandler                      0x08004ad9   Thumb Code   512  stm32g4xx_hal_uart.o(i.HAL_UART_IRQHandler)
    HAL_UART_Init                            0x08004ce5   Thumb Code   120  stm32g4xx_hal_uart.o(i.HAL_UART_Init)
    HAL_UART_MspInit                         0x08004d5d   Thumb Code   234  stm32g4xx_hal_msp.o(i.HAL_UART_MspInit)
    HAL_UART_Receive_DMA                     0x08004e5d   Thumb Code   188  stm32g4xx_hal_uart.o(i.HAL_UART_Receive_DMA)
    HAL_UART_RxCpltCallback                  0x08004f25   Thumb Code     2  stm32g4xx_hal_uart.o(i.HAL_UART_RxCpltCallback)
    HAL_UART_RxHalfCpltCallback              0x08004f27   Thumb Code     2  stm32g4xx_hal_uart.o(i.HAL_UART_RxHalfCpltCallback)
    HAL_UART_Transmit_DMA                    0x08004f29   Thumb Code   172  stm32g4xx_hal_uart.o(i.HAL_UART_Transmit_DMA)
    HAL_UART_TxCpltCallback                  0x08004fe1   Thumb Code     2  stm32g4xx_hal_uart.o(i.HAL_UART_TxCpltCallback)
    HAL_UART_TxHalfCpltCallback              0x08004fe3   Thumb Code     2  stm32g4xx_hal_uart.o(i.HAL_UART_TxHalfCpltCallback)
    HardFault_Handler                        0x08004fe5   Thumb Code     4  stm32g4xx_it.o(i.HardFault_Handler)
    MemManage_Handler                        0x080057b1   Thumb Code     4  stm32g4xx_it.o(i.MemManage_Handler)
    NMI_Handler                              0x080057b5   Thumb Code     2  stm32g4xx_it.o(i.NMI_Handler)
    PendSV_Handler                           0x080057dd   Thumb Code     2  stm32g4xx_it.o(i.PendSV_Handler)
    SVC_Handler                              0x08005849   Thumb Code     2  stm32g4xx_it.o(i.SVC_Handler)
    SysTick_Handler                          0x080058bd   Thumb Code     8  stm32g4xx_it.o(i.SysTick_Handler)
    SystemClock_Config                       0x080058c5   Thumb Code   140  main.o(i.SystemClock_Config)
    SystemInit                               0x08005951   Thumb Code    24  system_stm32g4xx.o(i.SystemInit)
    TIM_Base_SetConfig                       0x0800596d   Thumb Code   158  stm32g4xx_hal_tim.o(i.TIM_Base_SetConfig)
    TIM_CCxChannelCmd                        0x08005a29   Thumb Code    34  stm32g4xx_hal_tim.o(i.TIM_CCxChannelCmd)
    TIM_ETR_SetConfig                        0x08005a6d   Thumb Code    22  stm32g4xx_hal_tim.o(i.TIM_ETR_SetConfig)
    TIM_OC2_SetConfig                        0x08005b49   Thumb Code   156  stm32g4xx_hal_tim.o(i.TIM_OC2_SetConfig)
    UART_AdvFeatureConfig                    0x08005f05   Thumb Code   248  stm32g4xx_hal_uart.o(i.UART_AdvFeatureConfig)
    UART_CheckIdleState                      0x08005ffd   Thumb Code   116  stm32g4xx_hal_uart.o(i.UART_CheckIdleState)
    UART_SetConfig                           0x080061f1   Thumb Code   874  stm32g4xx_hal_uart.o(i.UART_SetConfig)
    UART_WaitOnFlagUntilTimeout              0x08006585   Thumb Code   190  stm32g4xx_hal_uart.o(i.UART_WaitOnFlagUntilTimeout)
    USART2_IRQHandler                        0x08006645   Thumb Code    84  stm32g4xx_it.o(i.USART2_IRQHandler)
    UsageFault_Handler                       0x08006821   Thumb Code     4  stm32g4xx_it.o(i.UsageFault_Handler)
    __hardfp_fmaxf                           0x0800685d   Thumb Code    72  fmaxf.o(i.__hardfp_fmaxf)
    __hardfp_fminf                           0x080068a5   Thumb Code    72  fminf.o(i.__hardfp_fminf)
    __hardfp_fmodf                           0x080068ed   Thumb Code   176  fmodf.o(i.__hardfp_fmodf)
    __mathlib_flt_invalid                    0x0800699d   Thumb Code    10  funder.o(i.__mathlib_flt_invalid)
    __scatterload_copy                       0x080069ad   Thumb Code    14  handlers.o(i.__scatterload_copy)
    __scatterload_null                       0x080069bb   Thumb Code     2  handlers.o(i.__scatterload_null)
    __scatterload_zeroinit                   0x080069bd   Thumb Code    14  handlers.o(i.__scatterload_zeroinit)
    __set_errno                              0x080069cd   Thumb Code     6  errno.o(i.__set_errno)
    main                                     0x080069d9   Thumb Code   216  main.o(i.main)
    FOC_CURRENT_M                            0x08006acc   Data           4  foc_current.o(.constdata)
    UARTPrescTable                           0x08006ad0   Data          24  stm32g4xx_hal_uart.o(.constdata)
    AHBPrescTable                            0x08006ae8   Data          16  system_stm32g4xx.o(.constdata)
    APBPrescTable                            0x08006af8   Data           8  system_stm32g4xx.o(.constdata)
    sinTable_f32                             0x08006b00   Data        2052  arm_common_tables.o(.rodata.sinTable_f32)
    Region$$Table$$Base                      0x08007304   Number         0  anon$$obj.o(Region$$Table)
    Region$$Table$$Limit                     0x08007324   Number         0  anon$$obj.o(Region$$Table)
    FOC_CURRENT_DW                           0x20000000   Data           8  foc_current.o(.data)
    encoder_angle                            0x2000000c   Data           4  bsp.o(.data)
    uwTick                                   0x20000018   Data           4  stm32g4xx_hal.o(.data)
    uwTickPrio                               0x2000001c   Data           4  stm32g4xx_hal.o(.data)
    uwTickFreq                               0x20000020   Data           4  stm32g4xx_hal.o(.data)
    SystemCoreClock                          0x20000024   Data           4  system_stm32g4xx.o(.data)
    FOC_CURRENT_U                            0x2000002c   Data          24  foc_current.o(.bss)
    FOC_CURRENT_Y                            0x20000044   Data          12  foc_current.o(.bss)
    comm                                     0x20000050   Data          24  bsp.o(.bss)
    mc_info                                  0x20000068   Data          48  bsp.o(.bss)
    hadc1                                    0x200000d4   Data         108  main.o(.bss)
    hadc2                                    0x20000140   Data         108  main.o(.bss)
    hcrc                                     0x200001ac   Data          36  main.o(.bss)
    htim1                                    0x200001d0   Data          76  main.o(.bss)
    htim2                                    0x2000021c   Data          76  main.o(.bss)
    htim4                                    0x20000268   Data          76  main.o(.bss)
    huart2                                   0x200002b4   Data         140  main.o(.bss)
    hdma_usart2_tx                           0x20000340   Data          96  main.o(.bss)
    hdma_usart2_rx                           0x200003a0   Data          96  main.o(.bss)
    aRxBuffer                                0x20000400   Data         100  main.o(.bss)
    __initial_sp                             0x20000868   Data           0  startup_stm32g431xx.o(STACK)



==============================================================================

Memory Map of the image

  Image Entry point : 0x080001d9

  Load Region LR_IROM1 (Base: 0x08000000, Size: 0x00007350, Max: 0x00020000, ABSOLUTE)

    Execution Region ER_IROM1 (Exec base: 0x08000000, Load base: 0x08000000, Size: 0x00007324, Max: 0x00020000, ABSOLUTE)

    Exec Addr    Load Addr    Size         Type   Attr      Idx    E Section Name        Object

    0x08000000   0x08000000   0x000001d8   Data   RO            3    RESET               startup_stm32g431xx.o
    0x080001d8   0x080001d8   0x00000000   Code   RO         5139  * .ARM.Collect$$$$00000000  mc_w.l(entry.o)
    0x080001d8   0x080001d8   0x00000004   Code   RO         5162    .ARM.Collect$$$$00000001  mc_w.l(entry2.o)
    0x080001dc   0x080001dc   0x00000004   Code   RO         5165    .ARM.Collect$$$$00000004  mc_w.l(entry5.o)
    0x080001e0   0x080001e0   0x00000000   Code   RO         5167    .ARM.Collect$$$$00000008  mc_w.l(entry7b.o)
    0x080001e0   0x080001e0   0x00000000   Code   RO         5169    .ARM.Collect$$$$0000000A  mc_w.l(entry8b.o)
    0x080001e0   0x080001e0   0x00000008   Code   RO         5170    .ARM.Collect$$$$0000000B  mc_w.l(entry9a.o)
    0x080001e8   0x080001e8   0x00000000   Code   RO         5172    .ARM.Collect$$$$0000000D  mc_w.l(entry10a.o)
    0x080001e8   0x080001e8   0x00000000   Code   RO         5174    .ARM.Collect$$$$0000000F  mc_w.l(entry11a.o)
    0x080001e8   0x080001e8   0x00000004   Code   RO         5163    .ARM.Collect$$$$00002712  mc_w.l(entry2.o)
    0x080001ec   0x080001ec   0x00000024   Code   RO            4    .text               startup_stm32g431xx.o
    0x08000210   0x08000210   0x00000062   Code   RO         5142    .text               mc_w.l(uldiv.o)
    0x08000272   0x08000272   0x00000024   Code   RO         5144    .text               mc_w.l(memseta.o)
    0x08000296   0x08000296   0x0000001e   Code   RO         5176    .text               mc_w.l(llshl.o)
    0x080002b4   0x080002b4   0x00000020   Code   RO         5178    .text               mc_w.l(llushr.o)
    0x080002d4   0x080002d4   0x00000000   Code   RO         5187    .text               mc_w.l(iusefp.o)
    0x080002d4   0x080002d4   0x00000052   Code   RO         5188    .text               mf_w.l(frem.o)
    0x08000326   0x08000326   0x00000036   Code   RO         5190    .text               mf_w.l(fcmp4.o)
    0x0800035c   0x0800035c   0x00000024   Code   RO         5192    .text               mc_w.l(init.o)
    0x08000380   0x08000380   0x0000006e   Code   RO         5194    .text               mf_w.l(fepilogue.o)
    0x080003ee   0x080003ee   0x00000002   PAD
    0x080003f0   0x080003f0   0x00000098   Code   RO         4963    .text.arm_cos_f32   arm_cortexM4lf_math.lib(arm_cos_f32.o)
    0x08000488   0x08000488   0x00000090   Code   RO         4972    .text.arm_sin_f32   arm_cortexM4lf_math.lib(arm_sin_f32.o)
    0x08000518   0x08000518   0x00000018   Code   RO          474    i.ADC1_2_IRQHandler  stm32g4xx_it.o
    0x08000530   0x08000530   0x00000088   Code   RO          951    i.ADC_Disable       stm32g4xx_hal_adc.o
    0x080005b8   0x080005b8   0x00000078   Code   RO          952    i.ADC_Enable        stm32g4xx_hal_adc.o
    0x08000630   0x08000630   0x00000004   Code   RO          475    i.BusFault_Handler  stm32g4xx_it.o
    0x08000634   0x08000634   0x0000003e   Code   RO         3161    i.CRC_Handle_16     stm32g4xx_hal_crc.o
    0x08000672   0x08000672   0x00000092   Code   RO         3162    i.CRC_Handle_8      stm32g4xx_hal_crc.o
    0x08000704   0x08000704   0x00000010   Code   RO          476    i.DMA1_Channel1_IRQHandler  stm32g4xx_it.o
    0x08000714   0x08000714   0x00000010   Code   RO          477    i.DMA1_Channel2_IRQHandler  stm32g4xx_it.o
    0x08000724   0x08000724   0x00000044   Code   RO         2382    i.DMA_CalcDMAMUXChannelBaseAndMask  stm32g4xx_hal_dma.o
    0x08000768   0x08000768   0x00000024   Code   RO         2383    i.DMA_CalcDMAMUXRequestGenBaseAndMask  stm32g4xx_hal_dma.o
    0x0800078c   0x0800078c   0x00000040   Code   RO         2384    i.DMA_SetConfig     stm32g4xx_hal_dma.o
    0x080007cc   0x080007cc   0x00000002   Code   RO          478    i.DebugMon_Handler  stm32g4xx_it.o
    0x080007ce   0x080007ce   0x0000000c   Code   RO          479    i.EXTI15_10_IRQHandler  stm32g4xx_it.o
    0x080007da   0x080007da   0x00000002   Code   RO          381    i.Error_Handler     main.o
    0x080007dc   0x080007dc   0x00000038   Code   RO           13    i.FOC_CURRENT_clark  foc_current.o
    0x08000814   0x08000814   0x0000001c   Code   RO           14    i.FOC_CURRENT_initialize  foc_current.o
    0x08000830   0x08000830   0x000004b4   Code   RO           15    i.FOC_CURRENT_step  foc_current.o
    0x08000ce4   0x08000ce4   0x000000b0   Code   RO         1225    i.HAL_ADCEx_Calibration_Start  stm32g4xx_hal_adc_ex.o
    0x08000d94   0x08000d94   0x00000002   Code   RO         1229    i.HAL_ADCEx_EndOfSamplingCallback  stm32g4xx_hal_adc_ex.o
    0x08000d96   0x08000d96   0x00000002   PAD
    0x08000d98   0x08000d98   0x0000062c   Code   RO         1231    i.HAL_ADCEx_InjectedConfigChannel  stm32g4xx_hal_adc_ex.o
    0x080013c4   0x080013c4   0x000003cc   Code   RO          104    i.HAL_ADCEx_InjectedConvCpltCallback  bsp.o
    0x08001790   0x08001790   0x0000003e   Code   RO         1233    i.HAL_ADCEx_InjectedGetValue  stm32g4xx_hal_adc_ex.o
    0x080017ce   0x080017ce   0x00000002   Code   RO         1235    i.HAL_ADCEx_InjectedQueueOverflowCallback  stm32g4xx_hal_adc_ex.o
    0x080017d0   0x080017d0   0x00000108   Code   RO         1236    i.HAL_ADCEx_InjectedStart  stm32g4xx_hal_adc_ex.o
    0x080018d8   0x080018d8   0x0000015c   Code   RO         1237    i.HAL_ADCEx_InjectedStart_IT  stm32g4xx_hal_adc_ex.o
    0x08001a34   0x08001a34   0x00000002   Code   RO         1240    i.HAL_ADCEx_LevelOutOfWindow2Callback  stm32g4xx_hal_adc_ex.o
    0x08001a36   0x08001a36   0x00000002   Code   RO         1241    i.HAL_ADCEx_LevelOutOfWindow3Callback  stm32g4xx_hal_adc_ex.o
    0x08001a38   0x08001a38   0x00000108   Code   RO         1242    i.HAL_ADCEx_MultiModeConfigChannel  stm32g4xx_hal_adc_ex.o
    0x08001b40   0x08001b40   0x00000508   Code   RO          954    i.HAL_ADC_ConfigChannel  stm32g4xx_hal_adc.o
    0x08002048   0x08002048   0x00000002   Code   RO          955    i.HAL_ADC_ConvCpltCallback  stm32g4xx_hal_adc.o
    0x0800204a   0x0800204a   0x00000002   Code   RO          958    i.HAL_ADC_ErrorCallback  stm32g4xx_hal_adc.o
    0x0800204c   0x0800204c   0x00000330   Code   RO          962    i.HAL_ADC_IRQHandler  stm32g4xx_hal_adc.o
    0x0800237c   0x0800237c   0x00000264   Code   RO          963    i.HAL_ADC_Init      stm32g4xx_hal_adc.o
    0x080025e0   0x080025e0   0x00000002   Code   RO          964    i.HAL_ADC_LevelOutOfWindowCallback  stm32g4xx_hal_adc.o
    0x080025e2   0x080025e2   0x00000002   PAD
    0x080025e4   0x080025e4   0x00000110   Code   RO          583    i.HAL_ADC_MspInit   stm32g4xx_hal_msp.o
    0x080026f4   0x080026f4   0x00000066   Code   RO         3233    i.HAL_CRCEx_Polynomial_Set  stm32g4xx_hal_crc_ex.o
    0x0800275a   0x0800275a   0x00000070   Code   RO         3164    i.HAL_CRC_Calculate  stm32g4xx_hal_crc.o
    0x080027ca   0x080027ca   0x00000002   PAD
    0x080027cc   0x080027cc   0x00000084   Code   RO         3167    i.HAL_CRC_Init      stm32g4xx_hal_crc.o
    0x08002850   0x08002850   0x00000030   Code   RO          585    i.HAL_CRC_MspInit   stm32g4xx_hal_msp.o
    0x08002880   0x08002880   0x00000094   Code   RO         2386    i.HAL_DMA_Abort_IT  stm32g4xx_hal_dma.o
    0x08002914   0x08002914   0x000000fe   Code   RO         2390    i.HAL_DMA_IRQHandler  stm32g4xx_hal_dma.o
    0x08002a12   0x08002a12   0x00000002   PAD
    0x08002a14   0x08002a14   0x000000d0   Code   RO         2391    i.HAL_DMA_Init      stm32g4xx_hal_dma.o
    0x08002ae4   0x08002ae4   0x000000c2   Code   RO         2395    i.HAL_DMA_Start_IT  stm32g4xx_hal_dma.o
    0x08002ba6   0x08002ba6   0x00000002   PAD
    0x08002ba8   0x08002ba8   0x00000028   Code   RO         1562    i.HAL_Delay         stm32g4xx_hal.o
    0x08002bd0   0x08002bd0   0x00000024   Code   RO          105    i.HAL_GPIO_EXTI_Callback  bsp.o
    0x08002bf4   0x08002bf4   0x0000001c   Code   RO          883    i.HAL_GPIO_EXTI_IRQHandler  stm32g4xx_hal_gpio.o
    0x08002c10   0x08002c10   0x000001d8   Code   RO          884    i.HAL_GPIO_Init     stm32g4xx_hal_gpio.o
    0x08002de8   0x08002de8   0x0000000a   Code   RO          888    i.HAL_GPIO_WritePin  stm32g4xx_hal_gpio.o
    0x08002df2   0x08002df2   0x00000002   PAD
    0x08002df4   0x08002df4   0x0000000c   Code   RO         1566    i.HAL_GetTick       stm32g4xx_hal.o
    0x08002e00   0x08002e00   0x00000018   Code   RO         1569    i.HAL_IncTick       stm32g4xx_hal.o
    0x08002e18   0x08002e18   0x0000001e   Code   RO         1570    i.HAL_Init          stm32g4xx_hal.o
    0x08002e36   0x08002e36   0x00000002   PAD
    0x08002e38   0x08002e38   0x00000058   Code   RO         1571    i.HAL_InitTick      stm32g4xx_hal.o
    0x08002e90   0x08002e90   0x00000044   Code   RO          586    i.HAL_MspInit       stm32g4xx_hal_msp.o
    0x08002ed4   0x08002ed4   0x00000028   Code   RO         2894    i.HAL_NVIC_EnableIRQ  stm32g4xx_hal_cortex.o
    0x08002efc   0x08002efc   0x0000007a   Code   RO         2900    i.HAL_NVIC_SetPriority  stm32g4xx_hal_cortex.o
    0x08002f76   0x08002f76   0x00000002   PAD
    0x08002f78   0x08002f78   0x00000028   Code   RO         2901    i.HAL_NVIC_SetPriorityGrouping  stm32g4xx_hal_cortex.o
    0x08002fa0   0x08002fa0   0x00000118   Code   RO         2650    i.HAL_PWREx_ControlVoltageScaling  stm32g4xx_hal_pwr_ex.o
    0x080030b8   0x080030b8   0x00000014   Code   RO         2662    i.HAL_PWREx_DisableUCPDDeadBattery  stm32g4xx_hal_pwr_ex.o
    0x080030cc   0x080030cc   0x00000370   Code   RO         1920    i.HAL_RCCEx_PeriphCLKConfig  stm32g4xx_hal_rcc_ex.o
    0x0800343c   0x0800343c   0x00000224   Code   RO         1790    i.HAL_RCC_ClockConfig  stm32g4xx_hal_rcc.o
    0x08003660   0x08003660   0x0000000c   Code   RO         1796    i.HAL_RCC_GetHCLKFreq  stm32g4xx_hal_rcc.o
    0x0800366c   0x0800366c   0x00000024   Code   RO         1798    i.HAL_RCC_GetPCLK1Freq  stm32g4xx_hal_rcc.o
    0x08003690   0x08003690   0x00000024   Code   RO         1799    i.HAL_RCC_GetPCLK2Freq  stm32g4xx_hal_rcc.o
    0x080036b4   0x080036b4   0x00000098   Code   RO         1800    i.HAL_RCC_GetSysClockFreq  stm32g4xx_hal_rcc.o
    0x0800374c   0x0800374c   0x00000568   Code   RO         1803    i.HAL_RCC_OscConfig  stm32g4xx_hal_rcc.o
    0x08003cb4   0x08003cb4   0x00000034   Code   RO         2905    i.HAL_SYSTICK_Config  stm32g4xx_hal_cortex.o
    0x08003ce8   0x08003ce8   0x000000e8   Code   RO         3999    i.HAL_TIMEx_ConfigBreakDeadTime  stm32g4xx_hal_tim_ex.o
    0x08003dd0   0x08003dd0   0x000000b8   Code   RO         4036    i.HAL_TIMEx_MasterConfigSynchronization  stm32g4xx_hal_tim_ex.o
    0x08003e88   0x08003e88   0x000000e8   Code   RO         4048    i.HAL_TIMEx_PWMN_Start  stm32g4xx_hal_tim_ex.o
    0x08003f70   0x08003f70   0x00000088   Code   RO         4051    i.HAL_TIMEx_PWMN_Stop  stm32g4xx_hal_tim_ex.o
    0x08003ff8   0x08003ff8   0x0000006e   Code   RO         3269    i.HAL_TIM_Base_Init  stm32g4xx_hal_tim.o
    0x08004066   0x08004066   0x00000002   PAD
    0x08004068   0x08004068   0x000000bc   Code   RO          588    i.HAL_TIM_Base_MspInit  stm32g4xx_hal_msp.o
    0x08004124   0x08004124   0x00000090   Code   RO         3272    i.HAL_TIM_Base_Start  stm32g4xx_hal_tim.o
    0x080041b4   0x080041b4   0x00000130   Code   RO         3278    i.HAL_TIM_ConfigClockSource  stm32g4xx_hal_tim.o
    0x080042e4   0x080042e4   0x000000cc   Code   RO         3290    i.HAL_TIM_Encoder_Init  stm32g4xx_hal_tim.o
    0x080043b0   0x080043b0   0x000000ac   Code   RO          590    i.HAL_TIM_Encoder_MspInit  stm32g4xx_hal_msp.o
    0x0800445c   0x0800445c   0x000000cc   Code   RO         3293    i.HAL_TIM_Encoder_Start  stm32g4xx_hal_tim.o
    0x08004528   0x08004528   0x00000094   Code   RO          591    i.HAL_TIM_MspPostInit  stm32g4xx_hal_msp.o
    0x080045bc   0x080045bc   0x00000168   Code   RO         3341    i.HAL_TIM_PWM_ConfigChannel  stm32g4xx_hal_tim.o
    0x08004724   0x08004724   0x0000006e   Code   RO         3344    i.HAL_TIM_PWM_Init  stm32g4xx_hal_tim.o
    0x08004792   0x08004792   0x00000002   Code   RO         3346    i.HAL_TIM_PWM_MspInit  stm32g4xx_hal_tim.o
    0x08004794   0x08004794   0x0000014c   Code   RO         3349    i.HAL_TIM_PWM_Start  stm32g4xx_hal_tim.o
    0x080048e0   0x080048e0   0x000000e4   Code   RO         3352    i.HAL_TIM_PWM_Stop  stm32g4xx_hal_tim.o
    0x080049c4   0x080049c4   0x0000004e   Code   RO         4830    i.HAL_UARTEx_DisableFifoMode  stm32g4xx_hal_uart_ex.o
    0x08004a12   0x08004a12   0x00000002   Code   RO         4834    i.HAL_UARTEx_RxFifoFullCallback  stm32g4xx_hal_uart_ex.o
    0x08004a14   0x08004a14   0x0000005e   Code   RO         4835    i.HAL_UARTEx_SetRxFifoThreshold  stm32g4xx_hal_uart_ex.o
    0x08004a72   0x08004a72   0x0000005e   Code   RO         4836    i.HAL_UARTEx_SetTxFifoThreshold  stm32g4xx_hal_uart_ex.o
    0x08004ad0   0x08004ad0   0x00000002   Code   RO         4838    i.HAL_UARTEx_TxFifoEmptyCallback  stm32g4xx_hal_uart_ex.o
    0x08004ad2   0x08004ad2   0x00000002   Code   RO         4839    i.HAL_UARTEx_WakeupCallback  stm32g4xx_hal_uart_ex.o
    0x08004ad4   0x08004ad4   0x00000002   Code   RO         4447    i.HAL_UART_ErrorCallback  stm32g4xx_hal_uart.o
    0x08004ad6   0x08004ad6   0x00000002   PAD
    0x08004ad8   0x08004ad8   0x0000020c   Code   RO         4450    i.HAL_UART_IRQHandler  stm32g4xx_hal_uart.o
    0x08004ce4   0x08004ce4   0x00000078   Code   RO         4451    i.HAL_UART_Init     stm32g4xx_hal_uart.o
    0x08004d5c   0x08004d5c   0x00000100   Code   RO          593    i.HAL_UART_MspInit  stm32g4xx_hal_msp.o
    0x08004e5c   0x08004e5c   0x000000c8   Code   RO         4455    i.HAL_UART_Receive_DMA  stm32g4xx_hal_uart.o
    0x08004f24   0x08004f24   0x00000002   Code   RO         4458    i.HAL_UART_RxCpltCallback  stm32g4xx_hal_uart.o
    0x08004f26   0x08004f26   0x00000002   Code   RO         4459    i.HAL_UART_RxHalfCpltCallback  stm32g4xx_hal_uart.o
    0x08004f28   0x08004f28   0x000000b8   Code   RO         4461    i.HAL_UART_Transmit_DMA  stm32g4xx_hal_uart.o
    0x08004fe0   0x08004fe0   0x00000002   Code   RO         4463    i.HAL_UART_TxCpltCallback  stm32g4xx_hal_uart.o
    0x08004fe2   0x08004fe2   0x00000002   Code   RO         4464    i.HAL_UART_TxHalfCpltCallback  stm32g4xx_hal_uart.o
    0x08004fe4   0x08004fe4   0x00000004   Code   RO          480    i.HardFault_Handler  stm32g4xx_it.o
    0x08004fe8   0x08004fe8   0x00000010   Code   RO          977    i.LL_ADC_Enable     stm32g4xx_hal_adc.o
    0x08004ff8   0x08004ff8   0x0000000a   Code   RO          978    i.LL_ADC_GetMultimode  stm32g4xx_hal_adc.o
    0x08005002   0x08005002   0x00000012   Code   RO          979    i.LL_ADC_GetOffsetChannel  stm32g4xx_hal_adc.o
    0x08005014   0x08005014   0x00000012   Code   RO         1250    i.LL_ADC_GetOffsetChannel  stm32g4xx_hal_adc_ex.o
    0x08005026   0x08005026   0x0000000a   Code   RO         1251    i.LL_ADC_INJ_GetTrigAuto  stm32g4xx_hal_adc_ex.o
    0x08005030   0x08005030   0x0000000a   Code   RO          980    i.LL_ADC_INJ_IsConversionOngoing  stm32g4xx_hal_adc.o
    0x0800503a   0x0800503a   0x0000000a   Code   RO         1252    i.LL_ADC_INJ_IsConversionOngoing  stm32g4xx_hal_adc_ex.o
    0x08005044   0x08005044   0x00000014   Code   RO         1253    i.LL_ADC_INJ_StartConversion  stm32g4xx_hal_adc_ex.o
    0x08005058   0x08005058   0x0000000a   Code   RO          981    i.LL_ADC_IsDisableOngoing  stm32g4xx_hal_adc.o
    0x08005062   0x08005062   0x0000000a   Code   RO          982    i.LL_ADC_IsEnabled  stm32g4xx_hal_adc.o
    0x0800506c   0x0800506c   0x0000000a   Code   RO         1254    i.LL_ADC_IsEnabled  stm32g4xx_hal_adc_ex.o
    0x08005076   0x08005076   0x0000000a   Code   RO          983    i.LL_ADC_IsInternalRegulatorEnabled  stm32g4xx_hal_adc.o
    0x08005080   0x08005080   0x0000000a   Code   RO          984    i.LL_ADC_REG_IsConversionOngoing  stm32g4xx_hal_adc.o
    0x0800508a   0x0800508a   0x0000000a   Code   RO         1255    i.LL_ADC_REG_IsConversionOngoing  stm32g4xx_hal_adc_ex.o
    0x08005094   0x08005094   0x00000012   Code   RO          985    i.LL_ADC_REG_IsTriggerSourceSWStart  stm32g4xx_hal_adc.o
    0x080050a6   0x080050a6   0x00000028   Code   RO          988    i.LL_ADC_SetChannelSamplingTime  stm32g4xx_hal_adc.o
    0x080050ce   0x080050ce   0x00000028   Code   RO         1256    i.LL_ADC_SetChannelSamplingTime  stm32g4xx_hal_adc_ex.o
    0x080050f6   0x080050f6   0x0000000c   Code   RO          989    i.LL_ADC_SetCommonPathInternalCh  stm32g4xx_hal_adc.o
    0x08005102   0x08005102   0x0000000c   Code   RO         1257    i.LL_ADC_SetCommonPathInternalCh  stm32g4xx_hal_adc_ex.o
    0x0800510e   0x0800510e   0x00000016   Code   RO          990    i.LL_ADC_SetOffsetState  stm32g4xx_hal_adc.o
    0x08005124   0x08005124   0x00000016   Code   RO         1258    i.LL_ADC_SetOffsetState  stm32g4xx_hal_adc_ex.o
    0x0800513a   0x0800513a   0x0000000c   Code   RO          991    i.LL_ADC_SetSamplingTimeCommonConfig  stm32g4xx_hal_adc.o
    0x08005146   0x08005146   0x0000000c   Code   RO         1259    i.LL_ADC_SetSamplingTimeCommonConfig  stm32g4xx_hal_adc_ex.o
    0x08005152   0x08005152   0x00000002   PAD
    0x08005154   0x08005154   0x00000108   Code   RO          382    i.MX_ADC1_Init      main.o
    0x0800525c   0x0800525c   0x000000d4   Code   RO          383    i.MX_ADC2_Init      main.o
    0x08005330   0x08005330   0x00000020   Code   RO          384    i.MX_CORDIC_Init    main.o
    0x08005350   0x08005350   0x00000048   Code   RO          385    i.MX_CRC_Init       main.o
    0x08005398   0x08005398   0x00000060   Code   RO          386    i.MX_DMA_Init       main.o
    0x080053f8   0x080053f8   0x00000118   Code   RO          387    i.MX_GPIO_Init      main.o
    0x08005510   0x08005510   0x00000144   Code   RO          388    i.MX_TIM1_Init      main.o
    0x08005654   0x08005654   0x00000080   Code   RO          389    i.MX_TIM2_Init      main.o
    0x080056d4   0x080056d4   0x00000070   Code   RO          390    i.MX_TIM4_Init      main.o
    0x08005744   0x08005744   0x0000006c   Code   RO          391    i.MX_USART2_UART_Init  main.o
    0x080057b0   0x080057b0   0x00000004   Code   RO          481    i.MemManage_Handler  stm32g4xx_it.o
    0x080057b4   0x080057b4   0x00000002   Code   RO          482    i.NMI_Handler       stm32g4xx_it.o
    0x080057b6   0x080057b6   0x00000002   PAD
    0x080057b8   0x080057b8   0x00000024   Code   RO          106    i.ParaInit          bsp.o
    0x080057dc   0x080057dc   0x00000002   Code   RO          483    i.PendSV_Handler    stm32g4xx_it.o
    0x080057de   0x080057de   0x00000002   PAD
    0x080057e0   0x080057e0   0x00000068   Code   RO         1804    i.RCC_GetSysClockFreqFromPLLSource  stm32g4xx_hal_rcc.o
    0x08005848   0x08005848   0x00000002   Code   RO          484    i.SVC_Handler       stm32g4xx_it.o
    0x0800584a   0x0800584a   0x00000002   PAD
    0x0800584c   0x0800584c   0x00000038   Code   RO          107    i.StartPWM          bsp.o
    0x08005884   0x08005884   0x00000038   Code   RO          108    i.StopPWM           bsp.o
    0x080058bc   0x080058bc   0x00000008   Code   RO          485    i.SysTick_Handler   stm32g4xx_it.o
    0x080058c4   0x080058c4   0x0000008c   Code   RO          392    i.SystemClock_Config  main.o
    0x08005950   0x08005950   0x0000001c   Code   RO         4929    i.SystemInit        system_stm32g4xx.o
    0x0800596c   0x0800596c   0x000000bc   Code   RO         3362    i.TIM_Base_SetConfig  stm32g4xx_hal_tim.o
    0x08005a28   0x08005a28   0x00000022   Code   RO         3363    i.TIM_CCxChannelCmd  stm32g4xx_hal_tim.o
    0x08005a4a   0x08005a4a   0x00000022   Code   RO         4060    i.TIM_CCxNChannelCmd  stm32g4xx_hal_tim_ex.o
    0x08005a6c   0x08005a6c   0x00000016   Code   RO         3373    i.TIM_ETR_SetConfig  stm32g4xx_hal_tim.o
    0x08005a82   0x08005a82   0x00000002   PAD
    0x08005a84   0x08005a84   0x00000018   Code   RO         3374    i.TIM_ITRx_SetConfig  stm32g4xx_hal_tim.o
    0x08005a9c   0x08005a9c   0x000000ac   Code   RO         3375    i.TIM_OC1_SetConfig  stm32g4xx_hal_tim.o
    0x08005b48   0x08005b48   0x000000b4   Code   RO         3376    i.TIM_OC2_SetConfig  stm32g4xx_hal_tim.o
    0x08005bfc   0x08005bfc   0x000000b4   Code   RO         3377    i.TIM_OC3_SetConfig  stm32g4xx_hal_tim.o
    0x08005cb0   0x08005cb0   0x000000b4   Code   RO         3378    i.TIM_OC4_SetConfig  stm32g4xx_hal_tim.o
    0x08005d64   0x08005d64   0x00000070   Code   RO         3379    i.TIM_OC5_SetConfig  stm32g4xx_hal_tim.o
    0x08005dd4   0x08005dd4   0x00000070   Code   RO         3380    i.TIM_OC6_SetConfig  stm32g4xx_hal_tim.o
    0x08005e44   0x08005e44   0x00000026   Code   RO         3382    i.TIM_TI1_ConfigInputStage  stm32g4xx_hal_tim.o
    0x08005e6a   0x08005e6a   0x00000028   Code   RO         3384    i.TIM_TI2_ConfigInputStage  stm32g4xx_hal_tim.o
    0x08005e92   0x08005e92   0x00000002   PAD
    0x08005e94   0x08005e94   0x00000070   Code   RO         4840    i.UARTEx_SetNbDataToProcess  stm32g4xx_hal_uart_ex.o
    0x08005f04   0x08005f04   0x000000f8   Code   RO         4465    i.UART_AdvFeatureConfig  stm32g4xx_hal_uart.o
    0x08005ffc   0x08005ffc   0x00000074   Code   RO         4466    i.UART_CheckIdleState  stm32g4xx_hal_uart.o
    0x08006070   0x08006070   0x00000018   Code   RO         4467    i.UART_DMAAbortOnError  stm32g4xx_hal_uart.o
    0x08006088   0x08006088   0x0000005e   Code   RO         4468    i.UART_DMAError     stm32g4xx_hal_uart.o
    0x080060e6   0x080060e6   0x00000048   Code   RO         4469    i.UART_DMAReceiveCplt  stm32g4xx_hal_uart.o
    0x0800612e   0x0800612e   0x0000000e   Code   RO         4471    i.UART_DMARxHalfCplt  stm32g4xx_hal_uart.o
    0x0800613c   0x0800613c   0x00000038   Code   RO         4473    i.UART_DMATransmitCplt  stm32g4xx_hal_uart.o
    0x08006174   0x08006174   0x0000000e   Code   RO         4475    i.UART_DMATxHalfCplt  stm32g4xx_hal_uart.o
    0x08006182   0x08006182   0x00000002   PAD
    0x08006184   0x08006184   0x00000028   Code   RO         4477    i.UART_EndRxTransfer  stm32g4xx_hal_uart.o
    0x080061ac   0x080061ac   0x00000022   Code   RO         4478    i.UART_EndTransmit_IT  stm32g4xx_hal_uart.o
    0x080061ce   0x080061ce   0x00000020   Code   RO         4479    i.UART_EndTxTransfer  stm32g4xx_hal_uart.o
    0x080061ee   0x080061ee   0x00000002   PAD
    0x080061f0   0x080061f0   0x00000394   Code   RO         4484    i.UART_SetConfig    stm32g4xx_hal_uart.o
    0x08006584   0x08006584   0x000000be   Code   RO         4489    i.UART_WaitOnFlagUntilTimeout  stm32g4xx_hal_uart.o
    0x08006642   0x08006642   0x00000002   PAD
    0x08006644   0x08006644   0x00000064   Code   RO          486    i.USART2_IRQHandler  stm32g4xx_it.o
    0x080066a8   0x080066a8   0x00000178   Code   RO          109    i.UploadData        bsp.o
    0x08006820   0x08006820   0x00000004   Code   RO          487    i.UsageFault_Handler  stm32g4xx_it.o
    0x08006824   0x08006824   0x00000010   Code   RO         2907    i.__NVIC_GetPriorityGrouping  stm32g4xx_hal_cortex.o
    0x08006834   0x08006834   0x00000028   Code   RO         2908    i.__NVIC_SetPriority  stm32g4xx_hal_cortex.o
    0x0800685c   0x0800685c   0x00000048   Code   RO         5131    i.__hardfp_fmaxf    m_wm.l(fmaxf.o)
    0x080068a4   0x080068a4   0x00000048   Code   RO         5135    i.__hardfp_fminf    m_wm.l(fminf.o)
    0x080068ec   0x080068ec   0x000000b0   Code   RO         5119    i.__hardfp_fmodf    m_wm.l(fmodf.o)
    0x0800699c   0x0800699c   0x00000010   Code   RO         5151    i.__mathlib_flt_invalid  m_wm.l(funder.o)
    0x080069ac   0x080069ac   0x0000000e   Code   RO         5198    i.__scatterload_copy  mc_w.l(handlers.o)
    0x080069ba   0x080069ba   0x00000002   Code   RO         5199    i.__scatterload_null  mc_w.l(handlers.o)
    0x080069bc   0x080069bc   0x0000000e   Code   RO         5200    i.__scatterload_zeroinit  mc_w.l(handlers.o)
    0x080069ca   0x080069ca   0x00000002   PAD
    0x080069cc   0x080069cc   0x0000000c   Code   RO         5182    i.__set_errno       mc_w.l(errno.o)
    0x080069d8   0x080069d8   0x000000f4   Code   RO          393    i.main              main.o
    0x08006acc   0x08006acc   0x00000004   Data   RO           18    .constdata          foc_current.o
    0x08006ad0   0x08006ad0   0x00000018   Data   RO         4490    .constdata          stm32g4xx_hal_uart.o
    0x08006ae8   0x08006ae8   0x00000018   Data   RO         4930    .constdata          system_stm32g4xx.o
    0x08006b00   0x08006b00   0x00000804   Data   RO         5112    .rodata.sinTable_f32  arm_cortexM4lf_math.lib(arm_common_tables.o)
    0x08007304   0x08007304   0x00000020   Data   RO         5196    Region$$Table       anon$$obj.o


    Execution Region RW_IRAM1 (Exec base: 0x20000000, Load base: 0x08007324, Size: 0x00000868, Max: 0x00008000, ABSOLUTE)

    Exec Addr    Load Addr    Size         Type   Attr      Idx    E Section Name        Object

    0x20000000   0x08007324   0x0000000c   Data   RW           19    .data               foc_current.o
    0x2000000c   0x08007330   0x00000006   Data   RW          112    .data               bsp.o
    0x20000012   0x08007336   0x00000002   PAD
    0x20000014   0x08007338   0x00000004   Data   RW          595    .data               stm32g4xx_hal_msp.o
    0x20000018   0x0800733c   0x0000000c   Data   RW         1590    .data               stm32g4xx_hal.o
    0x20000024   0x08007348   0x00000004   Data   RW         4931    .data               system_stm32g4xx.o
    0x20000028   0x0800734c   0x00000004   Data   RW         5183    .data               mc_w.l(errno.o)
    0x2000002c        -       0x00000024   Zero   RW           17    .bss                foc_current.o
    0x20000050        -       0x00000084   Zero   RW          110    .bss                bsp.o
    0x200000d4        -       0x00000390   Zero   RW          394    .bss                main.o
    0x20000464   0x08007350   0x00000004   PAD
    0x20000468        -       0x00000400   Zero   RW            1    STACK               startup_stm32g431xx.o


==============================================================================

Image component sizes


      Code (inc. data)   RO Data    RW Data    ZI Data      Debug   Object Name

      1532        124          0          6        132     686575   bsp.o
      1288         70          4         12         36      10087   foc_current.o
      2014        126          0          0        912      14740   main.o
        36          8        472          0       1024        864   startup_stm32g431xx.o
       194         32          0         12          0       4489   stm32g4xx_hal.o
      3176        102          0          0          0      83237   stm32g4xx_hal_adc.o
      2866        104          0          0          0      82487   stm32g4xx_hal_adc_ex.o
       310         22          0          0          0      34511   stm32g4xx_hal_cortex.o
       452          4          0          0          0       3611   stm32g4xx_hal_crc.o
       102          0          0          0          0       1259   stm32g4xx_hal_crc_ex.o
       972         22          0          0          0       5822   stm32g4xx_hal_dma.o
       510         38          0          0          0       2991   stm32g4xx_hal_gpio.o
      1152         86          0          4          0       6012   stm32g4xx_hal_msp.o
       300         18          0          0          0       1457   stm32g4xx_hal_pwr_ex.o
      2272        108          0          0          0       7148   stm32g4xx_hal_rcc.o
       880          8          0          0          0       1920   stm32g4xx_hal_rcc_ex.o
      3280        288          0          0          0      18125   stm32g4xx_hal_tim.o
       818         60          0          0          0       4709   stm32g4xx_hal_tim_ex.o
      2888        102         24          0          0      35640   stm32g4xx_hal_uart.o
       384         18          0          0          0       5602   stm32g4xx_hal_uart_ex.o
       200         36          0          0          0       7187   stm32g4xx_it.o
        28          4         24          4          0       1227   system_stm32g4xx.o

    ----------------------------------------------------------------------
     25692       1380        556         40       2108    1019700   Object Totals
         0          0         32          0          0          0   (incl. Generated)
        38          0          0          2          4          0   (incl. Padding)

    ----------------------------------------------------------------------

      Code (inc. data)   RO Data    RW Data    ZI Data      Debug   Library Member Name

         0          0       2052          0          0       6294   arm_common_tables.o
       152         12          0          0          0       1104   arm_cos_f32.o
       144         12          0          0          0       1092   arm_sin_f32.o
        72          0          0          0          0        148   fmaxf.o
        72          0          0          0          0        148   fminf.o
       176          0          0          0          0        168   fmodf.o
        16          6          0          0          0        116   funder.o
         0          0          0          0          0          0   entry.o
         0          0          0          0          0          0   entry10a.o
         0          0          0          0          0          0   entry11a.o
         8          4          0          0          0          0   entry2.o
         4          0          0          0          0          0   entry5.o
         0          0          0          0          0          0   entry7b.o
         0          0          0          0          0          0   entry8b.o
         8          4          0          0          0          0   entry9a.o
        12          6          0          4          0         68   errno.o
        30          0          0          0          0          0   handlers.o
        36          8          0          0          0         68   init.o
         0          0          0          0          0          0   iusefp.o
        30          0          0          0          0         68   llshl.o
        32          0          0          0          0         68   llushr.o
        36          0          0          0          0        108   memseta.o
        98          0          0          0          0         92   uldiv.o
        54          0          0          0          0         68   fcmp4.o
       110          0          0          0          0        168   fepilogue.o
        82          0          0          0          0         96   frem.o

    ----------------------------------------------------------------------
      1176         52       2052          4          0       9874   Library Totals
         4          0          0          0          0          0   (incl. Padding)

    ----------------------------------------------------------------------

      Code (inc. data)   RO Data    RW Data    ZI Data      Debug   Library Name

       296         24       2052          0          0       8490   arm_cortexM4lf_math.lib
       336          6          0          0          0        580   m_wm.l
       294         22          0          4          0        472   mc_w.l
       246          0          0          0          0        332   mf_w.l

    ----------------------------------------------------------------------
      1176         52       2052          4          0       9874   Library Totals

    ----------------------------------------------------------------------

==============================================================================


      Code (inc. data)   RO Data    RW Data    ZI Data      Debug   

     26868       1432       2608         44       2108    1012102   Grand Totals
     26868       1432       2608         44       2108    1012102   ELF Image Totals
     26868       1432       2608         44          0          0   ROM Totals

==============================================================================

    Total RO  Size (Code + RO Data)                29476 (  28.79kB)
    Total RW  Size (RW Data + ZI Data)              2152 (   2.10kB)
    Total ROM Size (Code + RO Data + RW Data)      29520 (  28.83kB)

==============================================================================

